># This file is intentionally invalid.
#^^^^^^^^^^^^^^^^^^^^^^^^^^^^^^^^^^^^^ source.doctrine comment.line.number-sign.doctrine
># One `match` arm becomes active without ever naming a current subject.
#^^^^^^^^^^^^^^^^^^^^^^^^^^^^^^^^^^^^^^^^^^^^^^^^^^^^^^^^^^^^^^^^^^^^^^^ source.doctrine comment.line.number-sign.doctrine
>
># The declarations below are just enough setup to isolate the one broken rule this file is testing.
#^^^^^^^^^^^^^^^^^^^^^^^^^^^^^^^^^^^^^^^^^^^^^^^^^^^^^^^^^^^^^^^^^^^^^^^^^^^^^^^^^^^^^^^^^^^^^^^^^^^ source.doctrine comment.line.number-sign.doctrine
>enum EditMode: "Edit Mode"
#^^^^ source.doctrine keyword.declaration.doctrine
#    ^ source.doctrine
#     ^^^^^^^^ source.doctrine entity.name.type.doctrine
#             ^ source.doctrine punctuation.separator.key-value.doctrine
#              ^ source.doctrine
#               ^ source.doctrine punctuation.definition.string.begin.doctrine
#                ^^^^^^^^^ source.doctrine string.quoted.double.doctrine
#                         ^ source.doctrine punctuation.definition.string.end.doctrine
>    manifest_title: "manifest-title"
#^^^^ source.doctrine
#    ^^^^^^^^^^^^^^ source.doctrine entity.name.section.doctrine
#                  ^ source.doctrine punctuation.separator.key-value.doctrine
#                   ^ source.doctrine
#                    ^^^^^^^^^^^^^^^^ source.doctrine string.quoted.double.doctrine
>    section_summary: "section-summary"
#^^^^ source.doctrine
#    ^^^^^^^^^^^^^^^ source.doctrine entity.name.section.doctrine
#                   ^ source.doctrine punctuation.separator.key-value.doctrine
#                    ^ source.doctrine
#                     ^^^^^^^^^^^^^^^^^ source.doctrine string.quoted.double.doctrine
>
>
># The declarations below are just enough setup to isolate the one broken rule this file is testing.
#^^^^^^^^^^^^^^^^^^^^^^^^^^^^^^^^^^^^^^^^^^^^^^^^^^^^^^^^^^^^^^^^^^^^^^^^^^^^^^^^^^^^^^^^^^^^^^^^^^^ source.doctrine comment.line.number-sign.doctrine
>input CurrentHandoff: "Current Handoff"
#^^^^^ source.doctrine keyword.declaration.doctrine
#     ^ source.doctrine
#      ^^^^^^^^^^^^^^ source.doctrine entity.name.type.doctrine
#                    ^ source.doctrine punctuation.separator.key-value.doctrine
#                     ^ source.doctrine
#                      ^ source.doctrine punctuation.definition.string.begin.doctrine
#                       ^^^^^^^^^^^^^^^ source.doctrine string.quoted.double.doctrine
#                                      ^ source.doctrine punctuation.definition.string.end.doctrine
>    source: Prompt
#^^^^ source.doctrine
#    ^^^^^^ source.doctrine entity.name.section.doctrine
#          ^ source.doctrine punctuation.separator.key-value.doctrine
#           ^ source.doctrine
#            ^^^^^^ source.doctrine entity.name.type.reference.key-value.doctrine entity.name.type.doctrine support.type.reference.doctrine
>    shape: JsonObject
#^^^^ source.doctrine
#    ^^^^^ source.doctrine entity.name.section.doctrine
#         ^ source.doctrine punctuation.separator.key-value.doctrine
#          ^ source.doctrine
#           ^^^^^^^^^^ source.doctrine entity.name.type.reference.key-value.doctrine entity.name.type.doctrine support.type.reference.doctrine
>    requirement: Required
#^^^^ source.doctrine
#    ^^^^^^^^^^^ source.doctrine entity.name.section.doctrine
#               ^ source.doctrine punctuation.separator.key-value.doctrine
#                ^ source.doctrine
#                 ^^^^^^^^ source.doctrine entity.name.type.reference.key-value.doctrine entity.name.type.doctrine support.type.reference.doctrine
>
>
># The declarations below are just enough setup to isolate the one broken rule this file is testing.
#^^^^^^^^^^^^^^^^^^^^^^^^^^^^^^^^^^^^^^^^^^^^^^^^^^^^^^^^^^^^^^^^^^^^^^^^^^^^^^^^^^^^^^^^^^^^^^^^^^^ source.doctrine comment.line.number-sign.doctrine
>input ApprovedStructure: "Approved Structure"
#^^^^^ source.doctrine keyword.declaration.doctrine
#     ^ source.doctrine
#      ^^^^^^^^^^^^^^^^^ source.doctrine entity.name.type.doctrine
#                       ^ source.doctrine punctuation.separator.key-value.doctrine
#                        ^ source.doctrine
#                         ^ source.doctrine punctuation.definition.string.begin.doctrine
#                          ^^^^^^^^^^^^^^^^^^ source.doctrine string.quoted.double.doctrine
#                                            ^ source.doctrine punctuation.definition.string.end.doctrine
>    source: File
#^^^^ source.doctrine
#    ^^^^^^ source.doctrine entity.name.section.doctrine
#          ^ source.doctrine punctuation.separator.key-value.doctrine
#           ^ source.doctrine
#            ^^^^ source.doctrine entity.name.type.reference.key-value.doctrine entity.name.type.doctrine support.type.reference.doctrine
>        path: "unit_root/_authoring/APPROVED_STRUCTURE.md"
#^^^^^^^^ source.doctrine
#        ^^^^ source.doctrine entity.name.section.doctrine
#            ^ source.doctrine punctuation.separator.key-value.doctrine
#             ^ source.doctrine
#              ^^^^^^^^^^^^^^^^^^^^^^^^^^^^^^^^^^^^^^^^^^^^ source.doctrine string.quoted.double.doctrine
>    shape: MarkdownDocument
#^^^^ source.doctrine
#    ^^^^^ source.doctrine entity.name.section.doctrine
#         ^ source.doctrine punctuation.separator.key-value.doctrine
#          ^ source.doctrine
#           ^^^^^^^^^^^^^^^^ source.doctrine entity.name.type.reference.key-value.doctrine entity.name.type.doctrine support.type.reference.doctrine
>    requirement: Required
#^^^^ source.doctrine
#    ^^^^^^^^^^^ source.doctrine entity.name.section.doctrine
#               ^ source.doctrine punctuation.separator.key-value.doctrine
#                ^ source.doctrine
#                 ^^^^^^^^ source.doctrine entity.name.type.reference.key-value.doctrine entity.name.type.doctrine support.type.reference.doctrine
>
>
># The declarations below are just enough setup to isolate the one broken rule this file is testing.
#^^^^^^^^^^^^^^^^^^^^^^^^^^^^^^^^^^^^^^^^^^^^^^^^^^^^^^^^^^^^^^^^^^^^^^^^^^^^^^^^^^^^^^^^^^^^^^^^^^^ source.doctrine comment.line.number-sign.doctrine
>input ApprovedPlan: "Approved Plan"
#^^^^^ source.doctrine keyword.declaration.doctrine
#     ^ source.doctrine
#      ^^^^^^^^^^^^ source.doctrine entity.name.type.doctrine
#                  ^ source.doctrine punctuation.separator.key-value.doctrine
#                   ^ source.doctrine
#                    ^ source.doctrine punctuation.definition.string.begin.doctrine
#                     ^^^^^^^^^^^^^ source.doctrine string.quoted.double.doctrine
#                                  ^ source.doctrine punctuation.definition.string.end.doctrine
>    source: File
#^^^^ source.doctrine
#    ^^^^^^ source.doctrine entity.name.section.doctrine
#          ^ source.doctrine punctuation.separator.key-value.doctrine
#           ^ source.doctrine
#            ^^^^ source.doctrine entity.name.type.reference.key-value.doctrine entity.name.type.doctrine support.type.reference.doctrine
>        path: "unit_root/_authoring/APPROVED_PLAN.md"
#^^^^^^^^ source.doctrine
#        ^^^^ source.doctrine entity.name.section.doctrine
#            ^ source.doctrine punctuation.separator.key-value.doctrine
#             ^ source.doctrine
#              ^^^^^^^^^^^^^^^^^^^^^^^^^^^^^^^^^^^^^^^ source.doctrine string.quoted.double.doctrine
>    shape: MarkdownDocument
#^^^^ source.doctrine
#    ^^^^^ source.doctrine entity.name.section.doctrine
#         ^ source.doctrine punctuation.separator.key-value.doctrine
#          ^ source.doctrine
#           ^^^^^^^^^^^^^^^^ source.doctrine entity.name.type.reference.key-value.doctrine entity.name.type.doctrine support.type.reference.doctrine
>    requirement: Required
#^^^^ source.doctrine
#    ^^^^^^^^^^^ source.doctrine entity.name.section.doctrine
#               ^ source.doctrine punctuation.separator.key-value.doctrine
#                ^ source.doctrine
#                 ^^^^^^^^ source.doctrine entity.name.type.reference.key-value.doctrine entity.name.type.doctrine support.type.reference.doctrine
>
>
># The declarations below are just enough setup to isolate the one broken rule this file is testing.
#^^^^^^^^^^^^^^^^^^^^^^^^^^^^^^^^^^^^^^^^^^^^^^^^^^^^^^^^^^^^^^^^^^^^^^^^^^^^^^^^^^^^^^^^^^^^^^^^^^^ source.doctrine comment.line.number-sign.doctrine
>output CoordinationHandoff: "Coordination Handoff"
#^^^^^^ source.doctrine keyword.declaration.doctrine
#      ^ source.doctrine
#       ^^^^^^^^^^^^^^^^^^^ source.doctrine entity.name.type.doctrine
#                          ^ source.doctrine punctuation.separator.key-value.doctrine
#                           ^ source.doctrine
#                            ^ source.doctrine punctuation.definition.string.begin.doctrine
#                             ^^^^^^^^^^^^^^^^^^^^ source.doctrine string.quoted.double.doctrine
#                                                 ^ source.doctrine punctuation.definition.string.end.doctrine
>    target: TurnResponse
#^^^^ source.doctrine
#    ^^^^^^ source.doctrine entity.name.section.doctrine
#          ^ source.doctrine punctuation.separator.key-value.doctrine
#           ^ source.doctrine
#            ^^^^^^^^^^^^ source.doctrine entity.name.type.reference.key-value.doctrine entity.name.type.doctrine support.type.reference.doctrine
>    shape: Comment
#^^^^ source.doctrine
#    ^^^^^ source.doctrine entity.name.section.doctrine
#         ^ source.doctrine punctuation.separator.key-value.doctrine
#          ^ source.doctrine
#           ^^^^^^^ source.doctrine entity.name.type.reference.key-value.doctrine entity.name.type.doctrine support.type.reference.doctrine
>    requirement: Required
#^^^^ source.doctrine
#    ^^^^^^^^^^^ source.doctrine entity.name.section.doctrine
#               ^ source.doctrine punctuation.separator.key-value.doctrine
#                ^ source.doctrine
#                 ^^^^^^^^ source.doctrine entity.name.type.reference.key-value.doctrine entity.name.type.doctrine support.type.reference.doctrine
>
>    # This field carries the name of whatever artifact is current right now.
#^^^^^^^^^^^^^^^^^^^^^^^^^^^^^^^^^^^^^^^^^^^^^^^^^^^^^^^^^^^^^^^^^^^^^^^^^^^^ source.doctrine comment.line.number-sign.doctrine
>    current_artifact: "Current Artifact"
#^^^^ source.doctrine
#    ^^^^^^^^^^^^^^^^ source.doctrine entity.name.section.doctrine
#                    ^ source.doctrine punctuation.separator.key-value.doctrine
#                     ^ source.doctrine
#                      ^^^^^^^^^^^^^^^^^^ source.doctrine string.quoted.double.doctrine
>        "Name the one artifact that is current now."
#^^^^^^^^ source.doctrine
#        ^ source.doctrine punctuation.definition.string.begin.doctrine
#         ^^^^^^^^^^^^^^^^^^^^^^^^^^^^^^^^^^^^^^^^^^ source.doctrine string.quoted.double.doctrine
#                                                   ^ source.doctrine punctuation.definition.string.end.doctrine
>
>    # Only the fields listed here are trustworthy readback for the next owner.
#^^^^^^^^^^^^^^^^^^^^^^^^^^^^^^^^^^^^^^^^^^^^^^^^^^^^^^^^^^^^^^^^^^^^^^^^^^^^^^ source.doctrine comment.line.number-sign.doctrine
>    trust_surface:
#^^^^ source.doctrine
#    ^^^^^^^^^^^^^ source.doctrine keyword.other.field.doctrine
#                 ^ source.doctrine punctuation.separator.key-value.doctrine
>        current_artifact
#^^^^^^^^ source.doctrine
#        ^^^^^^^^^^^^^^^^ source.doctrine entity.name.type.reference.standalone.doctrine entity.name.type.doctrine support.type.reference.doctrine
>
>
># The declarations below are just enough setup to isolate the one broken rule this file is testing.
#^^^^^^^^^^^^^^^^^^^^^^^^^^^^^^^^^^^^^^^^^^^^^^^^^^^^^^^^^^^^^^^^^^^^^^^^^^^^^^^^^^^^^^^^^^^^^^^^^^^ source.doctrine comment.line.number-sign.doctrine
>workflow InvalidModeAwareEdit: "Mode-Aware Edit"
#^^^^^^^^ source.doctrine keyword.declaration.doctrine
#        ^ source.doctrine
#         ^^^^^^^^^^^^^^^^^^^^ source.doctrine entity.name.type.doctrine
#                             ^ source.doctrine punctuation.separator.key-value.doctrine
#                              ^ source.doctrine
#                               ^ source.doctrine punctuation.definition.string.begin.doctrine
#                                ^^^^^^^^^^^^^^^ source.doctrine string.quoted.double.doctrine
#                                               ^ source.doctrine punctuation.definition.string.end.doctrine
>    # This block holds the machine-checked rules for the turn.
#^^^^^^^^^^^^^^^^^^^^^^^^^^^^^^^^^^^^^^^^^^^^^^^^^^^^^^^^^^^^^^ source.doctrine comment.line.number-sign.doctrine
>    law:
#^^^^ source.doctrine
#    ^^^ source.doctrine keyword.other.field.doctrine
#       ^ source.doctrine punctuation.separator.key-value.doctrine
>        # This line binds one typed mode value that later rules can branch on.
#^^^^^^^^^^^^^^^^^^^^^^^^^^^^^^^^^^^^^^^^^^^^^^^^^^^^^^^^^^^^^^^^^^^^^^^^^^^^^^ source.doctrine comment.line.number-sign.doctrine
>        mode edit_mode = CurrentHandoff.active_mode as EditMode
#^^^^^^^^ source.doctrine
#        ^^^^ source.doctrine keyword.control.doctrine
#            ^^^^^^^^^^^^^^^^^^^^^^^^^^^^^^^^^^^^^^^^ source.doctrine
#                                                    ^^ source.doctrine keyword.control.doctrine
#                                                      ^^^^^^^^^^ source.doctrine
>
>        # This block splits the law by the chosen mode. Only one arm is active at a time.
#^^^^^^^^^^^^^^^^^^^^^^^^^^^^^^^^^^^^^^^^^^^^^^^^^^^^^^^^^^^^^^^^^^^^^^^^^^^^^^^^^^^^^^^^^ source.doctrine comment.line.number-sign.doctrine
>        match edit_mode:
#^^^^^^^^ source.doctrine
#        ^^^^^ source.doctrine keyword.control.doctrine
#             ^^^^^^^^^^^^ source.doctrine
>            EditMode.manifest_title:
#^^^^^^^^^^^^^^^^^^^^^^^^^^^^^^^^^^^^^ source.doctrine
>                # This line says what artifact is current now and which output field must carry that fact forward.
#^^^^^^^^^^^^^^^^^^^^^^^^^^^^^^^^^^^^^^^^^^^^^^^^^^^^^^^^^^^^^^^^^^^^^^^^^^^^^^^^^^^^^^^^^^^^^^^^^^^^^^^^^^^^^^^^^^ source.doctrine comment.line.number-sign.doctrine
>                current artifact ApprovedPlan via CoordinationHandoff.current_artifact
#^^^^^^^^^^^^^^^^ source.doctrine
#                ^^^^^^^ source.doctrine keyword.control.doctrine
#                       ^ source.doctrine
#                        ^^^^^^^^ source.doctrine keyword.control.doctrine
#                                ^^^^^^^^^^^^^^ source.doctrine
#                                              ^^^ source.doctrine keyword.control.doctrine
#                                                 ^^^^^^^^^^^^^^^^^^^^^^^^^^^^^^^^^^^^^^ source.doctrine
>
>            EditMode.section_summary:
#^^^^^^^^^^^^^^^^^^^^^^^^^^^^^^^^^^^^^^ source.doctrine
>                # This line states an invariant that has to hold in the active branch.
#^^^^^^^^^^^^^^^^^^^^^^^^^^^^^^^^^^^^^^^^^^^^^^^^^^^^^^^^^^^^^^^^^^^^^^^^^^^^^^^^^^^^^^ source.doctrine comment.line.number-sign.doctrine
>                # This arm checks a condition but never says what is current in the `section_summary` branch.
#^^^^^^^^^^^^^^^^^^^^^^^^^^^^^^^^^^^^^^^^^^^^^^^^^^^^^^^^^^^^^^^^^^^^^^^^^^^^^^^^^^^^^^^^^^^^^^^^^^^^^^^^^^^^^ source.doctrine comment.line.number-sign.doctrine
>                must CurrentHandoff.preserve_basis == ApprovedStructure
#^^^^^^^^^^^^^^^^ source.doctrine
#                ^^^^ source.doctrine keyword.control.doctrine
#                    ^^^^^^^^^^^^^^^^^^^^^^^^^^^^^^^^^^^^^^^^^^^^^^^^^^^^ source.doctrine
>
>
># The declarations below are just enough setup to isolate the one broken rule this file is testing.
#^^^^^^^^^^^^^^^^^^^^^^^^^^^^^^^^^^^^^^^^^^^^^^^^^^^^^^^^^^^^^^^^^^^^^^^^^^^^^^^^^^^^^^^^^^^^^^^^^^^ source.doctrine comment.line.number-sign.doctrine
>agent InvalidActiveBranchWithoutCurrentAfterMatch:
#^^^^^ source.doctrine keyword.declaration.doctrine
#     ^ source.doctrine
#      ^^^^^^^^^^^^^^^^^^^^^^^^^^^^^^^^^^^^^^^^^^^ source.doctrine entity.name.type.doctrine
#                                                 ^ source.doctrine punctuation.separator.key-value.doctrine
>    role: "Trigger a match arm with no current subject."
#^^^^ source.doctrine
#    ^^^^ source.doctrine keyword.other.field.doctrine
#        ^ source.doctrine punctuation.separator.key-value.doctrine
#         ^ source.doctrine
#          ^ source.doctrine punctuation.definition.string.begin.doctrine
#           ^^^^^^^^^^^^^^^^^^^^^^^^^^^^^^^^^^^^^^^^^^^^ source.doctrine string.quoted.double.doctrine
#                                                       ^ source.doctrine punctuation.definition.string.end.doctrine
>    workflow: InvalidModeAwareEdit
#^^^^ source.doctrine
#    ^^^^^^^^ source.doctrine entity.name.section.doctrine
#            ^ source.doctrine punctuation.separator.key-value.doctrine
#             ^ source.doctrine
#              ^^^^^^^^^^^^^^^^^^^^ source.doctrine entity.name.type.reference.key-value.doctrine entity.name.type.doctrine support.type.reference.doctrine
>    inputs: "Inputs"
#^^^^ source.doctrine
#    ^^^^^^ source.doctrine keyword.other.field.doctrine
#          ^ source.doctrine punctuation.separator.key-value.doctrine
#           ^ source.doctrine
#            ^^^^^^^^ source.doctrine string.quoted.double.doctrine
>        CurrentHandoff
#^^^^^^^^ source.doctrine
#        ^^^^^^^^^^^^^^ source.doctrine entity.name.type.reference.standalone.doctrine entity.name.type.doctrine support.type.reference.doctrine
>        ApprovedPlan
#^^^^^^^^ source.doctrine
#        ^^^^^^^^^^^^ source.doctrine entity.name.type.reference.standalone.doctrine entity.name.type.doctrine support.type.reference.doctrine
>        ApprovedStructure
#^^^^^^^^ source.doctrine
#        ^^^^^^^^^^^^^^^^^ source.doctrine entity.name.type.reference.standalone.doctrine entity.name.type.doctrine support.type.reference.doctrine
>    outputs: "Outputs"
#^^^^ source.doctrine
#    ^^^^^^^ source.doctrine keyword.other.field.doctrine
#           ^ source.doctrine punctuation.separator.key-value.doctrine
#            ^ source.doctrine
#             ^^^^^^^^^ source.doctrine string.quoted.double.doctrine
>        CoordinationHandoff
#^^^^^^^^ source.doctrine
#        ^^^^^^^^^^^^^^^^^^^ source.doctrine entity.name.type.reference.standalone.doctrine entity.name.type.doctrine support.type.reference.doctrine
>