>input CurrentIssuePlan: "Current Issue Plan"
#^^^^^ source.pyprompt keyword.declaration.pyprompt
#     ^ source.pyprompt
#      ^^^^^^^^^^^^^^^^ source.pyprompt entity.name.type.pyprompt
#                      ^ source.pyprompt punctuation.separator.key-value.pyprompt
#                       ^ source.pyprompt
#                        ^^^^^^^^^^^^^^^^^^^^ source.pyprompt string.quoted.double.pyprompt
>    source: Prompt
#^^^^ source.pyprompt
#    ^^^^^^ source.pyprompt entity.name.section.pyprompt
#          ^ source.pyprompt punctuation.separator.key-value.pyprompt
#           ^ source.pyprompt
#            ^^^^^^ source.pyprompt support.type.reference.pyprompt
>    shape: MarkdownDocument
#^^^^ source.pyprompt
#    ^^^^^ source.pyprompt entity.name.section.pyprompt
#         ^ source.pyprompt punctuation.separator.key-value.pyprompt
#          ^ source.pyprompt
#           ^^^^^^^^^^^^^^^^ source.pyprompt support.type.reference.pyprompt
>    requirement: Required
#^^^^ source.pyprompt
#    ^^^^^^^^^^^ source.pyprompt entity.name.section.pyprompt
#               ^ source.pyprompt punctuation.separator.key-value.pyprompt
#                ^ source.pyprompt
#                 ^^^^^^^^ source.pyprompt support.type.reference.pyprompt
>    "Use the current issue plan to understand the intended lane and current scope."
#^^^^ source.pyprompt
#    ^^^^^^^^^^^^^^^^^^^^^^^^^^^^^^^^^^^^^^^^^^^^^^^^^^^^^^^^^^^^^^^^^^^^^^^^^^^^^^^ source.pyprompt string.quoted.double.pyprompt
>
>
>input SectionBrief: "Section Brief"
#^^^^^ source.pyprompt keyword.declaration.pyprompt
#     ^ source.pyprompt
#      ^^^^^^^^^^^^ source.pyprompt entity.name.type.pyprompt
#                  ^ source.pyprompt punctuation.separator.key-value.pyprompt
#                   ^ source.pyprompt
#                    ^^^^^^^^^^^^^^^ source.pyprompt string.quoted.double.pyprompt
>    source: File
#^^^^ source.pyprompt
#    ^^^^^^ source.pyprompt entity.name.section.pyprompt
#          ^ source.pyprompt punctuation.separator.key-value.pyprompt
#           ^ source.pyprompt
#            ^^^^ source.pyprompt support.type.reference.pyprompt
>        path: "section_root/_authoring/BRIEF.md"
#^^^^^^^^ source.pyprompt
#        ^^^^ source.pyprompt entity.name.section.pyprompt
#            ^ source.pyprompt punctuation.separator.key-value.pyprompt
#             ^ source.pyprompt
#              ^^^^^^^^^^^^^^^^^^^^^^^^^^^^^^^^^^ source.pyprompt string.quoted.double.pyprompt
>    shape: MarkdownDocument
#^^^^ source.pyprompt
#    ^^^^^ source.pyprompt entity.name.section.pyprompt
#         ^ source.pyprompt punctuation.separator.key-value.pyprompt
#          ^ source.pyprompt
#           ^^^^^^^^^^^^^^^^ source.pyprompt support.type.reference.pyprompt
>    requirement: Required
#^^^^ source.pyprompt
#    ^^^^^^^^^^^ source.pyprompt entity.name.section.pyprompt
#               ^ source.pyprompt punctuation.separator.key-value.pyprompt
#                ^ source.pyprompt
#                 ^^^^^^^^ source.pyprompt support.type.reference.pyprompt
>    "Use the current brief as the upstream scope for this turn."
#^^^^ source.pyprompt
#    ^^^^^^^^^^^^^^^^^^^^^^^^^^^^^^^^^^^^^^^^^^^^^^^^^^^^^^^^^^^^ source.pyprompt string.quoted.double.pyprompt
>
>
>input PriorReviewNotes: "Prior Review Notes"
#^^^^^ source.pyprompt keyword.declaration.pyprompt
#     ^ source.pyprompt
#      ^^^^^^^^^^^^^^^^ source.pyprompt entity.name.type.pyprompt
#                      ^ source.pyprompt punctuation.separator.key-value.pyprompt
#                       ^ source.pyprompt
#                        ^^^^^^^^^^^^^^^^^^^^ source.pyprompt string.quoted.double.pyprompt
>    source: File
#^^^^ source.pyprompt
#    ^^^^^^ source.pyprompt entity.name.section.pyprompt
#          ^ source.pyprompt punctuation.separator.key-value.pyprompt
#           ^ source.pyprompt
#            ^^^^ source.pyprompt support.type.reference.pyprompt
>        path: "section_root/_authoring/PRIOR_REVIEW_NOTES.md"
#^^^^^^^^ source.pyprompt
#        ^^^^ source.pyprompt entity.name.section.pyprompt
#            ^ source.pyprompt punctuation.separator.key-value.pyprompt
#             ^ source.pyprompt
#              ^^^^^^^^^^^^^^^^^^^^^^^^^^^^^^^^^^^^^^^^^^^^^^^ source.pyprompt string.quoted.double.pyprompt
>    shape: MarkdownDocument
#^^^^ source.pyprompt
#    ^^^^^ source.pyprompt entity.name.section.pyprompt
#         ^ source.pyprompt punctuation.separator.key-value.pyprompt
#          ^ source.pyprompt
#           ^^^^^^^^^^^^^^^^ source.pyprompt support.type.reference.pyprompt
>    requirement: Advisory
#^^^^ source.pyprompt
#    ^^^^^^^^^^^ source.pyprompt entity.name.section.pyprompt
#               ^ source.pyprompt punctuation.separator.key-value.pyprompt
#                ^ source.pyprompt
#                 ^^^^^^^^ source.pyprompt support.type.reference.pyprompt
>    "Use this only for continuity when it exists."
#^^^^ source.pyprompt
#    ^^^^^^^^^^^^^^^^^^^^^^^^^^^^^^^^^^^^^^^^^^^^^^ source.pyprompt string.quoted.double.pyprompt
>    "Do not treat it as proof of the current turn."
#^^^^ source.pyprompt
#    ^^^^^^^^^^^^^^^^^^^^^^^^^^^^^^^^^^^^^^^^^^^^^^^ source.pyprompt string.quoted.double.pyprompt
>