>import ...base.topic
#^^^^^^ source.pyprompt keyword.declaration.pyprompt
#      ^ source.pyprompt
#       ^^^^^^^^^^^^^ source.pyprompt support.type.reference.pyprompt
>
>
>workflow DeepDetail: "Deep Detail"
#^^^^^^^^ source.pyprompt keyword.declaration.pyprompt
#        ^ source.pyprompt
#         ^^^^^^^^^^ source.pyprompt entity.name.type.pyprompt
#                   ^ source.pyprompt punctuation.separator.key-value.pyprompt
#                    ^ source.pyprompt
#                     ^ source.pyprompt punctuation.definition.string.begin.pyprompt
#                      ^^^^^^^^^^^ source.pyprompt string.quoted.double.pyprompt
#                                 ^ source.pyprompt punctuation.definition.string.end.pyprompt
>    "This file walks back up the package tree with `...` before following the path forward again."
#^^^^ source.pyprompt
#    ^ source.pyprompt punctuation.definition.string.begin.pyprompt
#     ^^^^^^^^^^^^^^^^^^^^^^^^^^^^^^^^^^^^^^^^^^^^^^^^^^^^^^^^^^^^^^^^^^^^^^^^^^^^^^^^^^^^^^^^^^^^ source.pyprompt string.quoted.double.pyprompt
#                                                                                                 ^ source.pyprompt punctuation.definition.string.end.pyprompt
>
>    use root_topic: chains.deep.base.topic.RootTopic
#^^^^ source.pyprompt
#    ^^^ source.pyprompt keyword.control.pyprompt
#       ^ source.pyprompt
#        ^^^^^^^^^^ source.pyprompt entity.name.section.pyprompt
#                  ^ source.pyprompt punctuation.separator.key-value.pyprompt
#                   ^ source.pyprompt
#                    ^^^^^^^^^^^^^^^^^^^^^^^^^^^^^^^^ source.pyprompt support.type.reference.pyprompt
>