>inputs SharedSectionInputs: "Your Inputs"
#^^^^^^ source.doctrine keyword.declaration.doctrine
#      ^ source.doctrine
#       ^^^^^^^^^^^^^^^^^^^ source.doctrine entity.name.type.doctrine
#                          ^ source.doctrine punctuation.separator.key-value.doctrine
#                           ^ source.doctrine
#                            ^ source.doctrine punctuation.definition.string.begin.doctrine
#                             ^^^^^^^^^^^ source.doctrine string.quoted.double.doctrine
#                                        ^ source.doctrine punctuation.definition.string.end.doctrine
>    packet: "Packet"
#^^^^ source.doctrine
#    ^^^^^^ source.doctrine entity.name.section.doctrine
#          ^ source.doctrine punctuation.separator.key-value.doctrine
#           ^ source.doctrine
#            ^^^^^^^^ source.doctrine string.quoted.double.doctrine
>        SharedCatalogPacket
#^^^^^^^^ source.doctrine
#        ^^^^^^^^^^^^^^^^^^^ source.doctrine entity.name.type.reference.standalone.doctrine entity.name.type.doctrine support.type.reference.doctrine
>
>
>outputs SharedSectionOutputs: "Your Outputs"
#^^^^^^^ source.doctrine keyword.declaration.doctrine
#       ^ source.doctrine
#        ^^^^^^^^^^^^^^^^^^^^ source.doctrine entity.name.type.doctrine
#                            ^ source.doctrine punctuation.separator.key-value.doctrine
#                             ^ source.doctrine
#                              ^ source.doctrine punctuation.definition.string.begin.doctrine
#                               ^^^^^^^^^^^^ source.doctrine string.quoted.double.doctrine
#                                           ^ source.doctrine punctuation.definition.string.end.doctrine
>    handoff: "Handoff"
#^^^^ source.doctrine
#    ^^^^^^^ source.doctrine entity.name.section.doctrine
#           ^ source.doctrine punctuation.separator.key-value.doctrine
#            ^ source.doctrine
#             ^^^^^^^^^ source.doctrine string.quoted.double.doctrine
>        SharedHandoff
#^^^^^^^^ source.doctrine
#        ^^^^^^^^^^^^^ source.doctrine entity.name.type.reference.standalone.doctrine entity.name.type.doctrine support.type.reference.doctrine
>
>
>input SharedCatalogPacket: "Shared Catalog Packet"
#^^^^^ source.doctrine keyword.declaration.doctrine
#     ^ source.doctrine
#      ^^^^^^^^^^^^^^^^^^^ source.doctrine entity.name.type.doctrine
#                         ^ source.doctrine punctuation.separator.key-value.doctrine
#                          ^ source.doctrine
#                           ^ source.doctrine punctuation.definition.string.begin.doctrine
#                            ^^^^^^^^^^^^^^^^^^^^^ source.doctrine string.quoted.double.doctrine
#                                                 ^ source.doctrine punctuation.definition.string.end.doctrine
>    source: File
#^^^^ source.doctrine
#    ^^^^^^ source.doctrine entity.name.section.doctrine
#          ^ source.doctrine punctuation.separator.key-value.doctrine
#           ^ source.doctrine
#            ^^^^ source.doctrine entity.name.type.reference.key-value.doctrine entity.name.type.doctrine support.type.reference.doctrine
>        path: "catalog/shared_catalog_packet.json"
#^^^^^^^^ source.doctrine
#        ^^^^ source.doctrine entity.name.section.doctrine
#            ^ source.doctrine punctuation.separator.key-value.doctrine
#             ^ source.doctrine
#              ^^^^^^^^^^^^^^^^^^^^^^^^^^^^^^^^^^^^ source.doctrine string.quoted.double.doctrine
>    shape: "JSON Document"
#^^^^ source.doctrine
#    ^^^^^ source.doctrine entity.name.section.doctrine
#         ^ source.doctrine punctuation.separator.key-value.doctrine
#          ^ source.doctrine
#           ^^^^^^^^^^^^^^^ source.doctrine string.quoted.double.doctrine
>    requirement: Required
#^^^^ source.doctrine
#    ^^^^^^^^^^^ source.doctrine entity.name.section.doctrine
#               ^ source.doctrine punctuation.separator.key-value.doctrine
#                ^ source.doctrine
#                 ^^^^^^^^ source.doctrine entity.name.type.reference.key-value.doctrine entity.name.type.doctrine support.type.reference.doctrine
>
>
>output SharedHandoff: "Shared Handoff"
#^^^^^^ source.doctrine keyword.declaration.doctrine
#      ^ source.doctrine
#       ^^^^^^^^^^^^^ source.doctrine entity.name.type.doctrine
#                    ^ source.doctrine punctuation.separator.key-value.doctrine
#                     ^ source.doctrine
#                      ^ source.doctrine punctuation.definition.string.begin.doctrine
#                       ^^^^^^^^^^^^^^ source.doctrine string.quoted.double.doctrine
#                                     ^ source.doctrine punctuation.definition.string.end.doctrine
>    target: TurnResponse
#^^^^ source.doctrine
#    ^^^^^^ source.doctrine entity.name.section.doctrine
#          ^ source.doctrine punctuation.separator.key-value.doctrine
#           ^ source.doctrine
#            ^^^^^^^^^^^^ source.doctrine entity.name.type.reference.key-value.doctrine entity.name.type.doctrine support.type.reference.doctrine
>    shape: "Comment"
#^^^^ source.doctrine
#    ^^^^^ source.doctrine entity.name.section.doctrine
#         ^ source.doctrine punctuation.separator.key-value.doctrine
#          ^ source.doctrine
#           ^^^^^^^^^ source.doctrine string.quoted.double.doctrine
>    requirement: Required
#^^^^ source.doctrine
#    ^^^^^^^^^^^ source.doctrine entity.name.section.doctrine
#               ^ source.doctrine punctuation.separator.key-value.doctrine
#                ^ source.doctrine
#                 ^^^^^^^^ source.doctrine entity.name.type.reference.key-value.doctrine entity.name.type.doctrine support.type.reference.doctrine
>
>
>agent InvalidWrongKindFieldRef:
#^^^^^ source.doctrine keyword.declaration.doctrine
#     ^ source.doctrine
#      ^^^^^^^^^^^^^^^^^^^^^^^^ source.doctrine entity.name.type.doctrine
#                              ^ source.doctrine punctuation.separator.key-value.doctrine
>    role: "Trigger a wrong-kind first-class IO field ref."
#^^^^ source.doctrine
#    ^^^^ source.doctrine keyword.other.field.doctrine
#        ^ source.doctrine punctuation.separator.key-value.doctrine
#         ^ source.doctrine
#          ^ source.doctrine punctuation.definition.string.begin.doctrine
#           ^^^^^^^^^^^^^^^^^^^^^^^^^^^^^^^^^^^^^^^^^^^^^^ source.doctrine string.quoted.double.doctrine
#                                                         ^ source.doctrine punctuation.definition.string.end.doctrine
>    inputs: SharedSectionOutputs
#^^^^ source.doctrine
#    ^^^^^^ source.doctrine keyword.other.field.doctrine
#          ^ source.doctrine punctuation.separator.key-value.doctrine
#           ^ source.doctrine
#            ^^^^^^^^^^^^^^^^^^^^ source.doctrine entity.name.type.reference.key-value.doctrine entity.name.type.doctrine support.type.reference.doctrine
>