># This example now pressure-tests Python-like import resolution for prompt files.
#^^^^^^^^^^^^^^^^^^^^^^^^^^^^^^^^^^^^^^^^^^^^^^^^^^^^^^^^^^^^^^^^^^^^^^^^^^^^^^^^^ source.doctrine comment.line.number-sign.doctrine
># - `import package.module` resolves from this example's `prompts/` root
#^^^^^^^^^^^^^^^^^^^^^^^^^^^^^^^^^^^^^^^^^^^^^^^^^^^^^^^^^^^^^^^^^^^^^^^^ source.doctrine comment.line.number-sign.doctrine
># - `import .sibling.module` resolves from the current file's package
#^^^^^^^^^^^^^^^^^^^^^^^^^^^^^^^^^^^^^^^^^^^^^^^^^^^^^^^^^^^^^^^^^^^^^ source.doctrine comment.line.number-sign.doctrine
># - `import ..shared.module` walks to the parent package first
#^^^^^^^^^^^^^^^^^^^^^^^^^^^^^^^^^^^^^^^^^^^^^^^^^^^^^^^^^^^^^^ source.doctrine comment.line.number-sign.doctrine
># - any number of leading dots is allowed; the import walks up one package
#^^^^^^^^^^^^^^^^^^^^^^^^^^^^^^^^^^^^^^^^^^^^^^^^^^^^^^^^^^^^^^^^^^^^^^^^^^ source.doctrine comment.line.number-sign.doctrine
>#   level fewer than the dot count before following the remaining module path
#^^^^^^^^^^^^^^^^^^^^^^^^^^^^^^^^^^^^^^^^^^^^^^^^^^^^^^^^^^^^^^^^^^^^^^^^^^^^^ source.doctrine comment.line.number-sign.doctrine
># - imported declarations are composed through keyed `use` entries:
#^^^^^^^^^^^^^^^^^^^^^^^^^^^^^^^^^^^^^^^^^^^^^^^^^^^^^^^^^^^^^^^^^^^ source.doctrine comment.line.number-sign.doctrine
>#   `use local_key: package.module.WorkflowName`
#^^^^^^^^^^^^^^^^^^^^^^^^^^^^^^^^^^^^^^^^^^^^^^^^ source.doctrine comment.line.number-sign.doctrine
># - the local key is the outer composition identity if a later phase needs to
#^^^^^^^^^^^^^^^^^^^^^^^^^^^^^^^^^^^^^^^^^^^^^^^^^^^^^^^^^^^^^^^^^^^^^^^^^^^^^ source.doctrine comment.line.number-sign.doctrine
>#   patch, reorder, or replace this composed piece
#^^^^^^^^^^^^^^^^^^^^^^^^^^^^^^^^^^^^^^^^^^^^^^^^^^ source.doctrine comment.line.number-sign.doctrine
># The first three imports are intentionally simple.
#^^^^^^^^^^^^^^^^^^^^^^^^^^^^^^^^^^^^^^^^^^^^^^^^^^^ source.doctrine comment.line.number-sign.doctrine
># The later imports are intentionally more complex transitive chains.
#^^^^^^^^^^^^^^^^^^^^^^^^^^^^^^^^^^^^^^^^^^^^^^^^^^^^^^^^^^^^^^^^^^^^^ source.doctrine comment.line.number-sign.doctrine
>import simple.greeting
#^^^^^^ source.doctrine keyword.declaration.doctrine
#      ^ source.doctrine
#       ^^^^^^^^^^^^^^^ source.doctrine entity.name.namespace.doctrine support.type.reference.doctrine
>import simple.object
#^^^^^^ source.doctrine keyword.declaration.doctrine
#      ^ source.doctrine
#       ^^^^^^^^^^^^^ source.doctrine entity.name.namespace.doctrine support.type.reference.doctrine
>import simple.nested.polite
#^^^^^^ source.doctrine keyword.declaration.doctrine
#      ^ source.doctrine
#       ^^^^^^^^^^^^^^^^^^^^ source.doctrine entity.name.namespace.doctrine support.type.reference.doctrine
>import chains.absolute.briefing
#^^^^^^ source.doctrine keyword.declaration.doctrine
#      ^ source.doctrine
#       ^^^^^^^^^^^^^^^^^^^^^^^^ source.doctrine entity.name.namespace.doctrine support.type.reference.doctrine
>import chains.relative.entry
#^^^^^^ source.doctrine keyword.declaration.doctrine
#      ^ source.doctrine
#       ^^^^^^^^^^^^^^^^^^^^^ source.doctrine entity.name.namespace.doctrine support.type.reference.doctrine
>import chains.deep.levels.one.two.entry
#^^^^^^ source.doctrine keyword.declaration.doctrine
#      ^ source.doctrine
#       ^^^^^^^^^^^^^^^^^^^^^^^^^^^^^^^^ source.doctrine entity.name.namespace.doctrine support.type.reference.doctrine
>
>
>agent ImportsDemo:
#^^^^^ source.doctrine keyword.declaration.doctrine
#     ^ source.doctrine
#      ^^^^^^^^^^^ source.doctrine entity.name.type.doctrine
#                 ^ source.doctrine punctuation.separator.key-value.doctrine
>    role: "You are the imports demonstration agent."
#^^^^ source.doctrine
#    ^^^^ source.doctrine keyword.other.field.doctrine
#        ^ source.doctrine punctuation.separator.key-value.doctrine
#         ^ source.doctrine
#          ^ source.doctrine punctuation.definition.string.begin.doctrine
#           ^^^^^^^^^^^^^^^^^^^^^^^^^^^^^^^^^^^^^^^^ source.doctrine string.quoted.double.doctrine
#                                                   ^ source.doctrine punctuation.definition.string.end.doctrine
>
>    workflow: "Imported Steps"
#^^^^ source.doctrine
#    ^^^^^^^^ source.doctrine entity.name.section.doctrine
#            ^ source.doctrine punctuation.separator.key-value.doctrine
#             ^ source.doctrine
#              ^^^^^^^^^^^^^^^^ source.doctrine string.quoted.double.doctrine
>        "Follow the imported instructions below."
#^^^^^^^^ source.doctrine
#        ^ source.doctrine punctuation.definition.string.begin.doctrine
#         ^^^^^^^^^^^^^^^^^^^^^^^^^^^^^^^^^^^^^^^ source.doctrine string.quoted.double.doctrine
#                                                ^ source.doctrine punctuation.definition.string.end.doctrine
>
>        use greeting: simple.greeting.Greeting
#^^^^^^^^ source.doctrine
#        ^^^ source.doctrine keyword.control.doctrine
#           ^ source.doctrine
#            ^^^^^^^^ source.doctrine entity.name.section.doctrine
#                    ^ source.doctrine punctuation.separator.key-value.doctrine
#                     ^ source.doctrine
#                      ^^^^^^^^^^^^^^^^^^^^^^^^ source.doctrine entity.name.type.reference.use-target.doctrine entity.name.type.doctrine support.type.reference.doctrine
>        use object: simple.object.Object
#^^^^^^^^ source.doctrine
#        ^^^ source.doctrine keyword.control.doctrine
#           ^ source.doctrine
#            ^^^^^^ source.doctrine entity.name.section.doctrine
#                  ^ source.doctrine punctuation.separator.key-value.doctrine
#                   ^ source.doctrine
#                    ^^^^^^^^^^^^^^^^^^^^ source.doctrine entity.name.type.reference.use-target.doctrine entity.name.type.doctrine support.type.reference.doctrine
>        use polite_greeting: simple.nested.polite.PoliteGreeting
#^^^^^^^^ source.doctrine
#        ^^^ source.doctrine keyword.control.doctrine
#           ^ source.doctrine
#            ^^^^^^^^^^^^^^^ source.doctrine entity.name.section.doctrine
#                           ^ source.doctrine punctuation.separator.key-value.doctrine
#                            ^ source.doctrine
#                             ^^^^^^^^^^^^^^^^^^^^^^^^^^^^^^^^^^^ source.doctrine entity.name.type.reference.use-target.doctrine entity.name.type.doctrine support.type.reference.doctrine
>        use absolute_briefing: chains.absolute.briefing.AbsoluteBriefing
#^^^^^^^^ source.doctrine
#        ^^^ source.doctrine keyword.control.doctrine
#           ^ source.doctrine
#            ^^^^^^^^^^^^^^^^^ source.doctrine entity.name.section.doctrine
#                             ^ source.doctrine punctuation.separator.key-value.doctrine
#                              ^ source.doctrine
#                               ^^^^^^^^^^^^^^^^^^^^^^^^^^^^^^^^^^^^^^^^^ source.doctrine entity.name.type.reference.use-target.doctrine entity.name.type.doctrine support.type.reference.doctrine
>        use relative_chain: chains.relative.entry.RelativeChain
#^^^^^^^^ source.doctrine
#        ^^^ source.doctrine keyword.control.doctrine
#           ^ source.doctrine
#            ^^^^^^^^^^^^^^ source.doctrine entity.name.section.doctrine
#                          ^ source.doctrine punctuation.separator.key-value.doctrine
#                           ^ source.doctrine
#                            ^^^^^^^^^^^^^^^^^^^^^^^^^^^^^^^^^^^ source.doctrine entity.name.type.reference.use-target.doctrine entity.name.type.doctrine support.type.reference.doctrine
>        use deep_relative_chain: chains.deep.levels.one.two.entry.DeepRelativeChain
#^^^^^^^^ source.doctrine
#        ^^^ source.doctrine keyword.control.doctrine
#           ^ source.doctrine
#            ^^^^^^^^^^^^^^^^^^^ source.doctrine entity.name.section.doctrine
#                               ^ source.doctrine punctuation.separator.key-value.doctrine
#                                ^ source.doctrine
#                                 ^^^^^^^^^^^^^^^^^^^^^^^^^^^^^^^^^^^^^^^^^^^^^^^^^^ source.doctrine entity.name.type.reference.use-target.doctrine entity.name.type.doctrine support.type.reference.doctrine
>