>agent DuplicateSectionKeysDemo:
#^^^^^ source.doctrine keyword.declaration.doctrine
#     ^ source.doctrine
#      ^^^^^^^^^^^^^^^^^^^^^^^^ source.doctrine entity.name.type.doctrine
#                              ^ source.doctrine punctuation.separator.key-value.doctrine
>    role: "You are the duplicate section key demonstration agent."
#^^^^ source.doctrine
#    ^^^^ source.doctrine keyword.other.field.doctrine
#        ^ source.doctrine punctuation.separator.key-value.doctrine
#         ^ source.doctrine
#          ^ source.doctrine punctuation.definition.string.begin.doctrine
#           ^^^^^^^^^^^^^^^^^^^^^^^^^^^^^^^^^^^^^^^^^^^^^^^^^^^^^^ source.doctrine string.quoted.double.doctrine
#                                                                 ^ source.doctrine punctuation.definition.string.end.doctrine
>
>    workflow: "Steps"
#^^^^ source.doctrine
#    ^^^^^^^^ source.doctrine entity.name.section.doctrine
#            ^ source.doctrine punctuation.separator.key-value.doctrine
#             ^ source.doctrine
#              ^^^^^^^ source.doctrine string.quoted.double.doctrine
>        "This example should fail before rendering."
#^^^^^^^^ source.doctrine
#        ^ source.doctrine punctuation.definition.string.begin.doctrine
#         ^^^^^^^^^^^^^^^^^^^^^^^^^^^^^^^^^^^^^^^^^^ source.doctrine string.quoted.double.doctrine
#                                                   ^ source.doctrine punctuation.definition.string.end.doctrine
>
>        step_one: "Step One"
#^^^^^^^^ source.doctrine
#        ^^^^^^^^ source.doctrine entity.name.section.doctrine
#                ^ source.doctrine punctuation.separator.key-value.doctrine
#                 ^ source.doctrine
#                  ^^^^^^^^^^ source.doctrine string.quoted.double.doctrine
>            "Say hello."
#^^^^^^^^^^^^ source.doctrine
#            ^ source.doctrine punctuation.definition.string.begin.doctrine
#             ^^^^^^^^^^ source.doctrine string.quoted.double.doctrine
#                       ^ source.doctrine punctuation.definition.string.end.doctrine
>
>        step_one: "Step One Again"
#^^^^^^^^ source.doctrine
#        ^^^^^^^^ source.doctrine entity.name.section.doctrine
#                ^ source.doctrine punctuation.separator.key-value.doctrine
#                 ^ source.doctrine
#                  ^^^^^^^^^^^^^^^^ source.doctrine string.quoted.double.doctrine
>            "Say world."
#^^^^^^^^^^^^ source.doctrine
#            ^ source.doctrine punctuation.definition.string.begin.doctrine
#             ^^^^^^^^^^ source.doctrine string.quoted.double.doctrine
#                       ^ source.doctrine punctuation.definition.string.end.doctrine
>