># This example widens `{{...}}` from workflow-only prose to authored prose surfaces.
#^^^^^^^^^^^^^^^^^^^^^^^^^^^^^^^^^^^^^^^^^^^^^^^^^^^^^^^^^^^^^^^^^^^^^^^^^^^^^^^^^^^^ source.pyprompt comment.line.number-sign.pyprompt
>#
#^ source.pyprompt comment.line.number-sign.pyprompt
># Titles and config metadata stay literal.
#^^^^^^^^^^^^^^^^^^^^^^^^^^^^^^^^^^^^^^^^^^ source.pyprompt comment.line.number-sign.pyprompt
># Authored prose interpolation now works in:
#^^^^^^^^^^^^^^^^^^^^^^^^^^^^^^^^^^^^^^^^^^^^ source.pyprompt comment.line.number-sign.pyprompt
># - role prose
#^^^^^^^^^^^^^^ source.pyprompt comment.line.number-sign.pyprompt
># - workflow prose
#^^^^^^^^^^^^^^^^^^ source.pyprompt comment.line.number-sign.pyprompt
># - record prose
#^^^^^^^^^^^^^^^^ source.pyprompt comment.line.number-sign.pyprompt
># - skill purpose
#^^^^^^^^^^^^^^^^^ source.pyprompt comment.line.number-sign.pyprompt
># - skill reference reason
#^^^^^^^^^^^^^^^^^^^^^^^^^^ source.pyprompt comment.line.number-sign.pyprompt
># - route labels
#^^^^^^^^^^^^^^^^ source.pyprompt comment.line.number-sign.pyprompt
>
>workflow ReadFirst: "Read First"
#^^^^^^^^ source.pyprompt keyword.declaration.pyprompt
#        ^ source.pyprompt
#         ^^^^^^^^^ source.pyprompt entity.name.type.pyprompt
#                  ^ source.pyprompt punctuation.separator.key-value.pyprompt
#                   ^ source.pyprompt
#                    ^ source.pyprompt punctuation.definition.string.begin.pyprompt
#                     ^^^^^^^^^^ source.pyprompt string.quoted.double.pyprompt
#                               ^ source.pyprompt punctuation.definition.string.end.pyprompt
>    start_here: "Start Here"
#^^^^ source.pyprompt
#    ^^^^^^^^^^ source.pyprompt entity.name.section.pyprompt
#              ^ source.pyprompt punctuation.separator.key-value.pyprompt
#               ^ source.pyprompt
#                ^^^^^^^^^^^^ source.pyprompt string.quoted.double.pyprompt
>        "Read {{CurrentPlan}} before you act."
#^^^^^^^^ source.pyprompt
#        ^ source.pyprompt punctuation.definition.string.begin.pyprompt
#         ^^^^^ source.pyprompt string.quoted.double.pyprompt
#              ^^ source.pyprompt string.quoted.double.pyprompt punctuation.definition.interpolation.begin.pyprompt
#                ^^^^^^^^^^^ source.pyprompt string.quoted.double.pyprompt support.type.reference.pyprompt
#                           ^^ source.pyprompt string.quoted.double.pyprompt punctuation.definition.interpolation.end.pyprompt
#                             ^^^^^^^^^^^^^^^^ source.pyprompt string.quoted.double.pyprompt
#                                             ^ source.pyprompt punctuation.definition.string.end.pyprompt
>
>
>workflow HowToRoute: "How To Route"
#^^^^^^^^ source.pyprompt keyword.declaration.pyprompt
#        ^ source.pyprompt
#         ^^^^^^^^^^ source.pyprompt entity.name.type.pyprompt
#                   ^ source.pyprompt punctuation.separator.key-value.pyprompt
#                    ^ source.pyprompt
#                     ^ source.pyprompt punctuation.definition.string.begin.pyprompt
#                      ^^^^^^^^^^^^ source.pyprompt string.quoted.double.pyprompt
#                                  ^ source.pyprompt punctuation.definition.string.end.pyprompt
>    routing_rules: "Routing Rules"
#^^^^ source.pyprompt
#    ^^^^^^^^^^^^^ source.pyprompt entity.name.section.pyprompt
#                 ^ source.pyprompt punctuation.separator.key-value.pyprompt
#                  ^ source.pyprompt
#                   ^^^^^^^^^^^^^^^ source.pyprompt string.quoted.double.pyprompt
>        "Leave the next owner one {{TurnResponse}}."
#^^^^^^^^ source.pyprompt
#        ^ source.pyprompt punctuation.definition.string.begin.pyprompt
#         ^^^^^^^^^^^^^^^^^^^^^^^^^ source.pyprompt string.quoted.double.pyprompt
#                                  ^^ source.pyprompt string.quoted.double.pyprompt punctuation.definition.interpolation.begin.pyprompt
#                                    ^^^^^^^^^^^^ source.pyprompt string.quoted.double.pyprompt support.type.reference.pyprompt
#                                                ^^ source.pyprompt string.quoted.double.pyprompt punctuation.definition.interpolation.end.pyprompt
#                                                  ^ source.pyprompt string.quoted.double.pyprompt
#                                                   ^ source.pyprompt punctuation.definition.string.end.pyprompt
>        route "If {{ProjectLead}} must step in" -> ProjectLead
#^^^^^^^^ source.pyprompt
#        ^^^^^ source.pyprompt keyword.control.pyprompt
#             ^ source.pyprompt
#              ^ source.pyprompt punctuation.definition.string.begin.pyprompt
#               ^^^ source.pyprompt string.quoted.double.pyprompt
#                  ^^ source.pyprompt string.quoted.double.pyprompt punctuation.definition.interpolation.begin.pyprompt
#                    ^^^^^^^^^^^ source.pyprompt string.quoted.double.pyprompt support.type.reference.pyprompt
#                               ^^ source.pyprompt string.quoted.double.pyprompt punctuation.definition.interpolation.end.pyprompt
#                                 ^^^^^^^^^^^^^ source.pyprompt string.quoted.double.pyprompt
#                                              ^ source.pyprompt punctuation.definition.string.end.pyprompt
#                                               ^ source.pyprompt
#                                                ^^ source.pyprompt keyword.operator.route.pyprompt keyword.operator.pyprompt punctuation.separator.route.pyprompt
#                                                  ^ source.pyprompt
#                                                   ^^^^^^^^^^^ source.pyprompt entity.name.type.reference.route-target.pyprompt entity.name.type.pyprompt support.type.reference.pyprompt
>
>
>input CurrentPlan: "Current Plan"
#^^^^^ source.pyprompt keyword.declaration.pyprompt
#     ^ source.pyprompt
#      ^^^^^^^^^^^ source.pyprompt entity.name.type.pyprompt
#                 ^ source.pyprompt punctuation.separator.key-value.pyprompt
#                  ^ source.pyprompt
#                   ^ source.pyprompt punctuation.definition.string.begin.pyprompt
#                    ^^^^^^^^^^^^ source.pyprompt string.quoted.double.pyprompt
#                                ^ source.pyprompt punctuation.definition.string.end.pyprompt
>    source: File
#^^^^ source.pyprompt
#    ^^^^^^ source.pyprompt entity.name.section.pyprompt
#          ^ source.pyprompt punctuation.separator.key-value.pyprompt
#           ^ source.pyprompt
#            ^^^^ source.pyprompt entity.name.type.reference.key-value.pyprompt entity.name.type.pyprompt support.type.reference.pyprompt
>        path: "track_root/current-plan.md"
#^^^^^^^^ source.pyprompt
#        ^^^^ source.pyprompt entity.name.section.pyprompt
#            ^ source.pyprompt punctuation.separator.key-value.pyprompt
#             ^ source.pyprompt
#              ^^^^^^^^^^^^^^^^^^^^^^^^^^^^ source.pyprompt string.quoted.double.pyprompt
>    shape: MarkdownDocument
#^^^^ source.pyprompt
#    ^^^^^ source.pyprompt entity.name.section.pyprompt
#         ^ source.pyprompt punctuation.separator.key-value.pyprompt
#          ^ source.pyprompt
#           ^^^^^^^^^^^^^^^^ source.pyprompt entity.name.type.reference.key-value.pyprompt entity.name.type.pyprompt support.type.reference.pyprompt
>    requirement: Required
#^^^^ source.pyprompt
#    ^^^^^^^^^^^ source.pyprompt entity.name.section.pyprompt
#               ^ source.pyprompt punctuation.separator.key-value.pyprompt
#                ^ source.pyprompt
#                 ^^^^^^^^ source.pyprompt entity.name.type.reference.key-value.pyprompt entity.name.type.pyprompt support.type.reference.pyprompt
>    "Use this as the current plan truth."
#^^^^ source.pyprompt
#    ^ source.pyprompt punctuation.definition.string.begin.pyprompt
#     ^^^^^^^^^^^^^^^^^^^^^^^^^^^^^^^^^^^ source.pyprompt string.quoted.double.pyprompt
#                                        ^ source.pyprompt punctuation.definition.string.end.pyprompt
>
>
>output TurnResponse: "Turn Response"
#^^^^^^ source.pyprompt keyword.declaration.pyprompt
#      ^ source.pyprompt
#       ^^^^^^^^^^^^ source.pyprompt entity.name.type.pyprompt
#                   ^ source.pyprompt punctuation.separator.key-value.pyprompt
#                    ^ source.pyprompt
#                     ^ source.pyprompt punctuation.definition.string.begin.pyprompt
#                      ^^^^^^^^^^^^^ source.pyprompt string.quoted.double.pyprompt
#                                   ^ source.pyprompt punctuation.definition.string.end.pyprompt
>    target: TurnResponse
#^^^^ source.pyprompt
#    ^^^^^^ source.pyprompt entity.name.section.pyprompt
#          ^ source.pyprompt punctuation.separator.key-value.pyprompt
#           ^ source.pyprompt
#            ^^^^^^^^^^^^ source.pyprompt entity.name.type.reference.key-value.pyprompt entity.name.type.pyprompt support.type.reference.pyprompt
>    shape: MarkdownDocument
#^^^^ source.pyprompt
#    ^^^^^ source.pyprompt entity.name.section.pyprompt
#         ^ source.pyprompt punctuation.separator.key-value.pyprompt
#          ^ source.pyprompt
#           ^^^^^^^^^^^^^^^^ source.pyprompt entity.name.type.reference.key-value.pyprompt entity.name.type.pyprompt support.type.reference.pyprompt
>    requirement: Required
#^^^^ source.pyprompt
#    ^^^^^^^^^^^ source.pyprompt entity.name.section.pyprompt
#               ^ source.pyprompt punctuation.separator.key-value.pyprompt
#                ^ source.pyprompt
#                 ^^^^^^^^ source.pyprompt entity.name.type.reference.key-value.pyprompt entity.name.type.pyprompt support.type.reference.pyprompt
>    "Use this output when you leave the next owner one clear update."
#^^^^ source.pyprompt
#    ^ source.pyprompt punctuation.definition.string.begin.pyprompt
#     ^^^^^^^^^^^^^^^^^^^^^^^^^^^^^^^^^^^^^^^^^^^^^^^^^^^^^^^^^^^^^^^ source.pyprompt string.quoted.double.pyprompt
#                                                                    ^ source.pyprompt punctuation.definition.string.end.pyprompt
>
>
>skill GroundingSkill: "Grounding Skill"
#^^^^^ source.pyprompt keyword.declaration.pyprompt
#     ^ source.pyprompt
#      ^^^^^^^^^^^^^^ source.pyprompt entity.name.type.pyprompt
#                    ^ source.pyprompt punctuation.separator.key-value.pyprompt
#                     ^ source.pyprompt
#                      ^ source.pyprompt punctuation.definition.string.begin.pyprompt
#                       ^^^^^^^^^^^^^^^ source.pyprompt string.quoted.double.pyprompt
#                                      ^ source.pyprompt punctuation.definition.string.end.pyprompt
>    purpose: "Ground new claims against {{CurrentPlan}} before you write."
#^^^^ source.pyprompt
#    ^^^^^^^ source.pyprompt entity.name.section.pyprompt
#           ^ source.pyprompt punctuation.separator.key-value.pyprompt
#            ^ source.pyprompt
#             ^ source.pyprompt punctuation.definition.string.begin.pyprompt
#              ^^^^^^^^^^^^^^^^^^^^^^^^^^ source.pyprompt string.quoted.double.pyprompt
#                                        ^^ source.pyprompt string.quoted.double.pyprompt punctuation.definition.interpolation.begin.pyprompt
#                                          ^^^^^^^^^^^ source.pyprompt string.quoted.double.pyprompt support.type.reference.pyprompt
#                                                     ^^ source.pyprompt string.quoted.double.pyprompt punctuation.definition.interpolation.end.pyprompt
#                                                       ^^^^^^^^^^^^^^^^^^ source.pyprompt string.quoted.double.pyprompt
#                                                                         ^ source.pyprompt punctuation.definition.string.end.pyprompt
>
>    provides: "Provides"
#^^^^ source.pyprompt
#    ^^^^^^^^ source.pyprompt entity.name.section.pyprompt
#            ^ source.pyprompt punctuation.separator.key-value.pyprompt
#             ^ source.pyprompt
#              ^^^^^^^^^^ source.pyprompt string.quoted.double.pyprompt
>        "Keep `{{CurrentPlan:source.path}}` in scope when you cite current plan truth."
#^^^^^^^^ source.pyprompt
#        ^ source.pyprompt punctuation.definition.string.begin.pyprompt
#         ^^^^^^ source.pyprompt string.quoted.double.pyprompt
#               ^^ source.pyprompt string.quoted.double.pyprompt punctuation.definition.interpolation.begin.pyprompt
#                 ^^^^^^^^^^^ source.pyprompt string.quoted.double.pyprompt support.type.reference.pyprompt
#                            ^ source.pyprompt string.quoted.double.pyprompt punctuation.separator.interpolation.pyprompt
#                             ^^^^^^^^^^^ source.pyprompt string.quoted.double.pyprompt variable.other.member.pyprompt
#                                        ^^ source.pyprompt string.quoted.double.pyprompt punctuation.definition.interpolation.end.pyprompt
#                                          ^^^^^^^^^^^^^^^^^^^^^^^^^^^^^^^^^^^^^^^^^^^^ source.pyprompt string.quoted.double.pyprompt
#                                                                                      ^ source.pyprompt punctuation.definition.string.end.pyprompt
>
>
>agent ProjectLead:
#^^^^^ source.pyprompt keyword.declaration.pyprompt
#     ^ source.pyprompt
#      ^^^^^^^^^^^ source.pyprompt entity.name.type.pyprompt
#                 ^ source.pyprompt punctuation.separator.key-value.pyprompt
>    role: "Project Lead"
#^^^^ source.pyprompt
#    ^^^^ source.pyprompt keyword.other.field.pyprompt
#        ^ source.pyprompt punctuation.separator.key-value.pyprompt
#         ^ source.pyprompt
#          ^ source.pyprompt punctuation.definition.string.begin.pyprompt
#           ^^^^^^^^^^^^ source.pyprompt string.quoted.double.pyprompt
#                       ^ source.pyprompt punctuation.definition.string.end.pyprompt
>
>
>agent AuthoredProseInterpolationDemo:
#^^^^^ source.pyprompt keyword.declaration.pyprompt
#     ^ source.pyprompt
#      ^^^^^^^^^^^^^^^^^^^^^^^^^^^^^^ source.pyprompt entity.name.type.pyprompt
#                                    ^ source.pyprompt punctuation.separator.key-value.pyprompt
>    role: "Use `{{CurrentPlan:source.path}}` as the current plan truth before you act."
#^^^^ source.pyprompt
#    ^^^^ source.pyprompt keyword.other.field.pyprompt
#        ^ source.pyprompt punctuation.separator.key-value.pyprompt
#         ^ source.pyprompt
#          ^ source.pyprompt punctuation.definition.string.begin.pyprompt
#           ^^^^^ source.pyprompt string.quoted.double.pyprompt
#                ^^ source.pyprompt string.quoted.double.pyprompt punctuation.definition.interpolation.begin.pyprompt
#                  ^^^^^^^^^^^ source.pyprompt string.quoted.double.pyprompt support.type.reference.pyprompt
#                             ^ source.pyprompt string.quoted.double.pyprompt punctuation.separator.interpolation.pyprompt
#                              ^^^^^^^^^^^ source.pyprompt string.quoted.double.pyprompt variable.other.member.pyprompt
#                                         ^^ source.pyprompt string.quoted.double.pyprompt punctuation.definition.interpolation.end.pyprompt
#                                           ^^^^^^^^^^^^^^^^^^^^^^^^^^^^^^^^^^^^^^^^^^^ source.pyprompt string.quoted.double.pyprompt
#                                                                                      ^ source.pyprompt punctuation.definition.string.end.pyprompt
>
>    read_first: ReadFirst
#^^^^ source.pyprompt
#    ^^^^^^^^^^ source.pyprompt entity.name.section.pyprompt
#              ^ source.pyprompt punctuation.separator.key-value.pyprompt
#               ^ source.pyprompt
#                ^^^^^^^^^ source.pyprompt entity.name.type.reference.key-value.pyprompt entity.name.type.pyprompt support.type.reference.pyprompt
>
>    inputs: "Inputs"
#^^^^ source.pyprompt
#    ^^^^^^ source.pyprompt keyword.other.field.pyprompt
#          ^ source.pyprompt punctuation.separator.key-value.pyprompt
#           ^ source.pyprompt
#            ^^^^^^^^ source.pyprompt string.quoted.double.pyprompt
>        "Read {{CurrentPlan}} before you write."
#^^^^^^^^ source.pyprompt
#        ^ source.pyprompt punctuation.definition.string.begin.pyprompt
#         ^^^^^ source.pyprompt string.quoted.double.pyprompt
#              ^^ source.pyprompt string.quoted.double.pyprompt punctuation.definition.interpolation.begin.pyprompt
#                ^^^^^^^^^^^ source.pyprompt string.quoted.double.pyprompt support.type.reference.pyprompt
#                           ^^ source.pyprompt string.quoted.double.pyprompt punctuation.definition.interpolation.end.pyprompt
#                             ^^^^^^^^^^^^^^^^^^ source.pyprompt string.quoted.double.pyprompt
#                                               ^ source.pyprompt punctuation.definition.string.end.pyprompt
>
>        planning_truth: "Planning Truth"
#^^^^^^^^ source.pyprompt
#        ^^^^^^^^^^^^^^ source.pyprompt entity.name.section.pyprompt
#                      ^ source.pyprompt punctuation.separator.key-value.pyprompt
#                       ^ source.pyprompt
#                        ^^^^^^^^^^^^^^^^ source.pyprompt string.quoted.double.pyprompt
>            "Keep the current plan at `{{CurrentPlan:source.path}}` in scope."
#^^^^^^^^^^^^ source.pyprompt
#            ^ source.pyprompt punctuation.definition.string.begin.pyprompt
#             ^^^^^^^^^^^^^^^^^^^^^^^^^^ source.pyprompt string.quoted.double.pyprompt
#                                       ^^ source.pyprompt string.quoted.double.pyprompt punctuation.definition.interpolation.begin.pyprompt
#                                         ^^^^^^^^^^^ source.pyprompt string.quoted.double.pyprompt support.type.reference.pyprompt
#                                                    ^ source.pyprompt string.quoted.double.pyprompt punctuation.separator.interpolation.pyprompt
#                                                     ^^^^^^^^^^^ source.pyprompt string.quoted.double.pyprompt variable.other.member.pyprompt
#                                                                ^^ source.pyprompt string.quoted.double.pyprompt punctuation.definition.interpolation.end.pyprompt
#                                                                  ^^^^^^^^^^^ source.pyprompt string.quoted.double.pyprompt
#                                                                             ^ source.pyprompt punctuation.definition.string.end.pyprompt
>            CurrentPlan
#^^^^^^^^^^^^ source.pyprompt
#            ^^^^^^^^^^^ source.pyprompt entity.name.type.reference.standalone.pyprompt entity.name.type.pyprompt support.type.reference.pyprompt
>
>    skills: "Skills"
#^^^^ source.pyprompt
#    ^^^^^^ source.pyprompt keyword.other.field.pyprompt
#          ^ source.pyprompt punctuation.separator.key-value.pyprompt
#           ^ source.pyprompt
#            ^^^^^^^^ source.pyprompt string.quoted.double.pyprompt
>        can_run: "Can Run"
#^^^^^^^^ source.pyprompt
#        ^^^^^^^ source.pyprompt entity.name.section.pyprompt
#               ^ source.pyprompt punctuation.separator.key-value.pyprompt
#                ^ source.pyprompt
#                 ^^^^^^^^^ source.pyprompt string.quoted.double.pyprompt
>            GroundingSkill
#^^^^^^^^^^^^ source.pyprompt
#            ^^^^^^^^^^^^^^ source.pyprompt entity.name.type.reference.standalone.pyprompt entity.name.type.pyprompt support.type.reference.pyprompt
>                reason: "Ask {{ProjectLead}} for an owner decision only when the plan truly needs one."
#^^^^^^^^^^^^^^^^ source.pyprompt
#                ^^^^^^ source.pyprompt entity.name.section.pyprompt
#                      ^ source.pyprompt punctuation.separator.key-value.pyprompt
#                       ^ source.pyprompt
#                        ^ source.pyprompt punctuation.definition.string.begin.pyprompt
#                         ^^^^ source.pyprompt string.quoted.double.pyprompt
#                             ^^ source.pyprompt string.quoted.double.pyprompt punctuation.definition.interpolation.begin.pyprompt
#                               ^^^^^^^^^^^ source.pyprompt string.quoted.double.pyprompt support.type.reference.pyprompt
#                                          ^^ source.pyprompt string.quoted.double.pyprompt punctuation.definition.interpolation.end.pyprompt
#                                            ^^^^^^^^^^^^^^^^^^^^^^^^^^^^^^^^^^^^^^^^^^^^^^^^^^^^^^^^^^ source.pyprompt string.quoted.double.pyprompt
#                                                                                                      ^ source.pyprompt punctuation.definition.string.end.pyprompt
>
>    outputs: "Outputs"
#^^^^ source.pyprompt
#    ^^^^^^^ source.pyprompt keyword.other.field.pyprompt
#           ^ source.pyprompt punctuation.separator.key-value.pyprompt
#            ^ source.pyprompt
#             ^^^^^^^^^ source.pyprompt string.quoted.double.pyprompt
>        TurnResponse
#^^^^^^^^ source.pyprompt
#        ^^^^^^^^^^^^ source.pyprompt entity.name.type.reference.standalone.pyprompt entity.name.type.pyprompt support.type.reference.pyprompt
>
>    ending_your_turn: HowToRoute
#^^^^ source.pyprompt
#    ^^^^^^^^^^^^^^^^ source.pyprompt entity.name.section.pyprompt
#                    ^ source.pyprompt punctuation.separator.key-value.pyprompt
#                     ^ source.pyprompt
#                      ^^^^^^^^^^ source.pyprompt entity.name.type.reference.key-value.pyprompt entity.name.type.pyprompt support.type.reference.pyprompt
>