># This example widens `{{...}}` from workflow-only prose to authored prose surfaces.
#^^^^^^^^^^^^^^^^^^^^^^^^^^^^^^^^^^^^^^^^^^^^^^^^^^^^^^^^^^^^^^^^^^^^^^^^^^^^^^^^^^^^ source.doctrine comment.line.number-sign.doctrine
>#
#^ source.doctrine comment.line.number-sign.doctrine
># Titles and config metadata stay literal.
#^^^^^^^^^^^^^^^^^^^^^^^^^^^^^^^^^^^^^^^^^^ source.doctrine comment.line.number-sign.doctrine
># Authored prose interpolation now works in:
#^^^^^^^^^^^^^^^^^^^^^^^^^^^^^^^^^^^^^^^^^^^^ source.doctrine comment.line.number-sign.doctrine
># - role prose
#^^^^^^^^^^^^^^ source.doctrine comment.line.number-sign.doctrine
># - workflow prose
#^^^^^^^^^^^^^^^^^^ source.doctrine comment.line.number-sign.doctrine
># - record prose
#^^^^^^^^^^^^^^^^ source.doctrine comment.line.number-sign.doctrine
># - skill purpose
#^^^^^^^^^^^^^^^^^ source.doctrine comment.line.number-sign.doctrine
># - skill reference reason
#^^^^^^^^^^^^^^^^^^^^^^^^^^ source.doctrine comment.line.number-sign.doctrine
># - route labels
#^^^^^^^^^^^^^^^^ source.doctrine comment.line.number-sign.doctrine
>
>workflow ReadFirst: "Read First"
#^^^^^^^^ source.doctrine keyword.declaration.doctrine
#        ^ source.doctrine
#         ^^^^^^^^^ source.doctrine entity.name.type.doctrine
#                  ^ source.doctrine punctuation.separator.key-value.doctrine
#                   ^ source.doctrine
#                    ^ source.doctrine punctuation.definition.string.begin.doctrine
#                     ^^^^^^^^^^ source.doctrine string.quoted.double.doctrine
#                               ^ source.doctrine punctuation.definition.string.end.doctrine
>    start_here: "Start Here"
#^^^^ source.doctrine
#    ^^^^^^^^^^ source.doctrine entity.name.section.doctrine
#              ^ source.doctrine punctuation.separator.key-value.doctrine
#               ^ source.doctrine
#                ^^^^^^^^^^^^ source.doctrine string.quoted.double.doctrine
>        "Read {{CurrentPlan}} before you act."
#^^^^^^^^ source.doctrine
#        ^ source.doctrine punctuation.definition.string.begin.doctrine
#         ^^^^^ source.doctrine string.quoted.double.doctrine
#              ^^ source.doctrine string.quoted.double.doctrine punctuation.definition.interpolation.begin.doctrine
#                ^^^^^^^^^^^ source.doctrine string.quoted.double.doctrine support.type.reference.doctrine
#                           ^^ source.doctrine string.quoted.double.doctrine punctuation.definition.interpolation.end.doctrine
#                             ^^^^^^^^^^^^^^^^ source.doctrine string.quoted.double.doctrine
#                                             ^ source.doctrine punctuation.definition.string.end.doctrine
>
>
>workflow HowToRoute: "How To Route"
#^^^^^^^^ source.doctrine keyword.declaration.doctrine
#        ^ source.doctrine
#         ^^^^^^^^^^ source.doctrine entity.name.type.doctrine
#                   ^ source.doctrine punctuation.separator.key-value.doctrine
#                    ^ source.doctrine
#                     ^ source.doctrine punctuation.definition.string.begin.doctrine
#                      ^^^^^^^^^^^^ source.doctrine string.quoted.double.doctrine
#                                  ^ source.doctrine punctuation.definition.string.end.doctrine
>    routing_rules: "Routing Rules"
#^^^^ source.doctrine
#    ^^^^^^^^^^^^^ source.doctrine entity.name.section.doctrine
#                 ^ source.doctrine punctuation.separator.key-value.doctrine
#                  ^ source.doctrine
#                   ^^^^^^^^^^^^^^^ source.doctrine string.quoted.double.doctrine
>        "Leave the next owner one {{TurnResponse}}."
#^^^^^^^^ source.doctrine
#        ^ source.doctrine punctuation.definition.string.begin.doctrine
#         ^^^^^^^^^^^^^^^^^^^^^^^^^ source.doctrine string.quoted.double.doctrine
#                                  ^^ source.doctrine string.quoted.double.doctrine punctuation.definition.interpolation.begin.doctrine
#                                    ^^^^^^^^^^^^ source.doctrine string.quoted.double.doctrine support.type.reference.doctrine
#                                                ^^ source.doctrine string.quoted.double.doctrine punctuation.definition.interpolation.end.doctrine
#                                                  ^ source.doctrine string.quoted.double.doctrine
#                                                   ^ source.doctrine punctuation.definition.string.end.doctrine
>        route "If {{ProjectLead}} must step in" -> ProjectLead
#^^^^^^^^ source.doctrine
#        ^^^^^ source.doctrine keyword.control.doctrine
#             ^ source.doctrine
#              ^ source.doctrine punctuation.definition.string.begin.doctrine
#               ^^^ source.doctrine string.quoted.double.doctrine
#                  ^^ source.doctrine string.quoted.double.doctrine punctuation.definition.interpolation.begin.doctrine
#                    ^^^^^^^^^^^ source.doctrine string.quoted.double.doctrine support.type.reference.doctrine
#                               ^^ source.doctrine string.quoted.double.doctrine punctuation.definition.interpolation.end.doctrine
#                                 ^^^^^^^^^^^^^ source.doctrine string.quoted.double.doctrine
#                                              ^ source.doctrine punctuation.definition.string.end.doctrine
#                                               ^ source.doctrine
#                                                ^^ source.doctrine keyword.operator.route.doctrine keyword.operator.doctrine punctuation.separator.route.doctrine
#                                                  ^ source.doctrine
#                                                   ^^^^^^^^^^^ source.doctrine entity.name.type.reference.route-target.doctrine entity.name.type.doctrine support.type.reference.doctrine
>
>
>input CurrentPlan: "Current Plan"
#^^^^^ source.doctrine keyword.declaration.doctrine
#     ^ source.doctrine
#      ^^^^^^^^^^^ source.doctrine entity.name.type.doctrine
#                 ^ source.doctrine punctuation.separator.key-value.doctrine
#                  ^ source.doctrine
#                   ^ source.doctrine punctuation.definition.string.begin.doctrine
#                    ^^^^^^^^^^^^ source.doctrine string.quoted.double.doctrine
#                                ^ source.doctrine punctuation.definition.string.end.doctrine
>    source: File
#^^^^ source.doctrine
#    ^^^^^^ source.doctrine entity.name.section.doctrine
#          ^ source.doctrine punctuation.separator.key-value.doctrine
#           ^ source.doctrine
#            ^^^^ source.doctrine entity.name.type.reference.key-value.doctrine entity.name.type.doctrine support.type.reference.doctrine
>        path: "track_root/current-plan.md"
#^^^^^^^^ source.doctrine
#        ^^^^ source.doctrine entity.name.section.doctrine
#            ^ source.doctrine punctuation.separator.key-value.doctrine
#             ^ source.doctrine
#              ^^^^^^^^^^^^^^^^^^^^^^^^^^^^ source.doctrine string.quoted.double.doctrine
>    shape: MarkdownDocument
#^^^^ source.doctrine
#    ^^^^^ source.doctrine entity.name.section.doctrine
#         ^ source.doctrine punctuation.separator.key-value.doctrine
#          ^ source.doctrine
#           ^^^^^^^^^^^^^^^^ source.doctrine entity.name.type.reference.key-value.doctrine entity.name.type.doctrine support.type.reference.doctrine
>    requirement: Required
#^^^^ source.doctrine
#    ^^^^^^^^^^^ source.doctrine entity.name.section.doctrine
#               ^ source.doctrine punctuation.separator.key-value.doctrine
#                ^ source.doctrine
#                 ^^^^^^^^ source.doctrine entity.name.type.reference.key-value.doctrine entity.name.type.doctrine support.type.reference.doctrine
>    "Use this as the current plan truth."
#^^^^ source.doctrine
#    ^ source.doctrine punctuation.definition.string.begin.doctrine
#     ^^^^^^^^^^^^^^^^^^^^^^^^^^^^^^^^^^^ source.doctrine string.quoted.double.doctrine
#                                        ^ source.doctrine punctuation.definition.string.end.doctrine
>
>
>output TurnResponse: "Turn Response"
#^^^^^^ source.doctrine keyword.declaration.doctrine
#      ^ source.doctrine
#       ^^^^^^^^^^^^ source.doctrine entity.name.type.doctrine
#                   ^ source.doctrine punctuation.separator.key-value.doctrine
#                    ^ source.doctrine
#                     ^ source.doctrine punctuation.definition.string.begin.doctrine
#                      ^^^^^^^^^^^^^ source.doctrine string.quoted.double.doctrine
#                                   ^ source.doctrine punctuation.definition.string.end.doctrine
>    target: TurnResponse
#^^^^ source.doctrine
#    ^^^^^^ source.doctrine entity.name.section.doctrine
#          ^ source.doctrine punctuation.separator.key-value.doctrine
#           ^ source.doctrine
#            ^^^^^^^^^^^^ source.doctrine entity.name.type.reference.key-value.doctrine entity.name.type.doctrine support.type.reference.doctrine
>    shape: MarkdownDocument
#^^^^ source.doctrine
#    ^^^^^ source.doctrine entity.name.section.doctrine
#         ^ source.doctrine punctuation.separator.key-value.doctrine
#          ^ source.doctrine
#           ^^^^^^^^^^^^^^^^ source.doctrine entity.name.type.reference.key-value.doctrine entity.name.type.doctrine support.type.reference.doctrine
>    requirement: Required
#^^^^ source.doctrine
#    ^^^^^^^^^^^ source.doctrine entity.name.section.doctrine
#               ^ source.doctrine punctuation.separator.key-value.doctrine
#                ^ source.doctrine
#                 ^^^^^^^^ source.doctrine entity.name.type.reference.key-value.doctrine entity.name.type.doctrine support.type.reference.doctrine
>    "Use this output when you leave the next owner one clear update."
#^^^^ source.doctrine
#    ^ source.doctrine punctuation.definition.string.begin.doctrine
#     ^^^^^^^^^^^^^^^^^^^^^^^^^^^^^^^^^^^^^^^^^^^^^^^^^^^^^^^^^^^^^^^ source.doctrine string.quoted.double.doctrine
#                                                                    ^ source.doctrine punctuation.definition.string.end.doctrine
>
>
>skill GroundingSkill: "Grounding Skill"
#^^^^^ source.doctrine keyword.declaration.doctrine
#     ^ source.doctrine
#      ^^^^^^^^^^^^^^ source.doctrine entity.name.type.doctrine
#                    ^ source.doctrine punctuation.separator.key-value.doctrine
#                     ^ source.doctrine
#                      ^ source.doctrine punctuation.definition.string.begin.doctrine
#                       ^^^^^^^^^^^^^^^ source.doctrine string.quoted.double.doctrine
#                                      ^ source.doctrine punctuation.definition.string.end.doctrine
>    purpose: "Ground new claims against {{CurrentPlan}} before you write."
#^^^^ source.doctrine
#    ^^^^^^^ source.doctrine entity.name.section.doctrine
#           ^ source.doctrine punctuation.separator.key-value.doctrine
#            ^ source.doctrine
#             ^ source.doctrine punctuation.definition.string.begin.doctrine
#              ^^^^^^^^^^^^^^^^^^^^^^^^^^ source.doctrine string.quoted.double.doctrine
#                                        ^^ source.doctrine string.quoted.double.doctrine punctuation.definition.interpolation.begin.doctrine
#                                          ^^^^^^^^^^^ source.doctrine string.quoted.double.doctrine support.type.reference.doctrine
#                                                     ^^ source.doctrine string.quoted.double.doctrine punctuation.definition.interpolation.end.doctrine
#                                                       ^^^^^^^^^^^^^^^^^^ source.doctrine string.quoted.double.doctrine
#                                                                         ^ source.doctrine punctuation.definition.string.end.doctrine
>
>    provides: "Provides"
#^^^^ source.doctrine
#    ^^^^^^^^ source.doctrine entity.name.section.doctrine
#            ^ source.doctrine punctuation.separator.key-value.doctrine
#             ^ source.doctrine
#              ^^^^^^^^^^ source.doctrine string.quoted.double.doctrine
>        "Keep `{{CurrentPlan:source.path}}` in scope when you cite current plan truth."
#^^^^^^^^ source.doctrine
#        ^ source.doctrine punctuation.definition.string.begin.doctrine
#         ^^^^^^ source.doctrine string.quoted.double.doctrine
#               ^^ source.doctrine string.quoted.double.doctrine punctuation.definition.interpolation.begin.doctrine
#                 ^^^^^^^^^^^ source.doctrine string.quoted.double.doctrine support.type.reference.doctrine
#                            ^ source.doctrine string.quoted.double.doctrine punctuation.separator.interpolation.doctrine
#                             ^^^^^^^^^^^ source.doctrine string.quoted.double.doctrine variable.other.member.doctrine
#                                        ^^ source.doctrine string.quoted.double.doctrine punctuation.definition.interpolation.end.doctrine
#                                          ^^^^^^^^^^^^^^^^^^^^^^^^^^^^^^^^^^^^^^^^^^^^ source.doctrine string.quoted.double.doctrine
#                                                                                      ^ source.doctrine punctuation.definition.string.end.doctrine
>
>
>agent ProjectLead:
#^^^^^ source.doctrine keyword.declaration.doctrine
#     ^ source.doctrine
#      ^^^^^^^^^^^ source.doctrine entity.name.type.doctrine
#                 ^ source.doctrine punctuation.separator.key-value.doctrine
>    role: "Project Lead"
#^^^^ source.doctrine
#    ^^^^ source.doctrine keyword.other.field.doctrine
#        ^ source.doctrine punctuation.separator.key-value.doctrine
#         ^ source.doctrine
#          ^ source.doctrine punctuation.definition.string.begin.doctrine
#           ^^^^^^^^^^^^ source.doctrine string.quoted.double.doctrine
#                       ^ source.doctrine punctuation.definition.string.end.doctrine
>
>
>agent AuthoredProseInterpolationDemo:
#^^^^^ source.doctrine keyword.declaration.doctrine
#     ^ source.doctrine
#      ^^^^^^^^^^^^^^^^^^^^^^^^^^^^^^ source.doctrine entity.name.type.doctrine
#                                    ^ source.doctrine punctuation.separator.key-value.doctrine
>    role: "Use `{{CurrentPlan:source.path}}` as the current plan truth before you act."
#^^^^ source.doctrine
#    ^^^^ source.doctrine keyword.other.field.doctrine
#        ^ source.doctrine punctuation.separator.key-value.doctrine
#         ^ source.doctrine
#          ^ source.doctrine punctuation.definition.string.begin.doctrine
#           ^^^^^ source.doctrine string.quoted.double.doctrine
#                ^^ source.doctrine string.quoted.double.doctrine punctuation.definition.interpolation.begin.doctrine
#                  ^^^^^^^^^^^ source.doctrine string.quoted.double.doctrine support.type.reference.doctrine
#                             ^ source.doctrine string.quoted.double.doctrine punctuation.separator.interpolation.doctrine
#                              ^^^^^^^^^^^ source.doctrine string.quoted.double.doctrine variable.other.member.doctrine
#                                         ^^ source.doctrine string.quoted.double.doctrine punctuation.definition.interpolation.end.doctrine
#                                           ^^^^^^^^^^^^^^^^^^^^^^^^^^^^^^^^^^^^^^^^^^^ source.doctrine string.quoted.double.doctrine
#                                                                                      ^ source.doctrine punctuation.definition.string.end.doctrine
>
>    read_first: ReadFirst
#^^^^ source.doctrine
#    ^^^^^^^^^^ source.doctrine entity.name.section.doctrine
#              ^ source.doctrine punctuation.separator.key-value.doctrine
#               ^ source.doctrine
#                ^^^^^^^^^ source.doctrine entity.name.type.reference.key-value.doctrine entity.name.type.doctrine support.type.reference.doctrine
>
>    inputs: "Inputs"
#^^^^ source.doctrine
#    ^^^^^^ source.doctrine keyword.other.field.doctrine
#          ^ source.doctrine punctuation.separator.key-value.doctrine
#           ^ source.doctrine
#            ^^^^^^^^ source.doctrine string.quoted.double.doctrine
>        "Read {{CurrentPlan}} before you write."
#^^^^^^^^ source.doctrine
#        ^ source.doctrine punctuation.definition.string.begin.doctrine
#         ^^^^^ source.doctrine string.quoted.double.doctrine
#              ^^ source.doctrine string.quoted.double.doctrine punctuation.definition.interpolation.begin.doctrine
#                ^^^^^^^^^^^ source.doctrine string.quoted.double.doctrine support.type.reference.doctrine
#                           ^^ source.doctrine string.quoted.double.doctrine punctuation.definition.interpolation.end.doctrine
#                             ^^^^^^^^^^^^^^^^^^ source.doctrine string.quoted.double.doctrine
#                                               ^ source.doctrine punctuation.definition.string.end.doctrine
>
>        planning_truth: "Planning Truth"
#^^^^^^^^ source.doctrine
#        ^^^^^^^^^^^^^^ source.doctrine entity.name.section.doctrine
#                      ^ source.doctrine punctuation.separator.key-value.doctrine
#                       ^ source.doctrine
#                        ^^^^^^^^^^^^^^^^ source.doctrine string.quoted.double.doctrine
>            "Keep the current plan at `{{CurrentPlan:source.path}}` in scope."
#^^^^^^^^^^^^ source.doctrine
#            ^ source.doctrine punctuation.definition.string.begin.doctrine
#             ^^^^^^^^^^^^^^^^^^^^^^^^^^ source.doctrine string.quoted.double.doctrine
#                                       ^^ source.doctrine string.quoted.double.doctrine punctuation.definition.interpolation.begin.doctrine
#                                         ^^^^^^^^^^^ source.doctrine string.quoted.double.doctrine support.type.reference.doctrine
#                                                    ^ source.doctrine string.quoted.double.doctrine punctuation.separator.interpolation.doctrine
#                                                     ^^^^^^^^^^^ source.doctrine string.quoted.double.doctrine variable.other.member.doctrine
#                                                                ^^ source.doctrine string.quoted.double.doctrine punctuation.definition.interpolation.end.doctrine
#                                                                  ^^^^^^^^^^^ source.doctrine string.quoted.double.doctrine
#                                                                             ^ source.doctrine punctuation.definition.string.end.doctrine
>            CurrentPlan
#^^^^^^^^^^^^ source.doctrine
#            ^^^^^^^^^^^ source.doctrine entity.name.type.reference.standalone.doctrine entity.name.type.doctrine support.type.reference.doctrine
>
>    skills: "Skills"
#^^^^ source.doctrine
#    ^^^^^^ source.doctrine keyword.other.field.doctrine
#          ^ source.doctrine punctuation.separator.key-value.doctrine
#           ^ source.doctrine
#            ^^^^^^^^ source.doctrine string.quoted.double.doctrine
>        can_run: "Can Run"
#^^^^^^^^ source.doctrine
#        ^^^^^^^ source.doctrine entity.name.section.doctrine
#               ^ source.doctrine punctuation.separator.key-value.doctrine
#                ^ source.doctrine
#                 ^^^^^^^^^ source.doctrine string.quoted.double.doctrine
>            skill grounding: GroundingSkill
#^^^^^^^^^^^^ source.doctrine
#            ^^^^^ source.doctrine keyword.control.doctrine
#                 ^ source.doctrine
#                  ^^^^^^^^^ source.doctrine entity.name.section.doctrine
#                           ^ source.doctrine punctuation.separator.key-value.doctrine
#                            ^ source.doctrine
#                             ^^^^^^^^^^^^^^ source.doctrine entity.name.type.reference.key-value.doctrine entity.name.type.doctrine support.type.reference.doctrine
>                reason: "Ask {{ProjectLead}} for an owner decision only when the plan truly needs one."
#^^^^^^^^^^^^^^^^ source.doctrine
#                ^^^^^^ source.doctrine entity.name.section.doctrine
#                      ^ source.doctrine punctuation.separator.key-value.doctrine
#                       ^ source.doctrine
#                        ^ source.doctrine punctuation.definition.string.begin.doctrine
#                         ^^^^ source.doctrine string.quoted.double.doctrine
#                             ^^ source.doctrine string.quoted.double.doctrine punctuation.definition.interpolation.begin.doctrine
#                               ^^^^^^^^^^^ source.doctrine string.quoted.double.doctrine support.type.reference.doctrine
#                                          ^^ source.doctrine string.quoted.double.doctrine punctuation.definition.interpolation.end.doctrine
#                                            ^^^^^^^^^^^^^^^^^^^^^^^^^^^^^^^^^^^^^^^^^^^^^^^^^^^^^^^^^^ source.doctrine string.quoted.double.doctrine
#                                                                                                      ^ source.doctrine punctuation.definition.string.end.doctrine
>
>    outputs: "Outputs"
#^^^^ source.doctrine
#    ^^^^^^^ source.doctrine keyword.other.field.doctrine
#           ^ source.doctrine punctuation.separator.key-value.doctrine
#            ^ source.doctrine
#             ^^^^^^^^^ source.doctrine string.quoted.double.doctrine
>        TurnResponse
#^^^^^^^^ source.doctrine
#        ^^^^^^^^^^^^ source.doctrine entity.name.type.reference.standalone.doctrine entity.name.type.doctrine support.type.reference.doctrine
>
>    ending_your_turn: HowToRoute
#^^^^ source.doctrine
#    ^^^^^^^^^^^^^^^^ source.doctrine entity.name.section.doctrine
#                    ^ source.doctrine punctuation.separator.key-value.doctrine
#                     ^ source.doctrine
#                      ^^^^^^^^^^ source.doctrine entity.name.type.reference.key-value.doctrine entity.name.type.doctrine support.type.reference.doctrine
>