>workflow SharedRead: "Shared Read"
#^^^^^^^^ source.doctrine keyword.declaration.doctrine
#        ^ source.doctrine
#         ^^^^^^^^^^ source.doctrine entity.name.type.doctrine
#                   ^ source.doctrine punctuation.separator.key-value.doctrine
#                    ^ source.doctrine
#                     ^ source.doctrine punctuation.definition.string.begin.doctrine
#                      ^^^^^^^^^^^ source.doctrine string.quoted.double.doctrine
#                                 ^ source.doctrine punctuation.definition.string.end.doctrine
>    "Read this first."
#^^^^ source.doctrine
#    ^ source.doctrine punctuation.definition.string.begin.doctrine
#     ^^^^^^^^^^^^^^^^ source.doctrine string.quoted.double.doctrine
#                     ^ source.doctrine punctuation.definition.string.end.doctrine
>
>
>skill BrokenSkill: "Broken Skill"
#^^^^^ source.doctrine keyword.declaration.doctrine
#     ^ source.doctrine
#      ^^^^^^^^^^^ source.doctrine entity.name.type.doctrine
#                 ^ source.doctrine punctuation.separator.key-value.doctrine
#                  ^ source.doctrine
#                   ^ source.doctrine punctuation.definition.string.begin.doctrine
#                    ^^^^^^^^^^^^ source.doctrine string.quoted.double.doctrine
#                                ^ source.doctrine punctuation.definition.string.end.doctrine
>    purpose: "Start with {{SharedRead}} before you act."
#^^^^ source.doctrine
#    ^^^^^^^ source.doctrine entity.name.section.doctrine
#           ^ source.doctrine punctuation.separator.key-value.doctrine
#            ^ source.doctrine
#             ^ source.doctrine punctuation.definition.string.begin.doctrine
#              ^^^^^^^^^^^ source.doctrine string.quoted.double.doctrine
#                         ^^ source.doctrine string.quoted.double.doctrine punctuation.definition.interpolation.begin.doctrine
#                           ^^^^^^^^^^ source.doctrine string.quoted.double.doctrine support.type.reference.doctrine
#                                     ^^ source.doctrine string.quoted.double.doctrine punctuation.definition.interpolation.end.doctrine
#                                       ^^^^^^^^^^^^^^^^ source.doctrine string.quoted.double.doctrine
#                                                       ^ source.doctrine punctuation.definition.string.end.doctrine
>
>
>agent InvalidSkillPurposeInterpolationDemo:
#^^^^^ source.doctrine keyword.declaration.doctrine
#     ^ source.doctrine
#      ^^^^^^^^^^^^^^^^^^^^^^^^^^^^^^^^^^^^ source.doctrine entity.name.type.doctrine
#                                          ^ source.doctrine punctuation.separator.key-value.doctrine
>    role: "This prompt exists only to trigger the compile-fail contract."
#^^^^ source.doctrine
#    ^^^^ source.doctrine keyword.other.field.doctrine
#        ^ source.doctrine punctuation.separator.key-value.doctrine
#         ^ source.doctrine
#          ^ source.doctrine punctuation.definition.string.begin.doctrine
#           ^^^^^^^^^^^^^^^^^^^^^^^^^^^^^^^^^^^^^^^^^^^^^^^^^^^^^^^^^^^^^ source.doctrine string.quoted.double.doctrine
#                                                                        ^ source.doctrine punctuation.definition.string.end.doctrine
>
>    skills: "Skills"
#^^^^ source.doctrine
#    ^^^^^^ source.doctrine keyword.other.field.doctrine
#          ^ source.doctrine punctuation.separator.key-value.doctrine
#           ^ source.doctrine
#            ^^^^^^^^ source.doctrine string.quoted.double.doctrine
>        can_run: "Can Run"
#^^^^^^^^ source.doctrine
#        ^^^^^^^ source.doctrine entity.name.section.doctrine
#               ^ source.doctrine punctuation.separator.key-value.doctrine
#                ^ source.doctrine
#                 ^^^^^^^^^ source.doctrine string.quoted.double.doctrine
>            skill broken: BrokenSkill
#^^^^^^^^^^^^ source.doctrine
#            ^^^^^ source.doctrine keyword.control.doctrine
#                 ^ source.doctrine
#                  ^^^^^^ source.doctrine entity.name.section.doctrine
#                        ^ source.doctrine punctuation.separator.key-value.doctrine
#                         ^ source.doctrine
#                          ^^^^^^^^^^^ source.doctrine entity.name.type.reference.key-value.doctrine entity.name.type.doctrine support.type.reference.doctrine
>                requirement: Advisory
#^^^^^^^^^^^^^^^^ source.doctrine
#                ^^^^^^^^^^^ source.doctrine entity.name.section.doctrine
#                           ^ source.doctrine punctuation.separator.key-value.doctrine
#                            ^ source.doctrine
#                             ^^^^^^^^ source.doctrine entity.name.type.reference.key-value.doctrine entity.name.type.doctrine support.type.reference.doctrine
>