>output DurableSectionTruth: "Durable Section Truth"
#^^^^^^ source.doctrine keyword.declaration.doctrine
#      ^ source.doctrine
#       ^^^^^^^^^^^^^^^^^^^ source.doctrine entity.name.type.doctrine
#                          ^ source.doctrine punctuation.separator.key-value.doctrine
#                           ^ source.doctrine
#                            ^ source.doctrine punctuation.definition.string.begin.doctrine
#                             ^^^^^^^^^^^^^^^^^^^^^ source.doctrine string.quoted.double.doctrine
#                                                  ^ source.doctrine punctuation.definition.string.end.doctrine
>    target: File
#^^^^ source.doctrine
#    ^^^^^^ source.doctrine entity.name.section.doctrine
#          ^ source.doctrine punctuation.separator.key-value.doctrine
#           ^ source.doctrine
#            ^^^^ source.doctrine entity.name.type.reference.key-value.doctrine entity.name.type.doctrine support.type.reference.doctrine
>        path: "section_root/_authoring/durable_section_truth.md"
#^^^^^^^^ source.doctrine
#        ^^^^ source.doctrine entity.name.section.doctrine
#            ^ source.doctrine punctuation.separator.key-value.doctrine
#             ^ source.doctrine
#              ^^^^^^^^^^^^^^^^^^^^^^^^^^^^^^^^^^^^^^^^^^^^^^^^^^ source.doctrine string.quoted.double.doctrine
>    shape: "Markdown Document"
#^^^^ source.doctrine
#    ^^^^^ source.doctrine entity.name.section.doctrine
#         ^ source.doctrine punctuation.separator.key-value.doctrine
#          ^ source.doctrine
#           ^^^^^^^^^^^^^^^^^^^ source.doctrine string.quoted.double.doctrine
>    requirement: Required
#^^^^ source.doctrine
#    ^^^^^^^^^^^ source.doctrine entity.name.section.doctrine
#               ^ source.doctrine punctuation.separator.key-value.doctrine
#                ^ source.doctrine
#                 ^^^^^^^^ source.doctrine entity.name.type.reference.key-value.doctrine entity.name.type.doctrine support.type.reference.doctrine
>
>
>output CoordinationHandoff: "Coordination Handoff"
#^^^^^^ source.doctrine keyword.declaration.doctrine
#      ^ source.doctrine
#       ^^^^^^^^^^^^^^^^^^^ source.doctrine entity.name.type.doctrine
#                          ^ source.doctrine punctuation.separator.key-value.doctrine
#                           ^ source.doctrine
#                            ^ source.doctrine punctuation.definition.string.begin.doctrine
#                             ^^^^^^^^^^^^^^^^^^^^ source.doctrine string.quoted.double.doctrine
#                                                 ^ source.doctrine punctuation.definition.string.end.doctrine
>    target: TurnResponse
#^^^^ source.doctrine
#    ^^^^^^ source.doctrine entity.name.section.doctrine
#          ^ source.doctrine punctuation.separator.key-value.doctrine
#           ^ source.doctrine
#            ^^^^^^^^^^^^ source.doctrine entity.name.type.reference.key-value.doctrine entity.name.type.doctrine support.type.reference.doctrine
>    shape: "Comment"
#^^^^ source.doctrine
#    ^^^^^ source.doctrine entity.name.section.doctrine
#         ^ source.doctrine punctuation.separator.key-value.doctrine
#          ^ source.doctrine
#           ^^^^^^^^^ source.doctrine string.quoted.double.doctrine
>    requirement: Required
#^^^^ source.doctrine
#    ^^^^^^^^^^^ source.doctrine entity.name.section.doctrine
#               ^ source.doctrine punctuation.separator.key-value.doctrine
#                ^ source.doctrine
#                 ^^^^^^^^ source.doctrine entity.name.type.reference.key-value.doctrine entity.name.type.doctrine support.type.reference.doctrine
>
>
>outputs BaseSectionOutputs: "Your Outputs"
#^^^^^^^ source.doctrine keyword.declaration.doctrine
#       ^ source.doctrine
#        ^^^^^^^^^^^^^^^^^^ source.doctrine entity.name.type.doctrine
#                          ^ source.doctrine punctuation.separator.key-value.doctrine
#                           ^ source.doctrine
#                            ^ source.doctrine punctuation.definition.string.begin.doctrine
#                             ^^^^^^^^^^^^ source.doctrine string.quoted.double.doctrine
#                                         ^ source.doctrine punctuation.definition.string.end.doctrine
>    durable_section_truth: "Durable Section Truth"
#^^^^ source.doctrine
#    ^^^^^^^^^^^^^^^^^^^^^ source.doctrine entity.name.section.doctrine
#                         ^ source.doctrine punctuation.separator.key-value.doctrine
#                          ^ source.doctrine
#                           ^^^^^^^^^^^^^^^^^^^^^^^ source.doctrine string.quoted.double.doctrine
>        DurableSectionTruth
#^^^^^^^^ source.doctrine
#        ^^^^^^^^^^^^^^^^^^^ source.doctrine entity.name.type.reference.standalone.doctrine entity.name.type.doctrine support.type.reference.doctrine
>
>    coordination_handoff: "Coordination Handoff"
#^^^^ source.doctrine
#    ^^^^^^^^^^^^^^^^^^^^ source.doctrine entity.name.section.doctrine
#                        ^ source.doctrine punctuation.separator.key-value.doctrine
#                         ^ source.doctrine
#                          ^^^^^^^^^^^^^^^^^^^^^^ source.doctrine string.quoted.double.doctrine
>        CoordinationHandoff
#^^^^^^^^ source.doctrine
#        ^^^^^^^^^^^^^^^^^^^ source.doctrine entity.name.type.reference.standalone.doctrine entity.name.type.doctrine support.type.reference.doctrine
>
>
>outputs InvalidMissingOutputs[BaseSectionOutputs]: "Your Outputs"
#^^^^^^^ source.doctrine keyword.declaration.doctrine
#       ^ source.doctrine
#        ^^^^^^^^^^^^^^^^^^^^^ source.doctrine entity.name.type.doctrine
#                             ^ source.doctrine punctuation.section.inheritance.begin.doctrine
#                              ^^^^^^^^^^^^^^^^^^ source.doctrine entity.other.inherited-class.doctrine
#                                                ^ source.doctrine punctuation.section.inheritance.end.doctrine
#                                                 ^ source.doctrine punctuation.separator.key-value.doctrine
#                                                  ^ source.doctrine
#                                                   ^ source.doctrine punctuation.definition.string.begin.doctrine
#                                                    ^^^^^^^^^^^^ source.doctrine string.quoted.double.doctrine
#                                                                ^ source.doctrine punctuation.definition.string.end.doctrine
>    inherit durable_section_truth
#^^^^ source.doctrine
#    ^^^^^^^ source.doctrine keyword.control.doctrine
#           ^ source.doctrine
#            ^^^^^^^^^^^^^^^^^^^^^ source.doctrine entity.name.section.reference.doctrine entity.name.section.doctrine support.type.reference.doctrine
>
>
>agent InvalidMissingInheritedIoEntryDemo:
#^^^^^ source.doctrine keyword.declaration.doctrine
#     ^ source.doctrine
#      ^^^^^^^^^^^^^^^^^^^^^^^^^^^^^^^^^^ source.doctrine entity.name.type.doctrine
#                                        ^ source.doctrine punctuation.separator.key-value.doctrine
>    role: "Trigger a missing inherited IO block entry."
#^^^^ source.doctrine
#    ^^^^ source.doctrine keyword.other.field.doctrine
#        ^ source.doctrine punctuation.separator.key-value.doctrine
#         ^ source.doctrine
#          ^ source.doctrine punctuation.definition.string.begin.doctrine
#           ^^^^^^^^^^^^^^^^^^^^^^^^^^^^^^^^^^^^^^^^^^^ source.doctrine string.quoted.double.doctrine
#                                                      ^ source.doctrine punctuation.definition.string.end.doctrine
>    outputs: InvalidMissingOutputs
#^^^^ source.doctrine
#    ^^^^^^^ source.doctrine keyword.other.field.doctrine
#           ^ source.doctrine punctuation.separator.key-value.doctrine
#            ^ source.doctrine
#             ^^^^^^^^^^^^^^^^^^^^^ source.doctrine entity.name.type.reference.key-value.doctrine entity.name.type.doctrine support.type.reference.doctrine
>