>input ScopedCatalogTruth: "Scoped Catalog Truth"
#^^^^^ source.doctrine keyword.declaration.doctrine
#     ^ source.doctrine
#      ^^^^^^^^^^^^^^^^^^ source.doctrine entity.name.type.doctrine
#                        ^ source.doctrine punctuation.separator.key-value.doctrine
#                         ^ source.doctrine
#                          ^ source.doctrine punctuation.definition.string.begin.doctrine
#                           ^^^^^^^^^^^^^^^^^^^^ source.doctrine string.quoted.double.doctrine
#                                               ^ source.doctrine punctuation.definition.string.end.doctrine
>    source: File
#^^^^ source.doctrine
#    ^^^^^^ source.doctrine entity.name.section.doctrine
#          ^ source.doctrine punctuation.separator.key-value.doctrine
#           ^ source.doctrine
#            ^^^^ source.doctrine entity.name.type.reference.key-value.doctrine entity.name.type.doctrine support.type.reference.doctrine
>        path: "catalog/scoped_catalog_truth.json"
#^^^^^^^^ source.doctrine
#        ^^^^ source.doctrine entity.name.section.doctrine
#            ^ source.doctrine punctuation.separator.key-value.doctrine
#             ^ source.doctrine
#              ^^^^^^^^^^^^^^^^^^^^^^^^^^^^^^^^^^^ source.doctrine string.quoted.double.doctrine
>    shape: "JSON Document"
#^^^^ source.doctrine
#    ^^^^^ source.doctrine entity.name.section.doctrine
#         ^ source.doctrine punctuation.separator.key-value.doctrine
#          ^ source.doctrine
#           ^^^^^^^^^^^^^^^ source.doctrine string.quoted.double.doctrine
>    requirement: Required
#^^^^ source.doctrine
#    ^^^^^^^^^^^ source.doctrine entity.name.section.doctrine
#               ^ source.doctrine punctuation.separator.key-value.doctrine
#                ^ source.doctrine
#                 ^^^^^^^^ source.doctrine entity.name.type.reference.key-value.doctrine entity.name.type.doctrine support.type.reference.doctrine
>
>
>inputs BaseSectionInputs: "Your Inputs"
#^^^^^^ source.doctrine keyword.declaration.doctrine
#      ^ source.doctrine
#       ^^^^^^^^^^^^^^^^^ source.doctrine entity.name.type.doctrine
#                        ^ source.doctrine punctuation.separator.key-value.doctrine
#                         ^ source.doctrine
#                          ^ source.doctrine punctuation.definition.string.begin.doctrine
#                           ^^^^^^^^^^^ source.doctrine string.quoted.double.doctrine
#                                      ^ source.doctrine punctuation.definition.string.end.doctrine
>    scoped_catalog_truth: "Scoped Catalog Truth"
#^^^^ source.doctrine
#    ^^^^^^^^^^^^^^^^^^^^ source.doctrine entity.name.section.doctrine
#                        ^ source.doctrine punctuation.separator.key-value.doctrine
#                         ^ source.doctrine
#                          ^^^^^^^^^^^^^^^^^^^^^^ source.doctrine string.quoted.double.doctrine
>        ScopedCatalogTruth
#^^^^^^^^ source.doctrine
#        ^^^^^^^^^^^^^^^^^^ source.doctrine entity.name.type.reference.standalone.doctrine entity.name.type.doctrine support.type.reference.doctrine
>
>
>inputs InvalidUndefinedInheritInputs[BaseSectionInputs]: "Your Inputs"
#^^^^^^ source.doctrine keyword.declaration.doctrine
#      ^ source.doctrine
#       ^^^^^^^^^^^^^^^^^^^^^^^^^^^^^ source.doctrine entity.name.type.doctrine
#                                    ^ source.doctrine punctuation.section.inheritance.begin.doctrine
#                                     ^^^^^^^^^^^^^^^^^ source.doctrine entity.other.inherited-class.doctrine
#                                                      ^ source.doctrine punctuation.section.inheritance.end.doctrine
#                                                       ^ source.doctrine punctuation.separator.key-value.doctrine
#                                                        ^ source.doctrine
#                                                         ^ source.doctrine punctuation.definition.string.begin.doctrine
#                                                          ^^^^^^^^^^^ source.doctrine string.quoted.double.doctrine
#                                                                     ^ source.doctrine punctuation.definition.string.end.doctrine
>    inherit continuity_only
#^^^^ source.doctrine
#    ^^^^^^^ source.doctrine keyword.control.doctrine
#           ^ source.doctrine
#            ^^^^^^^^^^^^^^^ source.doctrine entity.name.section.reference.doctrine entity.name.section.doctrine support.type.reference.doctrine
>
>
>agent InvalidUndefinedInheritIoDemo:
#^^^^^ source.doctrine keyword.declaration.doctrine
#     ^ source.doctrine
#      ^^^^^^^^^^^^^^^^^^^^^^^^^^^^^ source.doctrine entity.name.type.doctrine
#                                   ^ source.doctrine punctuation.separator.key-value.doctrine
>    role: "Trigger inheritance of an undefined IO block entry."
#^^^^ source.doctrine
#    ^^^^ source.doctrine keyword.other.field.doctrine
#        ^ source.doctrine punctuation.separator.key-value.doctrine
#         ^ source.doctrine
#          ^ source.doctrine punctuation.definition.string.begin.doctrine
#           ^^^^^^^^^^^^^^^^^^^^^^^^^^^^^^^^^^^^^^^^^^^^^^^^^^^ source.doctrine string.quoted.double.doctrine
#                                                              ^ source.doctrine punctuation.definition.string.end.doctrine
>    inputs: InvalidUndefinedInheritInputs
#^^^^ source.doctrine
#    ^^^^^^ source.doctrine keyword.other.field.doctrine
#          ^ source.doctrine punctuation.separator.key-value.doctrine
#           ^ source.doctrine
#            ^^^^^^^^^^^^^^^^^^^^^^^^^^^^^ source.doctrine entity.name.type.reference.key-value.doctrine entity.name.type.doctrine support.type.reference.doctrine
>