>workflow ProjectLeadJob: "Your Job"
#^^^^^^^^ source.doctrine keyword.declaration.doctrine
#        ^ source.doctrine
#         ^^^^^^^^^^^^^^ source.doctrine entity.name.type.doctrine
#                       ^ source.doctrine punctuation.separator.key-value.doctrine
#                        ^ source.doctrine
#                         ^ source.doctrine punctuation.definition.string.begin.doctrine
#                          ^^^^^^^^ source.doctrine string.quoted.double.doctrine
#                                  ^ source.doctrine punctuation.definition.string.end.doctrine
>    "Repair the route honestly."
#^^^^ source.doctrine
#    ^ source.doctrine punctuation.definition.string.begin.doctrine
#     ^^^^^^^^^^^^^^^^^^^^^^^^^^ source.doctrine string.quoted.double.doctrine
#                               ^ source.doctrine punctuation.definition.string.end.doctrine
>    "Restore the missing current input before rerouting the work."
#^^^^ source.doctrine
#    ^ source.doctrine punctuation.definition.string.begin.doctrine
#     ^^^^^^^^^^^^^^^^^^^^^^^^^^^^^^^^^^^^^^^^^^^^^^^^^^^^^^^^^^^^ source.doctrine string.quoted.double.doctrine
#                                                                 ^ source.doctrine punctuation.definition.string.end.doctrine
>