>output FinalReply: "Final Reply"
#^^^^^^ source.doctrine keyword.declaration.doctrine
#      ^ source.doctrine
#       ^^^^^^^^^^ source.doctrine entity.name.type.doctrine
#                 ^ source.doctrine punctuation.separator.key-value.doctrine
#                  ^ source.doctrine
#                   ^ source.doctrine punctuation.definition.string.begin.doctrine
#                    ^^^^^^^^^^^ source.doctrine string.quoted.double.doctrine
#                               ^ source.doctrine punctuation.definition.string.end.doctrine
>    target: TurnResponse
#^^^^ source.doctrine
#    ^^^^^^ source.doctrine entity.name.section.doctrine
#          ^ source.doctrine punctuation.separator.key-value.doctrine
#           ^ source.doctrine
#            ^^^^^^^^^^^^ source.doctrine entity.name.type.reference.key-value.doctrine entity.name.type.doctrine support.type.reference.doctrine
>    shape: CommentText
#^^^^ source.doctrine
#    ^^^^^ source.doctrine entity.name.section.doctrine
#         ^ source.doctrine punctuation.separator.key-value.doctrine
#          ^ source.doctrine
#           ^^^^^^^^^^^ source.doctrine entity.name.type.reference.key-value.doctrine entity.name.type.doctrine support.type.reference.doctrine
>    requirement: Required
#^^^^ source.doctrine
#    ^^^^^^^^^^^ source.doctrine entity.name.section.doctrine
#               ^ source.doctrine punctuation.separator.key-value.doctrine
#                ^ source.doctrine
#                 ^^^^^^^^ source.doctrine entity.name.type.reference.key-value.doctrine entity.name.type.doctrine support.type.reference.doctrine
>
>    format_notes: "Expected Structure"
#^^^^ source.doctrine
#    ^^^^^^^^^^^^ source.doctrine entity.name.section.doctrine
#                ^ source.doctrine punctuation.separator.key-value.doctrine
#                 ^ source.doctrine
#                  ^^^^^^^^^^^^^^^^^^^^ source.doctrine string.quoted.double.doctrine
>        "Lead with the shipped outcome."
#^^^^^^^^ source.doctrine
#        ^ source.doctrine punctuation.definition.string.begin.doctrine
#         ^^^^^^^^^^^^^^^^^^^^^^^^^^^^^^ source.doctrine string.quoted.double.doctrine
#                                       ^ source.doctrine punctuation.definition.string.end.doctrine
>        "Keep the answer concise unless the user asked for depth."
#^^^^^^^^ source.doctrine
#        ^ source.doctrine punctuation.definition.string.begin.doctrine
#         ^^^^^^^^^^^^^^^^^^^^^^^^^^^^^^^^^^^^^^^^^^^^^^^^^^^^^^^^ source.doctrine string.quoted.double.doctrine
#                                                                 ^ source.doctrine punctuation.definition.string.end.doctrine
>
>    standalone_read: "Standalone Read"
#^^^^ source.doctrine
#    ^^^^^^^^^^^^^^^ source.doctrine entity.name.section.doctrine
#                   ^ source.doctrine punctuation.separator.key-value.doctrine
#                    ^ source.doctrine
#                     ^^^^^^^^^^^^^^^^^ source.doctrine string.quoted.double.doctrine
>        "The user should understand what changed and what happens next."
#^^^^^^^^ source.doctrine
#        ^ source.doctrine punctuation.definition.string.begin.doctrine
#         ^^^^^^^^^^^^^^^^^^^^^^^^^^^^^^^^^^^^^^^^^^^^^^^^^^^^^^^^^^^^^^ source.doctrine string.quoted.double.doctrine
#                                                                       ^ source.doctrine punctuation.definition.string.end.doctrine
>
>
>agent HelloAgent:
#^^^^^ source.doctrine keyword.declaration.doctrine
#     ^ source.doctrine
#      ^^^^^^^^^^ source.doctrine entity.name.type.doctrine
#                ^ source.doctrine punctuation.separator.key-value.doctrine
>    role: "Answer plainly and end the turn."
#^^^^ source.doctrine
#    ^^^^ source.doctrine keyword.other.field.doctrine
#        ^ source.doctrine punctuation.separator.key-value.doctrine
#         ^ source.doctrine
#          ^ source.doctrine punctuation.definition.string.begin.doctrine
#           ^^^^^^^^^^^^^^^^^^^^^^^^^^^^^^^^ source.doctrine string.quoted.double.doctrine
#                                           ^ source.doctrine punctuation.definition.string.end.doctrine
>    workflow: "Reply"
#^^^^ source.doctrine
#    ^^^^^^^^ source.doctrine entity.name.section.doctrine
#            ^ source.doctrine punctuation.separator.key-value.doctrine
#             ^ source.doctrine
#              ^^^^^^^ source.doctrine string.quoted.double.doctrine
>        "Reply and stop."
#^^^^^^^^ source.doctrine
#        ^ source.doctrine punctuation.definition.string.begin.doctrine
#         ^^^^^^^^^^^^^^^ source.doctrine string.quoted.double.doctrine
#                        ^ source.doctrine punctuation.definition.string.end.doctrine
>    outputs: "Outputs"
#^^^^ source.doctrine
#    ^^^^^^^ source.doctrine keyword.other.field.doctrine
#           ^ source.doctrine punctuation.separator.key-value.doctrine
#            ^ source.doctrine
#             ^^^^^^^^^ source.doctrine string.quoted.double.doctrine
>        FinalReply
#^^^^^^^^ source.doctrine
#        ^^^^^^^^^^ source.doctrine entity.name.type.reference.standalone.doctrine entity.name.type.doctrine support.type.reference.doctrine
>    final_output: FinalReply
#^^^^ source.doctrine
#    ^^^^^^^^^^^^ source.doctrine keyword.other.field.doctrine
#                ^ source.doctrine punctuation.separator.key-value.doctrine
#                 ^ source.doctrine
#                  ^^^^^^^^^^ source.doctrine entity.name.type.reference.key-value.doctrine entity.name.type.doctrine support.type.reference.doctrine
>