># This parse-negative keeps the old title-only guarded-section sketch out of
#^^^^^^^^^^^^^^^^^^^^^^^^^^^^^^^^^^^^^^^^^^^^^^^^^^^^^^^^^^^^^^^^^^^^^^^^^^^^ source.doctrine comment.line.number-sign.doctrine
># the shipped grammar.
#^^^^^^^^^^^^^^^^^^^^^^ source.doctrine comment.line.number-sign.doctrine
>
># Declare an output that tries to use the draft title-only syntax instead of
#^^^^^^^^^^^^^^^^^^^^^^^^^^^^^^^^^^^^^^^^^^^^^^^^^^^^^^^^^^^^^^^^^^^^^^^^^^^^ source.doctrine comment.line.number-sign.doctrine
># the shipped keyed form.
#^^^^^^^^^^^^^^^^^^^^^^^^^ source.doctrine comment.line.number-sign.doctrine
>output BrokenGuardedComment: "Broken Guarded Comment"
#^^^^^^ source.doctrine keyword.declaration.doctrine
#      ^ source.doctrine
#       ^^^^^^^^^^^^^^^^^^^^ source.doctrine entity.name.type.doctrine
#                           ^ source.doctrine punctuation.separator.key-value.doctrine
#                            ^ source.doctrine
#                             ^ source.doctrine punctuation.definition.string.begin.doctrine
#                              ^^^^^^^^^^^^^^^^^^^^^^ source.doctrine string.quoted.double.doctrine
#                                                    ^ source.doctrine punctuation.definition.string.end.doctrine
>    target: TurnResponse
#^^^^ source.doctrine
#    ^^^^^^ source.doctrine entity.name.section.doctrine
#          ^ source.doctrine punctuation.separator.key-value.doctrine
#           ^ source.doctrine
#            ^^^^^^^^^^^^ source.doctrine entity.name.type.reference.key-value.doctrine entity.name.type.doctrine support.type.reference.doctrine
>    shape: Comment
#^^^^ source.doctrine
#    ^^^^^ source.doctrine entity.name.section.doctrine
#         ^ source.doctrine punctuation.separator.key-value.doctrine
#          ^ source.doctrine
#           ^^^^^^^ source.doctrine entity.name.type.reference.key-value.doctrine entity.name.type.doctrine support.type.reference.doctrine
>    requirement: Required
#^^^^ source.doctrine
#    ^^^^^^^^^^^ source.doctrine entity.name.section.doctrine
#               ^ source.doctrine punctuation.separator.key-value.doctrine
#                ^ source.doctrine
#                 ^^^^^^^^ source.doctrine entity.name.type.reference.key-value.doctrine entity.name.type.doctrine support.type.reference.doctrine
>
>    # This line is the invalid shape. A guarded output section must start with
#^^^^^^^^^^^^^^^^^^^^^^^^^^^^^^^^^^^^^^^^^^^^^^^^^^^^^^^^^^^^^^^^^^^^^^^^^^^^^^ source.doctrine comment.line.number-sign.doctrine
>    # a stable key such as `repeated_problem:`.
#^^^^^^^^^^^^^^^^^^^^^^^^^^^^^^^^^^^^^^^^^^^^^^^ source.doctrine comment.line.number-sign.doctrine
>    section "Repeated Problem" when RouteFacts.critic_miss_repeated:
#^^^^^^^^^^^^ source.doctrine
#            ^ source.doctrine punctuation.definition.string.begin.doctrine
#             ^^^^^^^^^^^^^^^^ source.doctrine string.quoted.double.doctrine
#                             ^ source.doctrine punctuation.definition.string.end.doctrine
#                              ^ source.doctrine
#                               ^^^^ source.doctrine keyword.control.doctrine
#                                   ^^^^^^^^^^^^^^^^^^^^^^^^^^^^^^^^^^ source.doctrine
>        "Say whether the same critic miss repeated."
#^^^^^^^^ source.doctrine
#        ^ source.doctrine punctuation.definition.string.begin.doctrine
#         ^^^^^^^^^^^^^^^^^^^^^^^^^^^^^^^^^^^^^^^^^^ source.doctrine string.quoted.double.doctrine
#                                                   ^ source.doctrine punctuation.definition.string.end.doctrine
>