># Draft handoff example for next-owner routing.
#^^^^^^^^^^^^^^^^^^^^^^^^^^^^^^^^^^^^^^^^^^^^^^^ source.doctrine comment.line.number-sign.doctrine
># This example stays aligned with `05_workflow_merge`:
#^^^^^^^^^^^^^^^^^^^^^^^^^^^^^^^^^^^^^^^^^^^^^^^^^^^^^^ source.doctrine comment.line.number-sign.doctrine
># - inherited named structure uses explicit patching
#^^^^^^^^^^^^^^^^^^^^^^^^^^^^^^^^^^^^^^^^^^^^^^^^^^^^ source.doctrine comment.line.number-sign.doctrine
># - `inherit key` keeps inherited content in place
#^^^^^^^^^^^^^^^^^^^^^^^^^^^^^^^^^^^^^^^^^^^^^^^^^^ source.doctrine comment.line.number-sign.doctrine
># - `override key:` replaces inherited content in place
#^^^^^^^^^^^^^^^^^^^^^^^^^^^^^^^^^^^^^^^^^^^^^^^^^^^^^^^ source.doctrine comment.line.number-sign.doctrine
># - agent-level named slots follow the same explicit patching rule
#^^^^^^^^^^^^^^^^^^^^^^^^^^^^^^^^^^^^^^^^^^^^^^^^^^^^^^^^^^^^^^^^^^ source.doctrine comment.line.number-sign.doctrine
>#
#^ source.doctrine comment.line.number-sign.doctrine
># This example is intentionally narrower than the earlier draft:
#^^^^^^^^^^^^^^^^^^^^^^^^^^^^^^^^^^^^^^^^^^^^^^^^^^^^^^^^^^^^^^^^ source.doctrine comment.line.number-sign.doctrine
># - no critic lane
#^^^^^^^^^^^^^^^^^^ source.doctrine comment.line.number-sign.doctrine
># - no review-specific routing
#^^^^^^^^^^^^^^^^^^^^^^^^^^^^^^ source.doctrine comment.line.number-sign.doctrine
># - no routing DSL keywords like `review`, `when_ready`, or `on_reject`
#^^^^^^^^^^^^^^^^^^^^^^^^^^^^^^^^^^^^^^^^^^^^^^^^^^^^^^^^^^^^^^^^^^^^^^^ source.doctrine comment.line.number-sign.doctrine
># - the arrow is preserved, but only inside an explicit `route` statement
#^^^^^^^^^^^^^^^^^^^^^^^^^^^^^^^^^^^^^^^^^^^^^^^^^^^^^^^^^^^^^^^^^^^^^^^^^ source.doctrine comment.line.number-sign.doctrine
>#
#^ source.doctrine comment.line.number-sign.doctrine
># This example still follows the `06_nested_workflows` rule:
#^^^^^^^^^^^^^^^^^^^^^^^^^^^^^^^^^^^^^^^^^^^^^^^^^^^^^^^^^^^^ source.doctrine comment.line.number-sign.doctrine
># - simple local workflow structure can stay inline
#^^^^^^^^^^^^^^^^^^^^^^^^^^^^^^^^^^^^^^^^^^^^^^^^^^^ source.doctrine comment.line.number-sign.doctrine
># - nested, reusable, or inherited structure should live in named workflows
#^^^^^^^^^^^^^^^^^^^^^^^^^^^^^^^^^^^^^^^^^^^^^^^^^^^^^^^^^^^^^^^^^^^^^^^^^^^ source.doctrine comment.line.number-sign.doctrine
># - agent inheritance should carry named section slots, not anonymous deep trees
#^^^^^^^^^^^^^^^^^^^^^^^^^^^^^^^^^^^^^^^^^^^^^^^^^^^^^^^^^^^^^^^^^^^^^^^^^^^^^^^^ source.doctrine comment.line.number-sign.doctrine
>
>workflow ReadFirst: "Read First"
#^^^^^^^^ source.doctrine keyword.declaration.doctrine
#        ^ source.doctrine
#         ^^^^^^^^^ source.doctrine entity.name.type.doctrine
#                  ^ source.doctrine punctuation.separator.key-value.doctrine
#                   ^ source.doctrine
#                    ^ source.doctrine punctuation.definition.string.begin.doctrine
#                     ^^^^^^^^^^ source.doctrine string.quoted.double.doctrine
#                               ^ source.doctrine punctuation.definition.string.end.doctrine
>    "Read Your Job first. Then read Workflow Core."
#^^^^ source.doctrine
#    ^ source.doctrine punctuation.definition.string.begin.doctrine
#     ^^^^^^^^^^^^^^^^^^^^^^^^^^^^^^^^^^^^^^^^^^^^^ source.doctrine string.quoted.double.doctrine
#                                                  ^ source.doctrine punctuation.definition.string.end.doctrine
>
>
>workflow ProjectLeadReadFirst[ReadFirst]: "Read First"
#^^^^^^^^ source.doctrine keyword.declaration.doctrine
#        ^ source.doctrine
#         ^^^^^^^^^^^^^^^^^^^^ source.doctrine entity.name.type.doctrine
#                             ^ source.doctrine punctuation.section.inheritance.begin.doctrine
#                              ^^^^^^^^^ source.doctrine entity.other.inherited-class.doctrine
#                                       ^ source.doctrine punctuation.section.inheritance.end.doctrine
#                                        ^ source.doctrine punctuation.separator.key-value.doctrine
#                                         ^ source.doctrine
#                                          ^ source.doctrine punctuation.definition.string.begin.doctrine
#                                           ^^^^^^^^^^ source.doctrine string.quoted.double.doctrine
#                                                     ^ source.doctrine punctuation.definition.string.end.doctrine
>    "Start by reading Your Job."
#^^^^ source.doctrine
#    ^ source.doctrine punctuation.definition.string.begin.doctrine
#     ^^^^^^^^^^^^^^^^^^^^^^^^^^ source.doctrine string.quoted.double.doctrine
#                               ^ source.doctrine punctuation.definition.string.end.doctrine
>    "Then read Workflow Core."
#^^^^ source.doctrine
#    ^ source.doctrine punctuation.definition.string.begin.doctrine
#     ^^^^^^^^^^^^^^^^^^^^^^^^ source.doctrine string.quoted.double.doctrine
#                             ^ source.doctrine punctuation.definition.string.end.doctrine
>
>
>workflow SameIssueWorkflowCoreBase: "Workflow Core"
#^^^^^^^^ source.doctrine keyword.declaration.doctrine
#        ^ source.doctrine
#         ^^^^^^^^^^^^^^^^^^^^^^^^^ source.doctrine entity.name.type.doctrine
#                                  ^ source.doctrine punctuation.separator.key-value.doctrine
#                                   ^ source.doctrine
#                                    ^ source.doctrine punctuation.definition.string.begin.doctrine
#                                     ^^^^^^^^^^^^^ source.doctrine string.quoted.double.doctrine
#                                                  ^ source.doctrine punctuation.definition.string.end.doctrine
>    same_issue_workflow: "Same-Issue Workflow"
#^^^^ source.doctrine
#    ^^^^^^^^^^^^^^^^^^^ source.doctrine entity.name.section.doctrine
#                       ^ source.doctrine punctuation.separator.key-value.doctrine
#                        ^ source.doctrine
#                         ^^^^^^^^^^^^^^^^^^^^^ source.doctrine string.quoted.double.doctrine
>        "Keep the work on the same issue."
#^^^^^^^^ source.doctrine
#        ^ source.doctrine punctuation.definition.string.begin.doctrine
#         ^^^^^^^^^^^^^^^^^^^^^^^^^^^^^^^^ source.doctrine string.quoted.double.doctrine
#                                         ^ source.doctrine punctuation.definition.string.end.doctrine
>        "Do only this lane's job."
#^^^^^^^^ source.doctrine
#        ^ source.doctrine punctuation.definition.string.begin.doctrine
#         ^^^^^^^^^^^^^^^^^^^^^^^^ source.doctrine string.quoted.double.doctrine
#                                 ^ source.doctrine punctuation.definition.string.end.doctrine
>        "Route to the next owner only when the current lane is honestly ready."
#^^^^^^^^ source.doctrine
#        ^ source.doctrine punctuation.definition.string.begin.doctrine
#         ^^^^^^^^^^^^^^^^^^^^^^^^^^^^^^^^^^^^^^^^^^^^^^^^^^^^^^^^^^^^^^^^^^^^^ source.doctrine string.quoted.double.doctrine
#                                                                              ^ source.doctrine punctuation.definition.string.end.doctrine
>        "If the work is blocked or the route is unclear, return it to Project Lead."
#^^^^^^^^ source.doctrine
#        ^ source.doctrine punctuation.definition.string.begin.doctrine
#         ^^^^^^^^^^^^^^^^^^^^^^^^^^^^^^^^^^^^^^^^^^^^^^^^^^^^^^^^^^^^^^^^^^^^^^^^^^ source.doctrine string.quoted.double.doctrine
#                                                                                   ^ source.doctrine punctuation.definition.string.end.doctrine
>
>    owner_change_comment: "Owner Change Comment"
#^^^^ source.doctrine
#    ^^^^^^^^^^^^^^^^^^^^ source.doctrine entity.name.section.doctrine
#                        ^ source.doctrine punctuation.separator.key-value.doctrine
#                         ^ source.doctrine
#                          ^^^^^^^^^^^^^^^^^^^^^^ source.doctrine string.quoted.double.doctrine
>        "Every owner-change comment should say:"
#^^^^^^^^ source.doctrine
#        ^ source.doctrine punctuation.definition.string.begin.doctrine
#         ^^^^^^^^^^^^^^^^^^^^^^^^^^^^^^^^^^^^^^ source.doctrine string.quoted.double.doctrine
#                                               ^ source.doctrine punctuation.definition.string.end.doctrine
>        "- what changed"
#^^^^^^^^ source.doctrine
#        ^ source.doctrine punctuation.definition.string.begin.doctrine
#         ^^^^^^^^^^^^^^ source.doctrine string.quoted.double.doctrine
#                       ^ source.doctrine punctuation.definition.string.end.doctrine
>        "- what the next owner should use now"
#^^^^^^^^ source.doctrine
#        ^ source.doctrine punctuation.definition.string.begin.doctrine
#         ^^^^^^^^^^^^^^^^^^^^^^^^^^^^^^^^^^^^ source.doctrine string.quoted.double.doctrine
#                                             ^ source.doctrine punctuation.definition.string.end.doctrine
>        "- the next owner when ownership is changing now"
#^^^^^^^^ source.doctrine
#        ^ source.doctrine punctuation.definition.string.begin.doctrine
#         ^^^^^^^^^^^^^^^^^^^^^^^^^^^^^^^^^^^^^^^^^^^^^^^ source.doctrine string.quoted.double.doctrine
#                                                        ^ source.doctrine punctuation.definition.string.end.doctrine
>
>
>workflow ResearchSpecialistWorkflowCore[SameIssueWorkflowCoreBase]: "Workflow Core"
#^^^^^^^^ source.doctrine keyword.declaration.doctrine
#        ^ source.doctrine
#         ^^^^^^^^^^^^^^^^^^^^^^^^^^^^^^ source.doctrine entity.name.type.doctrine
#                                       ^ source.doctrine punctuation.section.inheritance.begin.doctrine
#                                        ^^^^^^^^^^^^^^^^^^^^^^^^^ source.doctrine entity.other.inherited-class.doctrine
#                                                                 ^ source.doctrine punctuation.section.inheritance.end.doctrine
#                                                                  ^ source.doctrine punctuation.separator.key-value.doctrine
#                                                                   ^ source.doctrine
#                                                                    ^ source.doctrine punctuation.definition.string.begin.doctrine
#                                                                     ^^^^^^^^^^^^^ source.doctrine string.quoted.double.doctrine
#                                                                                  ^ source.doctrine punctuation.definition.string.end.doctrine
>    inherit same_issue_workflow
#^^^^ source.doctrine
#    ^^^^^^^ source.doctrine keyword.control.doctrine
#           ^ source.doctrine
#            ^^^^^^^^^^^^^^^^^^^ source.doctrine entity.name.section.reference.doctrine entity.name.section.doctrine support.type.reference.doctrine
>
>    next_owner: "Next Owner"
#^^^^ source.doctrine
#    ^^^^^^^^^^ source.doctrine entity.name.section.doctrine
#              ^ source.doctrine punctuation.separator.key-value.doctrine
#               ^ source.doctrine
#                ^^^^^^^^^^^^ source.doctrine string.quoted.double.doctrine
>        route "When ready" -> WritingSpecialist
#^^^^^^^^ source.doctrine
#        ^^^^^ source.doctrine keyword.control.doctrine
#             ^ source.doctrine
#              ^ source.doctrine punctuation.definition.string.begin.doctrine
#               ^^^^^^^^^^ source.doctrine string.quoted.double.doctrine
#                         ^ source.doctrine punctuation.definition.string.end.doctrine
#                          ^ source.doctrine
#                           ^^ source.doctrine keyword.operator.route.doctrine keyword.operator.doctrine punctuation.separator.route.doctrine
#                             ^ source.doctrine
#                              ^^^^^^^^^^^^^^^^^ source.doctrine entity.name.type.reference.route-target.doctrine entity.name.type.doctrine support.type.reference.doctrine
>        route "If blocked or the route is unclear" -> ProjectLead
#^^^^^^^^ source.doctrine
#        ^^^^^ source.doctrine keyword.control.doctrine
#             ^ source.doctrine
#              ^ source.doctrine punctuation.definition.string.begin.doctrine
#               ^^^^^^^^^^^^^^^^^^^^^^^^^^^^^^^^^^ source.doctrine string.quoted.double.doctrine
#                                                 ^ source.doctrine punctuation.definition.string.end.doctrine
#                                                  ^ source.doctrine
#                                                   ^^ source.doctrine keyword.operator.route.doctrine keyword.operator.doctrine punctuation.separator.route.doctrine
#                                                     ^ source.doctrine
#                                                      ^^^^^^^^^^^ source.doctrine entity.name.type.reference.route-target.doctrine entity.name.type.doctrine support.type.reference.doctrine
>
>    inherit owner_change_comment
#^^^^ source.doctrine
#    ^^^^^^^ source.doctrine keyword.control.doctrine
#           ^ source.doctrine
#            ^^^^^^^^^^^^^^^^^^^^ source.doctrine entity.name.section.reference.doctrine entity.name.section.doctrine support.type.reference.doctrine
>
>
>workflow WritingSpecialistWorkflowCore[SameIssueWorkflowCoreBase]: "Workflow Core"
#^^^^^^^^ source.doctrine keyword.declaration.doctrine
#        ^ source.doctrine
#         ^^^^^^^^^^^^^^^^^^^^^^^^^^^^^ source.doctrine entity.name.type.doctrine
#                                      ^ source.doctrine punctuation.section.inheritance.begin.doctrine
#                                       ^^^^^^^^^^^^^^^^^^^^^^^^^ source.doctrine entity.other.inherited-class.doctrine
#                                                                ^ source.doctrine punctuation.section.inheritance.end.doctrine
#                                                                 ^ source.doctrine punctuation.separator.key-value.doctrine
#                                                                  ^ source.doctrine
#                                                                   ^ source.doctrine punctuation.definition.string.begin.doctrine
#                                                                    ^^^^^^^^^^^^^ source.doctrine string.quoted.double.doctrine
#                                                                                 ^ source.doctrine punctuation.definition.string.end.doctrine
>    inherit same_issue_workflow
#^^^^ source.doctrine
#    ^^^^^^^ source.doctrine keyword.control.doctrine
#           ^ source.doctrine
#            ^^^^^^^^^^^^^^^^^^^ source.doctrine entity.name.section.reference.doctrine entity.name.section.doctrine support.type.reference.doctrine
>
>    next_owner: "Next Owner"
#^^^^ source.doctrine
#    ^^^^^^^^^^ source.doctrine entity.name.section.doctrine
#              ^ source.doctrine punctuation.separator.key-value.doctrine
#               ^ source.doctrine
#                ^^^^^^^^^^^^ source.doctrine string.quoted.double.doctrine
>        route "When ready" -> ProjectLead
#^^^^^^^^ source.doctrine
#        ^^^^^ source.doctrine keyword.control.doctrine
#             ^ source.doctrine
#              ^ source.doctrine punctuation.definition.string.begin.doctrine
#               ^^^^^^^^^^ source.doctrine string.quoted.double.doctrine
#                         ^ source.doctrine punctuation.definition.string.end.doctrine
#                          ^ source.doctrine
#                           ^^ source.doctrine keyword.operator.route.doctrine keyword.operator.doctrine punctuation.separator.route.doctrine
#                             ^ source.doctrine
#                              ^^^^^^^^^^^ source.doctrine entity.name.type.reference.route-target.doctrine entity.name.type.doctrine support.type.reference.doctrine
>        route "If blocked or the route is unclear" -> ProjectLead
#^^^^^^^^ source.doctrine
#        ^^^^^ source.doctrine keyword.control.doctrine
#             ^ source.doctrine
#              ^ source.doctrine punctuation.definition.string.begin.doctrine
#               ^^^^^^^^^^^^^^^^^^^^^^^^^^^^^^^^^^ source.doctrine string.quoted.double.doctrine
#                                                 ^ source.doctrine punctuation.definition.string.end.doctrine
#                                                  ^ source.doctrine
#                                                   ^^ source.doctrine keyword.operator.route.doctrine keyword.operator.doctrine punctuation.separator.route.doctrine
#                                                     ^ source.doctrine
#                                                      ^^^^^^^^^^^ source.doctrine entity.name.type.reference.route-target.doctrine entity.name.type.doctrine support.type.reference.doctrine
>
>    inherit owner_change_comment
#^^^^ source.doctrine
#    ^^^^^^^ source.doctrine keyword.control.doctrine
#           ^ source.doctrine
#            ^^^^^^^^^^^^^^^^^^^^ source.doctrine entity.name.section.reference.doctrine entity.name.section.doctrine support.type.reference.doctrine
>
>
>workflow ProjectLeadWorkflowCore[SameIssueWorkflowCoreBase]: "Workflow Core"
#^^^^^^^^ source.doctrine keyword.declaration.doctrine
#        ^ source.doctrine
#         ^^^^^^^^^^^^^^^^^^^^^^^ source.doctrine entity.name.type.doctrine
#                                ^ source.doctrine punctuation.section.inheritance.begin.doctrine
#                                 ^^^^^^^^^^^^^^^^^^^^^^^^^ source.doctrine entity.other.inherited-class.doctrine
#                                                          ^ source.doctrine punctuation.section.inheritance.end.doctrine
#                                                           ^ source.doctrine punctuation.separator.key-value.doctrine
#                                                            ^ source.doctrine
#                                                             ^ source.doctrine punctuation.definition.string.begin.doctrine
#                                                              ^^^^^^^^^^^^^ source.doctrine string.quoted.double.doctrine
#                                                                           ^ source.doctrine punctuation.definition.string.end.doctrine
>    "This file is the runtime guide for a simple multi-agent routing pattern."
#^^^^ source.doctrine
#    ^ source.doctrine punctuation.definition.string.begin.doctrine
#     ^^^^^^^^^^^^^^^^^^^^^^^^^^^^^^^^^^^^^^^^^^^^^^^^^^^^^^^^^^^^^^^^^^^^^^^^ source.doctrine string.quoted.double.doctrine
#                                                                             ^ source.doctrine punctuation.definition.string.end.doctrine
>
>    override same_issue_workflow:
#^^^^ source.doctrine
#    ^^^^^^^^ source.doctrine keyword.control.doctrine
#            ^ source.doctrine
#             ^^^^^^^^^^^^^^^^^^^ source.doctrine entity.name.section.doctrine
#                                ^ source.doctrine punctuation.separator.key-value.doctrine
>        "Keep the whole job on one issue from setup through final return."
#^^^^^^^^ source.doctrine
#        ^ source.doctrine punctuation.definition.string.begin.doctrine
#         ^^^^^^^^^^^^^^^^^^^^^^^^^^^^^^^^^^^^^^^^^^^^^^^^^^^^^^^^^^^^^^^^ source.doctrine string.quoted.double.doctrine
#                                                                         ^ source.doctrine punctuation.definition.string.end.doctrine
>        "Keep one owner at a time on that issue."
#^^^^^^^^ source.doctrine
#        ^ source.doctrine punctuation.definition.string.begin.doctrine
#         ^^^^^^^^^^^^^^^^^^^^^^^^^^^^^^^^^^^^^^^ source.doctrine string.quoted.double.doctrine
#                                                ^ source.doctrine punctuation.definition.string.end.doctrine
>        "The normal order is Project Lead -> Research Specialist -> Writing Specialist -> Project Lead."
#^^^^^^^^ source.doctrine
#        ^ source.doctrine punctuation.definition.string.begin.doctrine
#         ^^^^^^^^^^^^^^^^^^^^^^^^^^^^^^^^^^^^^^^^^^^^^^^^^^^^^^^^^^^^^^^^^^^^^^^^^^^^^^^^^^^^^^^^^^^^^^ source.doctrine string.quoted.double.doctrine
#                                                                                                       ^ source.doctrine punctuation.definition.string.end.doctrine
>        "Route the first owner change to Research Specialist."
#^^^^^^^^ source.doctrine
#        ^ source.doctrine punctuation.definition.string.begin.doctrine
#         ^^^^^^^^^^^^^^^^^^^^^^^^^^^^^^^^^^^^^^^^^^^^^^^^^^^^ source.doctrine string.quoted.double.doctrine
#                                                             ^ source.doctrine punctuation.definition.string.end.doctrine
>        "After Research Specialist, the next owner is Writing Specialist."
#^^^^^^^^ source.doctrine
#        ^ source.doctrine punctuation.definition.string.begin.doctrine
#         ^^^^^^^^^^^^^^^^^^^^^^^^^^^^^^^^^^^^^^^^^^^^^^^^^^^^^^^^^^^^^^^^ source.doctrine string.quoted.double.doctrine
#                                                                         ^ source.doctrine punctuation.definition.string.end.doctrine
>        "After Writing Specialist, the next owner is Project Lead."
#^^^^^^^^ source.doctrine
#        ^ source.doctrine punctuation.definition.string.begin.doctrine
#         ^^^^^^^^^^^^^^^^^^^^^^^^^^^^^^^^^^^^^^^^^^^^^^^^^^^^^^^^^ source.doctrine string.quoted.double.doctrine
#                                                                  ^ source.doctrine punctuation.definition.string.end.doctrine
>        "If the route is broken or the work is blocked before specialist work begins, keep or return the work to Project Lead."
#^^^^^^^^ source.doctrine
#        ^ source.doctrine punctuation.definition.string.begin.doctrine
#         ^^^^^^^^^^^^^^^^^^^^^^^^^^^^^^^^^^^^^^^^^^^^^^^^^^^^^^^^^^^^^^^^^^^^^^^^^^^^^^^^^^^^^^^^^^^^^^^^^^^^^^^^^^^^^^^^^^^^^ source.doctrine string.quoted.double.doctrine
#                                                                                                                              ^ source.doctrine punctuation.definition.string.end.doctrine
>
>    next_owner: "Next Owner"
#^^^^ source.doctrine
#    ^^^^^^^^^^ source.doctrine entity.name.section.doctrine
#              ^ source.doctrine punctuation.separator.key-value.doctrine
#               ^ source.doctrine
#                ^^^^^^^^^^^^ source.doctrine string.quoted.double.doctrine
>        route "When ready to start the work" -> ResearchSpecialist
#^^^^^^^^ source.doctrine
#        ^^^^^ source.doctrine keyword.control.doctrine
#             ^ source.doctrine
#              ^ source.doctrine punctuation.definition.string.begin.doctrine
#               ^^^^^^^^^^^^^^^^^^^^^^^^^^^^ source.doctrine string.quoted.double.doctrine
#                                           ^ source.doctrine punctuation.definition.string.end.doctrine
#                                            ^ source.doctrine
#                                             ^^ source.doctrine keyword.operator.route.doctrine keyword.operator.doctrine punctuation.separator.route.doctrine
#                                               ^ source.doctrine
#                                                ^^^^^^^^^^^^^^^^^^ source.doctrine entity.name.type.reference.route-target.doctrine entity.name.type.doctrine support.type.reference.doctrine
>        route "If the route is broken or the work is blocked before specialist work begins" -> ProjectLead
#^^^^^^^^ source.doctrine
#        ^^^^^ source.doctrine keyword.control.doctrine
#             ^ source.doctrine
#              ^ source.doctrine punctuation.definition.string.begin.doctrine
#               ^^^^^^^^^^^^^^^^^^^^^^^^^^^^^^^^^^^^^^^^^^^^^^^^^^^^^^^^^^^^^^^^^^^^^^^^^^^ source.doctrine string.quoted.double.doctrine
#                                                                                          ^ source.doctrine punctuation.definition.string.end.doctrine
#                                                                                           ^ source.doctrine
#                                                                                            ^^ source.doctrine keyword.operator.route.doctrine keyword.operator.doctrine punctuation.separator.route.doctrine
#                                                                                              ^ source.doctrine
#                                                                                               ^^^^^^^^^^^ source.doctrine entity.name.type.reference.route-target.doctrine entity.name.type.doctrine support.type.reference.doctrine
>
>    override owner_change_comment:
#^^^^ source.doctrine
#    ^^^^^^^^ source.doctrine keyword.control.doctrine
#            ^ source.doctrine
#             ^^^^^^^^^^^^^^^^^^^^ source.doctrine entity.name.section.doctrine
#                                 ^ source.doctrine punctuation.separator.key-value.doctrine
>        "Every owner-change comment should say:"
#^^^^^^^^ source.doctrine
#        ^ source.doctrine punctuation.definition.string.begin.doctrine
#         ^^^^^^^^^^^^^^^^^^^^^^^^^^^^^^^^^^^^^^ source.doctrine string.quoted.double.doctrine
#                                               ^ source.doctrine punctuation.definition.string.end.doctrine
>        "- what this turn changed"
#^^^^^^^^ source.doctrine
#        ^ source.doctrine punctuation.definition.string.begin.doctrine
#         ^^^^^^^^^^^^^^^^^^^^^^^^ source.doctrine string.quoted.double.doctrine
#                                 ^ source.doctrine punctuation.definition.string.end.doctrine
>        "- the next owner when ownership is changing now"
#^^^^^^^^ source.doctrine
#        ^ source.doctrine punctuation.definition.string.begin.doctrine
#         ^^^^^^^^^^^^^^^^^^^^^^^^^^^^^^^^^^^^^^^^^^^^^^^ source.doctrine string.quoted.double.doctrine
#                                                        ^ source.doctrine punctuation.definition.string.end.doctrine
>        "- the exact blocker when the issue is blocked"
#^^^^^^^^ source.doctrine
#        ^ source.doctrine punctuation.definition.string.begin.doctrine
#         ^^^^^^^^^^^^^^^^^^^^^^^^^^^^^^^^^^^^^^^^^^^^^ source.doctrine string.quoted.double.doctrine
#                                                      ^ source.doctrine punctuation.definition.string.end.doctrine
>
>
>workflow ProjectLeadJob: "Your Job"
#^^^^^^^^ source.doctrine keyword.declaration.doctrine
#        ^ source.doctrine
#         ^^^^^^^^^^^^^^ source.doctrine entity.name.type.doctrine
#                       ^ source.doctrine punctuation.separator.key-value.doctrine
#                        ^ source.doctrine
#                         ^ source.doctrine punctuation.definition.string.begin.doctrine
#                          ^^^^^^^^ source.doctrine string.quoted.double.doctrine
#                                  ^ source.doctrine punctuation.definition.string.end.doctrine
>    "Start the issue with a clear route."
#^^^^ source.doctrine
#    ^ source.doctrine punctuation.definition.string.begin.doctrine
#     ^^^^^^^^^^^^^^^^^^^^^^^^^^^^^^^^^^^ source.doctrine string.quoted.double.doctrine
#                                        ^ source.doctrine punctuation.definition.string.end.doctrine
>    "Route the first owner change."
#^^^^ source.doctrine
#    ^ source.doctrine punctuation.definition.string.begin.doctrine
#     ^^^^^^^^^^^^^^^^^^^^^^^^^^^^^ source.doctrine string.quoted.double.doctrine
#                                  ^ source.doctrine punctuation.definition.string.end.doctrine
>    "Keep the issue on a truthful route when work is blocked or routing goes stale."
#^^^^ source.doctrine
#    ^ source.doctrine punctuation.definition.string.begin.doctrine
#     ^^^^^^^^^^^^^^^^^^^^^^^^^^^^^^^^^^^^^^^^^^^^^^^^^^^^^^^^^^^^^^^^^^^^^^^^^^^^^^ source.doctrine string.quoted.double.doctrine
#                                                                                   ^ source.doctrine punctuation.definition.string.end.doctrine
>    "Take the issue back after the final specialist return and close it out honestly."
#^^^^ source.doctrine
#    ^ source.doctrine punctuation.definition.string.begin.doctrine
#     ^^^^^^^^^^^^^^^^^^^^^^^^^^^^^^^^^^^^^^^^^^^^^^^^^^^^^^^^^^^^^^^^^^^^^^^^^^^^^^^^ source.doctrine string.quoted.double.doctrine
#                                                                                     ^ source.doctrine punctuation.definition.string.end.doctrine
>
>
>workflow ResearchSpecialistJob: "Your Job"
#^^^^^^^^ source.doctrine keyword.declaration.doctrine
#        ^ source.doctrine
#         ^^^^^^^^^^^^^^^^^^^^^ source.doctrine entity.name.type.doctrine
#                              ^ source.doctrine punctuation.separator.key-value.doctrine
#                               ^ source.doctrine
#                                ^ source.doctrine punctuation.definition.string.begin.doctrine
#                                 ^^^^^^^^ source.doctrine string.quoted.double.doctrine
#                                         ^ source.doctrine punctuation.definition.string.end.doctrine
>    "Take the work only when Project Lead routes it to you."
#^^^^ source.doctrine
#    ^ source.doctrine punctuation.definition.string.begin.doctrine
#     ^^^^^^^^^^^^^^^^^^^^^^^^^^^^^^^^^^^^^^^^^^^^^^^^^^^^^^ source.doctrine string.quoted.double.doctrine
#                                                           ^ source.doctrine punctuation.definition.string.end.doctrine
>    "Do the research lane's work."
#^^^^ source.doctrine
#    ^ source.doctrine punctuation.definition.string.begin.doctrine
#     ^^^^^^^^^^^^^^^^^^^^^^^^^^^^ source.doctrine string.quoted.double.doctrine
#                                 ^ source.doctrine punctuation.definition.string.end.doctrine
>    "Keep the work ready for the next lane."
#^^^^ source.doctrine
#    ^ source.doctrine punctuation.definition.string.begin.doctrine
#     ^^^^^^^^^^^^^^^^^^^^^^^^^^^^^^^^^^^^^^ source.doctrine string.quoted.double.doctrine
#                                           ^ source.doctrine punctuation.definition.string.end.doctrine
>    "Do not route the work anywhere except Writing Specialist or Project Lead."
#^^^^ source.doctrine
#    ^ source.doctrine punctuation.definition.string.begin.doctrine
#     ^^^^^^^^^^^^^^^^^^^^^^^^^^^^^^^^^^^^^^^^^^^^^^^^^^^^^^^^^^^^^^^^^^^^^^^^^ source.doctrine string.quoted.double.doctrine
#                                                                              ^ source.doctrine punctuation.definition.string.end.doctrine
>
>
>workflow WritingSpecialistJob: "Your Job"
#^^^^^^^^ source.doctrine keyword.declaration.doctrine
#        ^ source.doctrine
#         ^^^^^^^^^^^^^^^^^^^^ source.doctrine entity.name.type.doctrine
#                             ^ source.doctrine punctuation.separator.key-value.doctrine
#                              ^ source.doctrine
#                               ^ source.doctrine punctuation.definition.string.begin.doctrine
#                                ^^^^^^^^ source.doctrine string.quoted.double.doctrine
#                                        ^ source.doctrine punctuation.definition.string.end.doctrine
>    "Take the work only when Research Specialist hands it to you."
#^^^^ source.doctrine
#    ^ source.doctrine punctuation.definition.string.begin.doctrine
#     ^^^^^^^^^^^^^^^^^^^^^^^^^^^^^^^^^^^^^^^^^^^^^^^^^^^^^^^^^^^^ source.doctrine string.quoted.double.doctrine
#                                                                 ^ source.doctrine punctuation.definition.string.end.doctrine
>    "Do the writing lane's work."
#^^^^ source.doctrine
#    ^ source.doctrine punctuation.definition.string.begin.doctrine
#     ^^^^^^^^^^^^^^^^^^^^^^^^^^^ source.doctrine string.quoted.double.doctrine
#                                ^ source.doctrine punctuation.definition.string.end.doctrine
>    "Keep the work within the scope already set upstream."
#^^^^ source.doctrine
#    ^ source.doctrine punctuation.definition.string.begin.doctrine
#     ^^^^^^^^^^^^^^^^^^^^^^^^^^^^^^^^^^^^^^^^^^^^^^^^^^^^ source.doctrine string.quoted.double.doctrine
#                                                         ^ source.doctrine punctuation.definition.string.end.doctrine
>    "Route the work back to Project Lead when the lane is complete or blocked."
#^^^^ source.doctrine
#    ^ source.doctrine punctuation.definition.string.begin.doctrine
#     ^^^^^^^^^^^^^^^^^^^^^^^^^^^^^^^^^^^^^^^^^^^^^^^^^^^^^^^^^^^^^^^^^^^^^^^^^ source.doctrine string.quoted.double.doctrine
#                                                                              ^ source.doctrine punctuation.definition.string.end.doctrine
>
>
>abstract agent SameIssueRole:
#^^^^^^^^ source.doctrine keyword.declaration.doctrine
#        ^ source.doctrine
#         ^^^^^ source.doctrine keyword.declaration.doctrine
#              ^ source.doctrine
#               ^^^^^^^^^^^^^ source.doctrine entity.name.type.doctrine
#                            ^ source.doctrine punctuation.separator.key-value.doctrine
>    read_first: ReadFirst
#^^^^ source.doctrine
#    ^^^^^^^^^^ source.doctrine entity.name.section.doctrine
#              ^ source.doctrine punctuation.separator.key-value.doctrine
#               ^ source.doctrine
#                ^^^^^^^^^ source.doctrine entity.name.type.reference.key-value.doctrine entity.name.type.doctrine support.type.reference.doctrine
>
>
># Agent-level authored workflow slots stay explicit.
#^^^^^^^^^^^^^^^^^^^^^^^^^^^^^^^^^^^^^^^^^^^^^^^^^^^^ source.doctrine comment.line.number-sign.doctrine
># - `inherit read_first` keeps the inherited slot unchanged
#^^^^^^^^^^^^^^^^^^^^^^^^^^^^^^^^^^^^^^^^^^^^^^^^^^^^^^^^^^^ source.doctrine comment.line.number-sign.doctrine
># - `override read_first: ...` replaces the inherited slot
#^^^^^^^^^^^^^^^^^^^^^^^^^^^^^^^^^^^^^^^^^^^^^^^^^^^^^^^^^^ source.doctrine comment.line.number-sign.doctrine
># - new slots such as `workflow_core` and `your_job` are introduced directly
#^^^^^^^^^^^^^^^^^^^^^^^^^^^^^^^^^^^^^^^^^^^^^^^^^^^^^^^^^^^^^^^^^^^^^^^^^^^^ source.doctrine comment.line.number-sign.doctrine
>agent ProjectLead[SameIssueRole]:
#^^^^^ source.doctrine keyword.declaration.doctrine
#     ^ source.doctrine
#      ^^^^^^^^^^^ source.doctrine entity.name.type.doctrine
#                 ^ source.doctrine punctuation.section.inheritance.begin.doctrine
#                  ^^^^^^^^^^^^^ source.doctrine entity.other.inherited-class.doctrine
#                               ^ source.doctrine punctuation.section.inheritance.end.doctrine
#                                ^ source.doctrine punctuation.separator.key-value.doctrine
>    role: "Core job: start the work, route it to Research Specialist, and take it back after Writing Specialist finishes."
#^^^^ source.doctrine
#    ^^^^ source.doctrine keyword.other.field.doctrine
#        ^ source.doctrine punctuation.separator.key-value.doctrine
#         ^ source.doctrine
#          ^ source.doctrine punctuation.definition.string.begin.doctrine
#           ^^^^^^^^^^^^^^^^^^^^^^^^^^^^^^^^^^^^^^^^^^^^^^^^^^^^^^^^^^^^^^^^^^^^^^^^^^^^^^^^^^^^^^^^^^^^^^^^^^^^^^^^^^^^^^ source.doctrine string.quoted.double.doctrine
#                                                                                                                         ^ source.doctrine punctuation.definition.string.end.doctrine
>
>    your_job: ProjectLeadJob
#^^^^ source.doctrine
#    ^^^^^^^^ source.doctrine entity.name.section.doctrine
#            ^ source.doctrine punctuation.separator.key-value.doctrine
#             ^ source.doctrine
#              ^^^^^^^^^^^^^^ source.doctrine entity.name.type.reference.key-value.doctrine entity.name.type.doctrine support.type.reference.doctrine
>    override read_first: ProjectLeadReadFirst
#^^^^ source.doctrine
#    ^^^^^^^^ source.doctrine keyword.control.doctrine
#            ^ source.doctrine
#             ^^^^^^^^^^ source.doctrine entity.name.section.doctrine
#                       ^ source.doctrine punctuation.separator.key-value.doctrine
#                        ^ source.doctrine
#                         ^^^^^^^^^^^^^^^^^^^^ source.doctrine entity.name.type.reference.override.doctrine entity.name.type.doctrine support.type.reference.doctrine
>    workflow_core: ProjectLeadWorkflowCore
#^^^^ source.doctrine
#    ^^^^^^^^^^^^^ source.doctrine entity.name.section.doctrine
#                 ^ source.doctrine punctuation.separator.key-value.doctrine
#                  ^ source.doctrine
#                   ^^^^^^^^^^^^^^^^^^^^^^^ source.doctrine entity.name.type.reference.key-value.doctrine entity.name.type.doctrine support.type.reference.doctrine
>
>
>agent ResearchSpecialist[SameIssueRole]:
#^^^^^ source.doctrine keyword.declaration.doctrine
#     ^ source.doctrine
#      ^^^^^^^^^^^^^^^^^^ source.doctrine entity.name.type.doctrine
#                        ^ source.doctrine punctuation.section.inheritance.begin.doctrine
#                         ^^^^^^^^^^^^^ source.doctrine entity.other.inherited-class.doctrine
#                                      ^ source.doctrine punctuation.section.inheritance.end.doctrine
#                                       ^ source.doctrine punctuation.separator.key-value.doctrine
>    role: "Core job: do the research lane's work and route it to Writing Specialist."
#^^^^ source.doctrine
#    ^^^^ source.doctrine keyword.other.field.doctrine
#        ^ source.doctrine punctuation.separator.key-value.doctrine
#         ^ source.doctrine
#          ^ source.doctrine punctuation.definition.string.begin.doctrine
#           ^^^^^^^^^^^^^^^^^^^^^^^^^^^^^^^^^^^^^^^^^^^^^^^^^^^^^^^^^^^^^^^^^^^^^^^^^ source.doctrine string.quoted.double.doctrine
#                                                                                    ^ source.doctrine punctuation.definition.string.end.doctrine
>
>    your_job: ResearchSpecialistJob
#^^^^ source.doctrine
#    ^^^^^^^^ source.doctrine entity.name.section.doctrine
#            ^ source.doctrine punctuation.separator.key-value.doctrine
#             ^ source.doctrine
#              ^^^^^^^^^^^^^^^^^^^^^ source.doctrine entity.name.type.reference.key-value.doctrine entity.name.type.doctrine support.type.reference.doctrine
>    inherit read_first
#^^^^ source.doctrine
#    ^^^^^^^ source.doctrine keyword.control.doctrine
#           ^ source.doctrine
#            ^^^^^^^^^^ source.doctrine entity.name.section.reference.doctrine entity.name.section.doctrine support.type.reference.doctrine
>    workflow_core: ResearchSpecialistWorkflowCore
#^^^^ source.doctrine
#    ^^^^^^^^^^^^^ source.doctrine entity.name.section.doctrine
#                 ^ source.doctrine punctuation.separator.key-value.doctrine
#                  ^ source.doctrine
#                   ^^^^^^^^^^^^^^^^^^^^^^^^^^^^^^ source.doctrine entity.name.type.reference.key-value.doctrine entity.name.type.doctrine support.type.reference.doctrine
>
>
>agent WritingSpecialist[SameIssueRole]:
#^^^^^ source.doctrine keyword.declaration.doctrine
#     ^ source.doctrine
#      ^^^^^^^^^^^^^^^^^ source.doctrine entity.name.type.doctrine
#                       ^ source.doctrine punctuation.section.inheritance.begin.doctrine
#                        ^^^^^^^^^^^^^ source.doctrine entity.other.inherited-class.doctrine
#                                     ^ source.doctrine punctuation.section.inheritance.end.doctrine
#                                      ^ source.doctrine punctuation.separator.key-value.doctrine
>    role: "Core job: do the writing lane's work and route it back to Project Lead."
#^^^^ source.doctrine
#    ^^^^ source.doctrine keyword.other.field.doctrine
#        ^ source.doctrine punctuation.separator.key-value.doctrine
#         ^ source.doctrine
#          ^ source.doctrine punctuation.definition.string.begin.doctrine
#           ^^^^^^^^^^^^^^^^^^^^^^^^^^^^^^^^^^^^^^^^^^^^^^^^^^^^^^^^^^^^^^^^^^^^^^^ source.doctrine string.quoted.double.doctrine
#                                                                                  ^ source.doctrine punctuation.definition.string.end.doctrine
>
>    your_job: WritingSpecialistJob
#^^^^ source.doctrine
#    ^^^^^^^^ source.doctrine entity.name.section.doctrine
#            ^ source.doctrine punctuation.separator.key-value.doctrine
#             ^ source.doctrine
#              ^^^^^^^^^^^^^^^^^^^^ source.doctrine entity.name.type.reference.key-value.doctrine entity.name.type.doctrine support.type.reference.doctrine
>    inherit read_first
#^^^^ source.doctrine
#    ^^^^^^^ source.doctrine keyword.control.doctrine
#           ^ source.doctrine
#            ^^^^^^^^^^ source.doctrine entity.name.section.reference.doctrine entity.name.section.doctrine support.type.reference.doctrine
>    workflow_core: WritingSpecialistWorkflowCore
#^^^^ source.doctrine
#    ^^^^^^^^^^^^^ source.doctrine entity.name.section.doctrine
#                 ^ source.doctrine punctuation.separator.key-value.doctrine
#                  ^ source.doctrine
#                   ^^^^^^^^^^^^^^^^^^^^^^^^^^^^^ source.doctrine entity.name.type.reference.key-value.doctrine entity.name.type.doctrine support.type.reference.doctrine
>