># This example sketches `input` and `input source` as first-class declarations.
#^^^^^^^^^^^^^^^^^^^^^^^^^^^^^^^^^^^^^^^^^^^^^^^^^^^^^^^^^^^^^^^^^^^^^^^^^^^^^^^ source.pyprompt comment.line.number-sign.pyprompt
># Each input separates:
#^^^^^^^^^^^^^^^^^^^^^^^ source.pyprompt comment.line.number-sign.pyprompt
># - `source`: how the agent gets the input
#^^^^^^^^^^^^^^^^^^^^^^^^^^^^^^^^^^^^^^^^^^ source.pyprompt comment.line.number-sign.pyprompt
># - `shape`: what kind of thing it is once the agent has it
#^^^^^^^^^^^^^^^^^^^^^^^^^^^^^^^^^^^^^^^^^^^^^^^^^^^^^^^^^^^ source.pyprompt comment.line.number-sign.pyprompt
># - `requirement`: whether the turn should fail if it is missing
#^^^^^^^^^^^^^^^^^^^^^^^^^^^^^^^^^^^^^^^^^^^^^^^^^^^^^^^^^^^^^^^^ source.pyprompt comment.line.number-sign.pyprompt
># `source` is typed, not string-based.
#^^^^^^^^^^^^^^^^^^^^^^^^^^^^^^^^^^^^^^ source.pyprompt comment.line.number-sign.pyprompt
># Built-in sources in this sketch:
#^^^^^^^^^^^^^^^^^^^^^^^^^^^^^^^^^^ source.pyprompt comment.line.number-sign.pyprompt
># - `Prompt`
#^^^^^^^^^^^^ source.pyprompt comment.line.number-sign.pyprompt
># - `File` (requires `path`)
#^^^^^^^^^^^^^^^^^^^^^^^^^^^^ source.pyprompt comment.line.number-sign.pyprompt
># - `EnvVar` (requires `env`)
#^^^^^^^^^^^^^^^^^^^^^^^^^^^^^ source.pyprompt comment.line.number-sign.pyprompt
># A custom source can define its own required and optional keys.
#^^^^^^^^^^^^^^^^^^^^^^^^^^^^^^^^^^^^^^^^^^^^^^^^^^^^^^^^^^^^^^^^ source.pyprompt comment.line.number-sign.pyprompt
>
>input CurrentIssue: "Current Issue"
#^^^^^ source.pyprompt keyword.declaration.pyprompt
#     ^ source.pyprompt
#      ^^^^^^^^^^^^ source.pyprompt entity.name.type.pyprompt
#                  ^ source.pyprompt punctuation.separator.key-value.pyprompt
#                   ^ source.pyprompt
#                    ^ source.pyprompt punctuation.definition.string.begin.pyprompt
#                     ^^^^^^^^^^^^^ source.pyprompt string.quoted.double.pyprompt
#                                  ^ source.pyprompt punctuation.definition.string.end.pyprompt
>    source: Prompt
#^^^^ source.pyprompt
#    ^^^^^^ source.pyprompt entity.name.section.pyprompt
#          ^ source.pyprompt punctuation.separator.key-value.pyprompt
#           ^ source.pyprompt
#            ^^^^^^ source.pyprompt entity.name.type.reference.key-value.pyprompt entity.name.type.pyprompt support.type.reference.pyprompt
>    shape: MarkdownDocument
#^^^^ source.pyprompt
#    ^^^^^ source.pyprompt entity.name.section.pyprompt
#         ^ source.pyprompt punctuation.separator.key-value.pyprompt
#          ^ source.pyprompt
#           ^^^^^^^^^^^^^^^^ source.pyprompt entity.name.type.reference.key-value.pyprompt entity.name.type.pyprompt support.type.reference.pyprompt
>    requirement: Required
#^^^^ source.pyprompt
#    ^^^^^^^^^^^ source.pyprompt entity.name.section.pyprompt
#               ^ source.pyprompt punctuation.separator.key-value.pyprompt
#                ^ source.pyprompt
#                 ^^^^^^^^ source.pyprompt entity.name.type.reference.key-value.pyprompt entity.name.type.pyprompt support.type.reference.pyprompt
>    "This content is already present in the invocation prompt."
#^^^^ source.pyprompt
#    ^ source.pyprompt punctuation.definition.string.begin.pyprompt
#     ^^^^^^^^^^^^^^^^^^^^^^^^^^^^^^^^^^^^^^^^^^^^^^^^^^^^^^^^^ source.pyprompt string.quoted.double.pyprompt
#                                                              ^ source.pyprompt punctuation.definition.string.end.pyprompt
>
>
>input SectionPlan: "Section Plan"
#^^^^^ source.pyprompt keyword.declaration.pyprompt
#     ^ source.pyprompt
#      ^^^^^^^^^^^ source.pyprompt entity.name.type.pyprompt
#                 ^ source.pyprompt punctuation.separator.key-value.pyprompt
#                  ^ source.pyprompt
#                   ^ source.pyprompt punctuation.definition.string.begin.pyprompt
#                    ^^^^^^^^^^^^ source.pyprompt string.quoted.double.pyprompt
#                                ^ source.pyprompt punctuation.definition.string.end.pyprompt
>    source: File
#^^^^ source.pyprompt
#    ^^^^^^ source.pyprompt entity.name.section.pyprompt
#          ^ source.pyprompt punctuation.separator.key-value.pyprompt
#           ^ source.pyprompt
#            ^^^^ source.pyprompt entity.name.type.reference.key-value.pyprompt entity.name.type.pyprompt support.type.reference.pyprompt
>        path: "section_root/_authoring/SECTION_PLAN.md"
#^^^^^^^^ source.pyprompt
#        ^^^^ source.pyprompt entity.name.section.pyprompt
#            ^ source.pyprompt punctuation.separator.key-value.pyprompt
#             ^ source.pyprompt
#              ^^^^^^^^^^^^^^^^^^^^^^^^^^^^^^^^^^^^^^^^^ source.pyprompt string.quoted.double.pyprompt
>    shape: MarkdownDocument
#^^^^ source.pyprompt
#    ^^^^^ source.pyprompt entity.name.section.pyprompt
#         ^ source.pyprompt punctuation.separator.key-value.pyprompt
#          ^ source.pyprompt
#           ^^^^^^^^^^^^^^^^ source.pyprompt entity.name.type.reference.key-value.pyprompt entity.name.type.pyprompt support.type.reference.pyprompt
>    requirement: Required
#^^^^ source.pyprompt
#    ^^^^^^^^^^^ source.pyprompt entity.name.section.pyprompt
#               ^ source.pyprompt punctuation.separator.key-value.pyprompt
#                ^ source.pyprompt
#                 ^^^^^^^^ source.pyprompt entity.name.type.reference.key-value.pyprompt entity.name.type.pyprompt support.type.reference.pyprompt
>    "Read this file before changing section planning."
#^^^^ source.pyprompt
#    ^ source.pyprompt punctuation.definition.string.begin.pyprompt
#     ^^^^^^^^^^^^^^^^^^^^^^^^^^^^^^^^^^^^^^^^^^^^^^^^ source.pyprompt string.quoted.double.pyprompt
#                                                     ^ source.pyprompt punctuation.definition.string.end.pyprompt
>
>
>input PreviousSummary: "Previous Summary"
#^^^^^ source.pyprompt keyword.declaration.pyprompt
#     ^ source.pyprompt
#      ^^^^^^^^^^^^^^^ source.pyprompt entity.name.type.pyprompt
#                     ^ source.pyprompt punctuation.separator.key-value.pyprompt
#                      ^ source.pyprompt
#                       ^ source.pyprompt punctuation.definition.string.begin.pyprompt
#                        ^^^^^^^^^^^^^^^^ source.pyprompt string.quoted.double.pyprompt
#                                        ^ source.pyprompt punctuation.definition.string.end.pyprompt
>    source: File
#^^^^ source.pyprompt
#    ^^^^^^ source.pyprompt entity.name.section.pyprompt
#          ^ source.pyprompt punctuation.separator.key-value.pyprompt
#           ^ source.pyprompt
#            ^^^^ source.pyprompt entity.name.type.reference.key-value.pyprompt entity.name.type.pyprompt support.type.reference.pyprompt
>        path: "section_root/_authoring/PREVIOUS_SUMMARY.md"
#^^^^^^^^ source.pyprompt
#        ^^^^ source.pyprompt entity.name.section.pyprompt
#            ^ source.pyprompt punctuation.separator.key-value.pyprompt
#             ^ source.pyprompt
#              ^^^^^^^^^^^^^^^^^^^^^^^^^^^^^^^^^^^^^^^^^^^^^ source.pyprompt string.quoted.double.pyprompt
>    shape: MarkdownDocument
#^^^^ source.pyprompt
#    ^^^^^ source.pyprompt entity.name.section.pyprompt
#         ^ source.pyprompt punctuation.separator.key-value.pyprompt
#          ^ source.pyprompt
#           ^^^^^^^^^^^^^^^^ source.pyprompt entity.name.type.reference.key-value.pyprompt entity.name.type.pyprompt support.type.reference.pyprompt
>    requirement: Advisory
#^^^^ source.pyprompt
#    ^^^^^^^^^^^ source.pyprompt entity.name.section.pyprompt
#               ^ source.pyprompt punctuation.separator.key-value.pyprompt
#                ^ source.pyprompt
#                 ^^^^^^^^ source.pyprompt entity.name.type.reference.key-value.pyprompt entity.name.type.pyprompt support.type.reference.pyprompt
>    "Use this only if continuity with earlier work matters for the current turn."
#^^^^ source.pyprompt
#    ^ source.pyprompt punctuation.definition.string.begin.pyprompt
#     ^^^^^^^^^^^^^^^^^^^^^^^^^^^^^^^^^^^^^^^^^^^^^^^^^^^^^^^^^^^^^^^^^^^^^^^^^^^ source.pyprompt string.quoted.double.pyprompt
#                                                                                ^ source.pyprompt punctuation.definition.string.end.pyprompt
>
>
>input TrackerRoot: "Tracker Root"
#^^^^^ source.pyprompt keyword.declaration.pyprompt
#     ^ source.pyprompt
#      ^^^^^^^^^^^ source.pyprompt entity.name.type.pyprompt
#                 ^ source.pyprompt punctuation.separator.key-value.pyprompt
#                  ^ source.pyprompt
#                   ^ source.pyprompt punctuation.definition.string.begin.pyprompt
#                    ^^^^^^^^^^^^ source.pyprompt string.quoted.double.pyprompt
#                                ^ source.pyprompt punctuation.definition.string.end.pyprompt
>    source: EnvVar
#^^^^ source.pyprompt
#    ^^^^^^ source.pyprompt entity.name.section.pyprompt
#          ^ source.pyprompt punctuation.separator.key-value.pyprompt
#           ^ source.pyprompt
#            ^^^^^^ source.pyprompt entity.name.type.reference.key-value.pyprompt entity.name.type.pyprompt support.type.reference.pyprompt
>        env: "TRACKER_ROOT"
#^^^^^^^^ source.pyprompt
#        ^^^ source.pyprompt entity.name.section.pyprompt
#           ^ source.pyprompt punctuation.separator.key-value.pyprompt
#            ^ source.pyprompt
#             ^^^^^^^^^^^^^^ source.pyprompt string.quoted.double.pyprompt
>    shape: DirectoryPath
#^^^^ source.pyprompt
#    ^^^^^ source.pyprompt entity.name.section.pyprompt
#         ^ source.pyprompt punctuation.separator.key-value.pyprompt
#          ^ source.pyprompt
#           ^^^^^^^^^^^^^ source.pyprompt entity.name.type.reference.key-value.pyprompt entity.name.type.pyprompt support.type.reference.pyprompt
>    requirement: Required
#^^^^ source.pyprompt
#    ^^^^^^^^^^^ source.pyprompt entity.name.section.pyprompt
#               ^ source.pyprompt punctuation.separator.key-value.pyprompt
#                ^ source.pyprompt
#                 ^^^^^^^^ source.pyprompt entity.name.type.reference.key-value.pyprompt entity.name.type.pyprompt support.type.reference.pyprompt
>    "This environment variable points to the tracker checkout root."
#^^^^ source.pyprompt
#    ^ source.pyprompt punctuation.definition.string.begin.pyprompt
#     ^^^^^^^^^^^^^^^^^^^^^^^^^^^^^^^^^^^^^^^^^^^^^^^^^^^^^^^^^^^^^^ source.pyprompt string.quoted.double.pyprompt
#                                                                   ^ source.pyprompt punctuation.definition.string.end.pyprompt
>
>
># A custom source can define its own source-specific keys.
#^^^^^^^^^^^^^^^^^^^^^^^^^^^^^^^^^^^^^^^^^^^^^^^^^^^^^^^^^^ source.pyprompt comment.line.number-sign.pyprompt
># This keeps `source` typed and extensible without making every input accept
#^^^^^^^^^^^^^^^^^^^^^^^^^^^^^^^^^^^^^^^^^^^^^^^^^^^^^^^^^^^^^^^^^^^^^^^^^^^^ source.pyprompt comment.line.number-sign.pyprompt
># every possible source field.
#^^^^^^^^^^^^^^^^^^^^^^^^^^^^^^ source.pyprompt comment.line.number-sign.pyprompt
>input source FigmaDocument: "Figma Document"
#^^^^^ source.pyprompt keyword.declaration.pyprompt
#     ^ source.pyprompt
#      ^^^^^^ source.pyprompt keyword.declaration.pyprompt
#            ^ source.pyprompt
#             ^^^^^^^^^^^^^ source.pyprompt entity.name.type.pyprompt
#                          ^ source.pyprompt punctuation.separator.key-value.pyprompt
#                           ^ source.pyprompt
#                            ^ source.pyprompt punctuation.definition.string.begin.pyprompt
#                             ^^^^^^^^^^^^^^ source.pyprompt string.quoted.double.pyprompt
#                                           ^ source.pyprompt punctuation.definition.string.end.pyprompt
>    required: "Required Source Keys"
#^^^^ source.pyprompt
#    ^^^^^^^^ source.pyprompt entity.name.section.pyprompt
#            ^ source.pyprompt punctuation.separator.key-value.pyprompt
#             ^ source.pyprompt
#              ^^^^^^^^^^^^^^^^^^^^^^ source.pyprompt string.quoted.double.pyprompt
>        url: "URL"
#^^^^^^^^ source.pyprompt
#        ^^^ source.pyprompt entity.name.section.pyprompt
#           ^ source.pyprompt punctuation.separator.key-value.pyprompt
#            ^ source.pyprompt
#             ^^^^^ source.pyprompt string.quoted.double.pyprompt
>
>    optional: "Optional Source Keys"
#^^^^ source.pyprompt
#    ^^^^^^^^ source.pyprompt entity.name.section.pyprompt
#            ^ source.pyprompt punctuation.separator.key-value.pyprompt
#             ^ source.pyprompt
#              ^^^^^^^^^^^^^^^^^^^^^^ source.pyprompt string.quoted.double.pyprompt
>        node: "Node"
#^^^^^^^^ source.pyprompt
#        ^^^^ source.pyprompt entity.name.section.pyprompt
#            ^ source.pyprompt punctuation.separator.key-value.pyprompt
#             ^ source.pyprompt
#              ^^^^^^ source.pyprompt string.quoted.double.pyprompt
>
>
>input DesignSpec: "Design Spec"
#^^^^^ source.pyprompt keyword.declaration.pyprompt
#     ^ source.pyprompt
#      ^^^^^^^^^^ source.pyprompt entity.name.type.pyprompt
#                ^ source.pyprompt punctuation.separator.key-value.pyprompt
#                 ^ source.pyprompt
#                  ^ source.pyprompt punctuation.definition.string.begin.pyprompt
#                   ^^^^^^^^^^^ source.pyprompt string.quoted.double.pyprompt
#                              ^ source.pyprompt punctuation.definition.string.end.pyprompt
>    source: FigmaDocument
#^^^^ source.pyprompt
#    ^^^^^^ source.pyprompt entity.name.section.pyprompt
#          ^ source.pyprompt punctuation.separator.key-value.pyprompt
#           ^ source.pyprompt
#            ^^^^^^^^^^^^^ source.pyprompt entity.name.type.reference.key-value.pyprompt entity.name.type.pyprompt support.type.reference.pyprompt
>        url: "https://figma.com/design/abc123/Example-Design"
#^^^^^^^^ source.pyprompt
#        ^^^ source.pyprompt entity.name.section.pyprompt
#           ^ source.pyprompt punctuation.separator.key-value.pyprompt
#            ^ source.pyprompt
#             ^^^^^^^^^^^^^^^^^^^^^^^^^^^^^^^^^^^^^^^^^^^^^^^^ source.pyprompt string.quoted.double.pyprompt
>        node: "12:34"
#^^^^^^^^ source.pyprompt
#        ^^^^ source.pyprompt entity.name.section.pyprompt
#            ^ source.pyprompt punctuation.separator.key-value.pyprompt
#             ^ source.pyprompt
#              ^^^^^^^ source.pyprompt string.quoted.double.pyprompt
>    shape: DesignDocument
#^^^^ source.pyprompt
#    ^^^^^ source.pyprompt entity.name.section.pyprompt
#         ^ source.pyprompt punctuation.separator.key-value.pyprompt
#          ^ source.pyprompt
#           ^^^^^^^^^^^^^^ source.pyprompt entity.name.type.reference.key-value.pyprompt entity.name.type.pyprompt support.type.reference.pyprompt
>    requirement: Required
#^^^^ source.pyprompt
#    ^^^^^^^^^^^ source.pyprompt entity.name.section.pyprompt
#               ^ source.pyprompt punctuation.separator.key-value.pyprompt
#                ^ source.pyprompt
#                 ^^^^^^^^ source.pyprompt entity.name.type.reference.key-value.pyprompt entity.name.type.pyprompt support.type.reference.pyprompt
>    "Use this design document when the turn depends on a specific Figma source."
#^^^^ source.pyprompt
#    ^ source.pyprompt punctuation.definition.string.begin.pyprompt
#     ^^^^^^^^^^^^^^^^^^^^^^^^^^^^^^^^^^^^^^^^^^^^^^^^^^^^^^^^^^^^^^^^^^^^^^^^^^ source.pyprompt string.quoted.double.pyprompt
#                                                                               ^ source.pyprompt punctuation.definition.string.end.pyprompt
>
>
># Model 1: input can be provided directly in the invocation prompt.
#^^^^^^^^^^^^^^^^^^^^^^^^^^^^^^^^^^^^^^^^^^^^^^^^^^^^^^^^^^^^^^^^^^^ source.pyprompt comment.line.number-sign.pyprompt
>agent PromptInputAgent:
#^^^^^ source.pyprompt keyword.declaration.pyprompt
#     ^ source.pyprompt
#      ^^^^^^^^^^^^^^^^ source.pyprompt entity.name.type.pyprompt
#                      ^ source.pyprompt punctuation.separator.key-value.pyprompt
>    role: "Core job: summarize the current issue from prompt-provided input."
#^^^^ source.pyprompt
#    ^^^^ source.pyprompt keyword.other.field.pyprompt
#        ^ source.pyprompt punctuation.separator.key-value.pyprompt
#         ^ source.pyprompt
#          ^ source.pyprompt punctuation.definition.string.begin.pyprompt
#           ^^^^^^^^^^^^^^^^^^^^^^^^^^^^^^^^^^^^^^^^^^^^^^^^^^^^^^^^^^^^^^^^^ source.pyprompt string.quoted.double.pyprompt
#                                                                            ^ source.pyprompt punctuation.definition.string.end.pyprompt
>
>    your_job: "Your Job"
#^^^^ source.pyprompt
#    ^^^^^^^^ source.pyprompt entity.name.section.pyprompt
#            ^ source.pyprompt punctuation.separator.key-value.pyprompt
#             ^ source.pyprompt
#              ^^^^^^^^^^ source.pyprompt string.quoted.double.pyprompt
>        "Read the current issue from the prompt."
#^^^^^^^^ source.pyprompt
#        ^ source.pyprompt punctuation.definition.string.begin.pyprompt
#         ^^^^^^^^^^^^^^^^^^^^^^^^^^^^^^^^^^^^^^^ source.pyprompt string.quoted.double.pyprompt
#                                                ^ source.pyprompt punctuation.definition.string.end.pyprompt
>        "Summarize it clearly and briefly."
#^^^^^^^^ source.pyprompt
#        ^ source.pyprompt punctuation.definition.string.begin.pyprompt
#         ^^^^^^^^^^^^^^^^^^^^^^^^^^^^^^^^^ source.pyprompt string.quoted.double.pyprompt
#                                          ^ source.pyprompt punctuation.definition.string.end.pyprompt
>
>    inputs: "Inputs"
#^^^^ source.pyprompt
#    ^^^^^^ source.pyprompt keyword.other.field.pyprompt
#          ^ source.pyprompt punctuation.separator.key-value.pyprompt
#           ^ source.pyprompt
#            ^^^^^^^^ source.pyprompt string.quoted.double.pyprompt
>        CurrentIssue
#^^^^^^^^ source.pyprompt
#        ^^^^^^^^^^^^ source.pyprompt entity.name.type.reference.standalone.pyprompt entity.name.type.pyprompt support.type.reference.pyprompt
>
>
># Model 2: input can be looked up from a named path.
#^^^^^^^^^^^^^^^^^^^^^^^^^^^^^^^^^^^^^^^^^^^^^^^^^^^^ source.pyprompt comment.line.number-sign.pyprompt
># This also shows that requiredness is separate from source:
#^^^^^^^^^^^^^^^^^^^^^^^^^^^^^^^^^^^^^^^^^^^^^^^^^^^^^^^^^^^^ source.pyprompt comment.line.number-sign.pyprompt
># both inputs come from a path, but one is required and the other is advisory.
#^^^^^^^^^^^^^^^^^^^^^^^^^^^^^^^^^^^^^^^^^^^^^^^^^^^^^^^^^^^^^^^^^^^^^^^^^^^^^^ source.pyprompt comment.line.number-sign.pyprompt
>agent PathInputAgent:
#^^^^^ source.pyprompt keyword.declaration.pyprompt
#     ^ source.pyprompt
#      ^^^^^^^^^^^^^^ source.pyprompt entity.name.type.pyprompt
#                    ^ source.pyprompt punctuation.separator.key-value.pyprompt
>    role: "Core job: revise a section plan using path-based file input."
#^^^^ source.pyprompt
#    ^^^^ source.pyprompt keyword.other.field.pyprompt
#        ^ source.pyprompt punctuation.separator.key-value.pyprompt
#         ^ source.pyprompt
#          ^ source.pyprompt punctuation.definition.string.begin.pyprompt
#           ^^^^^^^^^^^^^^^^^^^^^^^^^^^^^^^^^^^^^^^^^^^^^^^^^^^^^^^^^^^^ source.pyprompt string.quoted.double.pyprompt
#                                                                       ^ source.pyprompt punctuation.definition.string.end.pyprompt
>
>    your_job: "Your Job"
#^^^^ source.pyprompt
#    ^^^^^^^^ source.pyprompt entity.name.section.pyprompt
#            ^ source.pyprompt punctuation.separator.key-value.pyprompt
#             ^ source.pyprompt
#              ^^^^^^^^^^ source.pyprompt string.quoted.double.pyprompt
>        "Read the required section plan from the named path."
#^^^^^^^^ source.pyprompt
#        ^ source.pyprompt punctuation.definition.string.begin.pyprompt
#         ^^^^^^^^^^^^^^^^^^^^^^^^^^^^^^^^^^^^^^^^^^^^^^^^^^^ source.pyprompt string.quoted.double.pyprompt
#                                                            ^ source.pyprompt punctuation.definition.string.end.pyprompt
>        "Use the previous summary only if continuity matters for the current turn."
#^^^^^^^^ source.pyprompt
#        ^ source.pyprompt punctuation.definition.string.begin.pyprompt
#         ^^^^^^^^^^^^^^^^^^^^^^^^^^^^^^^^^^^^^^^^^^^^^^^^^^^^^^^^^^^^^^^^^^^^^^^^^ source.pyprompt string.quoted.double.pyprompt
#                                                                                  ^ source.pyprompt punctuation.definition.string.end.pyprompt
>        "Fail if the required section plan is missing."
#^^^^^^^^ source.pyprompt
#        ^ source.pyprompt punctuation.definition.string.begin.pyprompt
#         ^^^^^^^^^^^^^^^^^^^^^^^^^^^^^^^^^^^^^^^^^^^^^ source.pyprompt string.quoted.double.pyprompt
#                                                      ^ source.pyprompt punctuation.definition.string.end.pyprompt
>
>    inputs: "Inputs"
#^^^^ source.pyprompt
#    ^^^^^^ source.pyprompt keyword.other.field.pyprompt
#          ^ source.pyprompt punctuation.separator.key-value.pyprompt
#           ^ source.pyprompt
#            ^^^^^^^^ source.pyprompt string.quoted.double.pyprompt
>        SectionPlan
#^^^^^^^^ source.pyprompt
#        ^^^^^^^^^^^ source.pyprompt entity.name.type.reference.standalone.pyprompt entity.name.type.pyprompt support.type.reference.pyprompt
>        PreviousSummary
#^^^^^^^^ source.pyprompt
#        ^^^^^^^^^^^^^^^ source.pyprompt entity.name.type.reference.standalone.pyprompt entity.name.type.pyprompt support.type.reference.pyprompt
>
>
># Model 3: input can be looked up from an environment variable.
#^^^^^^^^^^^^^^^^^^^^^^^^^^^^^^^^^^^^^^^^^^^^^^^^^^^^^^^^^^^^^^^ source.pyprompt comment.line.number-sign.pyprompt
>agent EnvInputAgent:
#^^^^^ source.pyprompt keyword.declaration.pyprompt
#     ^ source.pyprompt
#      ^^^^^^^^^^^^^ source.pyprompt entity.name.type.pyprompt
#                   ^ source.pyprompt punctuation.separator.key-value.pyprompt
>    role: "Core job: locate the tracker checkout from an environment variable before doing any tracker work."
#^^^^ source.pyprompt
#    ^^^^ source.pyprompt keyword.other.field.pyprompt
#        ^ source.pyprompt punctuation.separator.key-value.pyprompt
#         ^ source.pyprompt
#          ^ source.pyprompt punctuation.definition.string.begin.pyprompt
#           ^^^^^^^^^^^^^^^^^^^^^^^^^^^^^^^^^^^^^^^^^^^^^^^^^^^^^^^^^^^^^^^^^^^^^^^^^^^^^^^^^^^^^^^^^^^^^^^^^ source.pyprompt string.quoted.double.pyprompt
#                                                                                                            ^ source.pyprompt punctuation.definition.string.end.pyprompt
>
>    your_job: "Your Job"
#^^^^ source.pyprompt
#    ^^^^^^^^ source.pyprompt entity.name.section.pyprompt
#            ^ source.pyprompt punctuation.separator.key-value.pyprompt
#             ^ source.pyprompt
#              ^^^^^^^^^^ source.pyprompt string.quoted.double.pyprompt
>        "Look up the tracker root from the environment variable."
#^^^^^^^^ source.pyprompt
#        ^ source.pyprompt punctuation.definition.string.begin.pyprompt
#         ^^^^^^^^^^^^^^^^^^^^^^^^^^^^^^^^^^^^^^^^^^^^^^^^^^^^^^^ source.pyprompt string.quoted.double.pyprompt
#                                                                ^ source.pyprompt punctuation.definition.string.end.pyprompt
>        "Fail if the environment variable is missing."
#^^^^^^^^ source.pyprompt
#        ^ source.pyprompt punctuation.definition.string.begin.pyprompt
#         ^^^^^^^^^^^^^^^^^^^^^^^^^^^^^^^^^^^^^^^^^^^^ source.pyprompt string.quoted.double.pyprompt
#                                                     ^ source.pyprompt punctuation.definition.string.end.pyprompt
>
>    inputs: "Inputs"
#^^^^ source.pyprompt
#    ^^^^^^ source.pyprompt keyword.other.field.pyprompt
#          ^ source.pyprompt punctuation.separator.key-value.pyprompt
#           ^ source.pyprompt
#            ^^^^^^^^ source.pyprompt string.quoted.double.pyprompt
>        TrackerRoot
#^^^^^^^^ source.pyprompt
#        ^^^^^^^^^^^ source.pyprompt entity.name.type.reference.standalone.pyprompt entity.name.type.pyprompt support.type.reference.pyprompt
>
>
># Model 4: input can come from a declared custom source.
#^^^^^^^^^^^^^^^^^^^^^^^^^^^^^^^^^^^^^^^^^^^^^^^^^^^^^^^^ source.pyprompt comment.line.number-sign.pyprompt
>agent CustomSourceInputAgent:
#^^^^^ source.pyprompt keyword.declaration.pyprompt
#     ^ source.pyprompt
#      ^^^^^^^^^^^^^^^^^^^^^^ source.pyprompt entity.name.type.pyprompt
#                            ^ source.pyprompt punctuation.separator.key-value.pyprompt
>    role: "Core job: use a design spec from a custom typed input source."
#^^^^ source.pyprompt
#    ^^^^ source.pyprompt keyword.other.field.pyprompt
#        ^ source.pyprompt punctuation.separator.key-value.pyprompt
#         ^ source.pyprompt
#          ^ source.pyprompt punctuation.definition.string.begin.pyprompt
#           ^^^^^^^^^^^^^^^^^^^^^^^^^^^^^^^^^^^^^^^^^^^^^^^^^^^^^^^^^^^^^ source.pyprompt string.quoted.double.pyprompt
#                                                                        ^ source.pyprompt punctuation.definition.string.end.pyprompt
>
>    your_job: "Your Job"
#^^^^ source.pyprompt
#    ^^^^^^^^ source.pyprompt entity.name.section.pyprompt
#            ^ source.pyprompt punctuation.separator.key-value.pyprompt
#             ^ source.pyprompt
#              ^^^^^^^^^^ source.pyprompt string.quoted.double.pyprompt
>        "Use the custom source configuration to find the design document."
#^^^^^^^^ source.pyprompt
#        ^ source.pyprompt punctuation.definition.string.begin.pyprompt
#         ^^^^^^^^^^^^^^^^^^^^^^^^^^^^^^^^^^^^^^^^^^^^^^^^^^^^^^^^^^^^^^^^ source.pyprompt string.quoted.double.pyprompt
#                                                                         ^ source.pyprompt punctuation.definition.string.end.pyprompt
>        "Fail if the required design source data is missing."
#^^^^^^^^ source.pyprompt
#        ^ source.pyprompt punctuation.definition.string.begin.pyprompt
#         ^^^^^^^^^^^^^^^^^^^^^^^^^^^^^^^^^^^^^^^^^^^^^^^^^^^ source.pyprompt string.quoted.double.pyprompt
#                                                            ^ source.pyprompt punctuation.definition.string.end.pyprompt
>
>    inputs: "Inputs"
#^^^^ source.pyprompt
#    ^^^^^^ source.pyprompt keyword.other.field.pyprompt
#          ^ source.pyprompt punctuation.separator.key-value.pyprompt
#           ^ source.pyprompt
#            ^^^^^^^^ source.pyprompt string.quoted.double.pyprompt
>        DesignSpec
#^^^^^^^^ source.pyprompt
#        ^^^^^^^^^^ source.pyprompt entity.name.type.reference.standalone.pyprompt entity.name.type.pyprompt support.type.reference.pyprompt
>