>abstract agent ReviewRoleBase:
#^^^^^^^^ source.doctrine keyword.declaration.doctrine
#        ^ source.doctrine
#         ^^^^^ source.doctrine keyword.declaration.doctrine
#              ^ source.doctrine
#               ^^^^^^^^^^^^^^ source.doctrine entity.name.type.doctrine
#                             ^ source.doctrine punctuation.separator.key-value.doctrine
>    abstract workflow_core
#^^^^ source.doctrine
#    ^^^^^^^^ source.doctrine keyword.control.doctrine
#            ^ source.doctrine
#             ^^^^^^^^^^^^^ source.doctrine entity.name.section.reference.doctrine entity.name.section.doctrine support.type.reference.doctrine
>    abstract routing
#^^^^ source.doctrine
#    ^^^^^^^^ source.doctrine keyword.control.doctrine
#            ^ source.doctrine
#             ^^^^^^^ source.doctrine entity.name.section.reference.doctrine entity.name.section.doctrine support.type.reference.doctrine
>
>
>agent InvalidConcreteMissingMultiple[ReviewRoleBase]:
#^^^^^ source.doctrine keyword.declaration.doctrine
#     ^ source.doctrine
#      ^^^^^^^^^^^^^^^^^^^^^^^^^^^^^^ source.doctrine entity.name.type.doctrine
#                                    ^ source.doctrine punctuation.section.inheritance.begin.doctrine
#                                     ^^^^^^^^^^^^^^ source.doctrine entity.other.inherited-class.doctrine
#                                                   ^ source.doctrine punctuation.section.inheritance.end.doctrine
#                                                    ^ source.doctrine punctuation.separator.key-value.doctrine
>    role: "Trigger multiple missing abstract authored slots."
#^^^^ source.doctrine
#    ^^^^ source.doctrine keyword.other.field.doctrine
#        ^ source.doctrine punctuation.separator.key-value.doctrine
#         ^ source.doctrine
#          ^ source.doctrine punctuation.definition.string.begin.doctrine
#           ^^^^^^^^^^^^^^^^^^^^^^^^^^^^^^^^^^^^^^^^^^^^^^^^^ source.doctrine string.quoted.double.doctrine
#                                                            ^ source.doctrine punctuation.definition.string.end.doctrine
>