># This example shows rich `inputs` and `outputs` buckets.
#^^^^^^^^^^^^^^^^^^^^^^^^^^^^^^^^^^^^^^^^^^^^^^^^^^^^^^^^^ source.pyprompt comment.line.number-sign.pyprompt
># - They can mix plain prose, titled groups, and typed declaration refs.
#^^^^^^^^^^^^^^^^^^^^^^^^^^^^^^^^^^^^^^^^^^^^^^^^^^^^^^^^^^^^^^^^^^^^^^^^ source.pyprompt comment.line.number-sign.pyprompt
># - Existing bare ref lists still work.
#^^^^^^^^^^^^^^^^^^^^^^^^^^^^^^^^^^^^^^^ source.pyprompt comment.line.number-sign.pyprompt
># - The typed refs stay kind-specific.
#^^^^^^^^^^^^^^^^^^^^^^^^^^^^^^^^^^^^^^ source.pyprompt comment.line.number-sign.pyprompt
>
>input CurrentSectionPlan: "Current Section Plan"
#^^^^^ source.pyprompt keyword.declaration.pyprompt
#     ^ source.pyprompt
#      ^^^^^^^^^^^^^^^^^^ source.pyprompt entity.name.type.pyprompt
#                        ^ source.pyprompt punctuation.separator.key-value.pyprompt
#                         ^ source.pyprompt
#                          ^ source.pyprompt punctuation.definition.string.begin.pyprompt
#                           ^^^^^^^^^^^^^^^^^^^^ source.pyprompt string.quoted.double.pyprompt
#                                               ^ source.pyprompt punctuation.definition.string.end.pyprompt
>    source: File
#^^^^ source.pyprompt
#    ^^^^^^ source.pyprompt entity.name.section.pyprompt
#          ^ source.pyprompt punctuation.separator.key-value.pyprompt
#           ^ source.pyprompt
#            ^^^^ source.pyprompt support.type.reference.pyprompt
>        path: "section_root/_authoring/SECTION_PLAN.md"
#^^^^^^^^ source.pyprompt
#        ^^^^ source.pyprompt entity.name.section.pyprompt
#            ^ source.pyprompt punctuation.separator.key-value.pyprompt
#             ^ source.pyprompt
#              ^^^^^^^^^^^^^^^^^^^^^^^^^^^^^^^^^^^^^^^^^ source.pyprompt string.quoted.double.pyprompt
>    shape: "Markdown Document"
#^^^^ source.pyprompt
#    ^^^^^ source.pyprompt entity.name.section.pyprompt
#         ^ source.pyprompt punctuation.separator.key-value.pyprompt
#          ^ source.pyprompt
#           ^^^^^^^^^^^^^^^^^^^ source.pyprompt string.quoted.double.pyprompt
>    requirement: Required
#^^^^ source.pyprompt
#    ^^^^^^^^^^^ source.pyprompt entity.name.section.pyprompt
#               ^ source.pyprompt punctuation.separator.key-value.pyprompt
#                ^ source.pyprompt
#                 ^^^^^^^^ source.pyprompt support.type.reference.pyprompt
>
>    notes: "Notes"
#^^^^ source.pyprompt
#    ^^^^^ source.pyprompt entity.name.section.pyprompt
#         ^ source.pyprompt punctuation.separator.key-value.pyprompt
#          ^ source.pyprompt
#           ^^^^^^^ source.pyprompt string.quoted.double.pyprompt
>        "Treat the current plan as the live section baseline."
#^^^^^^^^ source.pyprompt
#        ^ source.pyprompt punctuation.definition.string.begin.pyprompt
#         ^^^^^^^^^^^^^^^^^^^^^^^^^^^^^^^^^^^^^^^^^^^^^^^^^^^^ source.pyprompt string.quoted.double.pyprompt
#                                                             ^ source.pyprompt punctuation.definition.string.end.pyprompt
>
>
>input PriorReviewNotes: "Prior Review Notes"
#^^^^^ source.pyprompt keyword.declaration.pyprompt
#     ^ source.pyprompt
#      ^^^^^^^^^^^^^^^^ source.pyprompt entity.name.type.pyprompt
#                      ^ source.pyprompt punctuation.separator.key-value.pyprompt
#                       ^ source.pyprompt
#                        ^ source.pyprompt punctuation.definition.string.begin.pyprompt
#                         ^^^^^^^^^^^^^^^^^^ source.pyprompt string.quoted.double.pyprompt
#                                           ^ source.pyprompt punctuation.definition.string.end.pyprompt
>    source: File
#^^^^ source.pyprompt
#    ^^^^^^ source.pyprompt entity.name.section.pyprompt
#          ^ source.pyprompt punctuation.separator.key-value.pyprompt
#           ^ source.pyprompt
#            ^^^^ source.pyprompt support.type.reference.pyprompt
>        path: "section_root/_authoring/PRIOR_REVIEW_NOTES.md"
#^^^^^^^^ source.pyprompt
#        ^^^^ source.pyprompt entity.name.section.pyprompt
#            ^ source.pyprompt punctuation.separator.key-value.pyprompt
#             ^ source.pyprompt
#              ^^^^^^^^^^^^^^^^^^^^^^^^^^^^^^^^^^^^^^^^^^^^^^^ source.pyprompt string.quoted.double.pyprompt
>    shape: "Markdown Document"
#^^^^ source.pyprompt
#    ^^^^^ source.pyprompt entity.name.section.pyprompt
#         ^ source.pyprompt punctuation.separator.key-value.pyprompt
#          ^ source.pyprompt
#           ^^^^^^^^^^^^^^^^^^^ source.pyprompt string.quoted.double.pyprompt
>    requirement: Advisory
#^^^^ source.pyprompt
#    ^^^^^^^^^^^ source.pyprompt entity.name.section.pyprompt
#               ^ source.pyprompt punctuation.separator.key-value.pyprompt
#                ^ source.pyprompt
#                 ^^^^^^^^ source.pyprompt support.type.reference.pyprompt
>
>
>output DossierFile: "Dossier File"
#^^^^^^ source.pyprompt keyword.declaration.pyprompt
#      ^ source.pyprompt
#       ^^^^^^^^^^^ source.pyprompt entity.name.type.pyprompt
#                  ^ source.pyprompt punctuation.separator.key-value.pyprompt
#                   ^ source.pyprompt
#                    ^ source.pyprompt punctuation.definition.string.begin.pyprompt
#                     ^^^^^^^^^^^^ source.pyprompt string.quoted.double.pyprompt
#                                 ^ source.pyprompt punctuation.definition.string.end.pyprompt
>    target: File
#^^^^ source.pyprompt
#    ^^^^^^ source.pyprompt entity.name.section.pyprompt
#          ^ source.pyprompt punctuation.separator.key-value.pyprompt
#           ^ source.pyprompt
#            ^^^^ source.pyprompt support.type.reference.pyprompt
>        path: "section_root/_authoring/dossier_engineer.md"
#^^^^^^^^ source.pyprompt
#        ^^^^ source.pyprompt entity.name.section.pyprompt
#            ^ source.pyprompt punctuation.separator.key-value.pyprompt
#             ^ source.pyprompt
#              ^^^^^^^^^^^^^^^^^^^^^^^^^^^^^^^^^^^^^^^^^^^^^ source.pyprompt string.quoted.double.pyprompt
>    shape: "Dossier Document"
#^^^^ source.pyprompt
#    ^^^^^ source.pyprompt entity.name.section.pyprompt
#         ^ source.pyprompt punctuation.separator.key-value.pyprompt
#          ^ source.pyprompt
#           ^^^^^^^^^^^^^^^^^^ source.pyprompt string.quoted.double.pyprompt
>    requirement: Required
#^^^^ source.pyprompt
#    ^^^^^^^^^^^ source.pyprompt entity.name.section.pyprompt
#               ^ source.pyprompt punctuation.separator.key-value.pyprompt
#                ^ source.pyprompt
#                 ^^^^^^^^ source.pyprompt support.type.reference.pyprompt
>
>    standalone_read: "Standalone Read"
#^^^^ source.pyprompt
#    ^^^^^^^^^^^^^^^ source.pyprompt entity.name.section.pyprompt
#                   ^ source.pyprompt punctuation.separator.key-value.pyprompt
#                    ^ source.pyprompt
#                     ^^^^^^^^^^^^^^^^^ source.pyprompt string.quoted.double.pyprompt
>        "A downstream reader should be able to read dossier_engineer.md alone and understand the current dossier truth."
#^^^^^^^^ source.pyprompt
#        ^ source.pyprompt punctuation.definition.string.begin.pyprompt
#         ^^^^^^^^^^^^^^^^^^^^^^^^^^^^^^^^^^^^^^^^^^^^^^^^^^^^^^^^^^^^^^^^^^^^^^^^^^^^^^^^^^^^^^^^^^^^^^^^^^^^^^^^^^^^^^ source.pyprompt string.quoted.double.pyprompt
#                                                                                                                       ^ source.pyprompt punctuation.definition.string.end.pyprompt
>
>
>output DossierSummary: "Dossier Summary"
#^^^^^^ source.pyprompt keyword.declaration.pyprompt
#      ^ source.pyprompt
#       ^^^^^^^^^^^^^^ source.pyprompt entity.name.type.pyprompt
#                     ^ source.pyprompt punctuation.separator.key-value.pyprompt
#                      ^ source.pyprompt
#                       ^ source.pyprompt punctuation.definition.string.begin.pyprompt
#                        ^^^^^^^^^^^^^^^ source.pyprompt string.quoted.double.pyprompt
#                                       ^ source.pyprompt punctuation.definition.string.end.pyprompt
>    target: TurnResponse
#^^^^ source.pyprompt
#    ^^^^^^ source.pyprompt entity.name.section.pyprompt
#          ^ source.pyprompt punctuation.separator.key-value.pyprompt
#           ^ source.pyprompt
#            ^^^^^^^^^^^^ source.pyprompt support.type.reference.pyprompt
>    shape: "Turn Summary Text"
#^^^^ source.pyprompt
#    ^^^^^ source.pyprompt entity.name.section.pyprompt
#         ^ source.pyprompt punctuation.separator.key-value.pyprompt
#          ^ source.pyprompt
#           ^^^^^^^^^^^^^^^^^^^ source.pyprompt string.quoted.double.pyprompt
>    requirement: Required
#^^^^ source.pyprompt
#    ^^^^^^^^^^^ source.pyprompt entity.name.section.pyprompt
#               ^ source.pyprompt punctuation.separator.key-value.pyprompt
#                ^ source.pyprompt
#                 ^^^^^^^^ source.pyprompt support.type.reference.pyprompt
>
>    purpose: "Purpose"
#^^^^ source.pyprompt
#    ^^^^^^^ source.pyprompt entity.name.section.pyprompt
#           ^ source.pyprompt punctuation.separator.key-value.pyprompt
#            ^ source.pyprompt
#             ^^^^^^^^^ source.pyprompt string.quoted.double.pyprompt
>        "Summarize what changed and point the reader at dossier_engineer.md."
#^^^^^^^^ source.pyprompt
#        ^ source.pyprompt punctuation.definition.string.begin.pyprompt
#         ^^^^^^^^^^^^^^^^^^^^^^^^^^^^^^^^^^^^^^^^^^^^^^^^^^^^^^^^^^^^^^^^^^^ source.pyprompt string.quoted.double.pyprompt
#                                                                            ^ source.pyprompt punctuation.definition.string.end.pyprompt
>
>
>agent RichIoBucketAgent:
#^^^^^ source.pyprompt keyword.declaration.pyprompt
#     ^ source.pyprompt
#      ^^^^^^^^^^^^^^^^^ source.pyprompt entity.name.type.pyprompt
#                       ^ source.pyprompt punctuation.separator.key-value.pyprompt
>    role: "Core job: gather the section inputs and publish the current dossier truth."
#^^^^ source.pyprompt
#    ^^^^ source.pyprompt keyword.other.field.pyprompt
#        ^ source.pyprompt punctuation.separator.key-value.pyprompt
#         ^ source.pyprompt
#          ^^^^^^^^^^^^^^^^^^^^^^^^^^^^^^^^^^^^^^^^^^^^^^^^^^^^^^^^^^^^^^^^^^^^^^^^^^^^ source.pyprompt string.quoted.double.pyprompt
>
>    your_job: "Your Job"
#^^^^ source.pyprompt
#    ^^^^^^^^ source.pyprompt entity.name.section.pyprompt
#            ^ source.pyprompt punctuation.separator.key-value.pyprompt
#             ^ source.pyprompt
#              ^^^^^^^^^^ source.pyprompt string.quoted.double.pyprompt
>        "Use the current plan as truth and keep prior review notes as continuity help only."
#^^^^^^^^ source.pyprompt
#        ^ source.pyprompt punctuation.definition.string.begin.pyprompt
#         ^^^^^^^^^^^^^^^^^^^^^^^^^^^^^^^^^^^^^^^^^^^^^^^^^^^^^^^^^^^^^^^^^^^^^^^^^^^^^^^^^^ source.pyprompt string.quoted.double.pyprompt
#                                                                                           ^ source.pyprompt punctuation.definition.string.end.pyprompt
>        "Always write the dossier file before you summarize the turn."
#^^^^^^^^ source.pyprompt
#        ^ source.pyprompt punctuation.definition.string.begin.pyprompt
#         ^^^^^^^^^^^^^^^^^^^^^^^^^^^^^^^^^^^^^^^^^^^^^^^^^^^^^^^^^^^^ source.pyprompt string.quoted.double.pyprompt
#                                                                     ^ source.pyprompt punctuation.definition.string.end.pyprompt
>
>    inputs: "Inputs"
#^^^^ source.pyprompt
#    ^^^^^^ source.pyprompt keyword.other.field.pyprompt
#          ^ source.pyprompt punctuation.separator.key-value.pyprompt
#           ^ source.pyprompt
#            ^^^^^^^^ source.pyprompt string.quoted.double.pyprompt
>        "Read these inputs in order."
#^^^^^^^^ source.pyprompt
#        ^ source.pyprompt punctuation.definition.string.begin.pyprompt
#         ^^^^^^^^^^^^^^^^^^^^^^^^^^^ source.pyprompt string.quoted.double.pyprompt
#                                    ^ source.pyprompt punctuation.definition.string.end.pyprompt
>
>        planning_truth: "Planning Truth"
#^^^^^^^^ source.pyprompt
#        ^^^^^^^^^^^^^^ source.pyprompt entity.name.section.pyprompt
#                      ^ source.pyprompt punctuation.separator.key-value.pyprompt
#                       ^ source.pyprompt
#                        ^^^^^^^^^^^^^^^^ source.pyprompt string.quoted.double.pyprompt
>            CurrentSectionPlan
#^^^^^^^^^^^^ source.pyprompt
#            ^^^^^^^^^^^^^^^^^^ source.pyprompt support.type.reference.pyprompt
>
>        continuity_only: "Continuity Only"
#^^^^^^^^ source.pyprompt
#        ^^^^^^^^^^^^^^^ source.pyprompt entity.name.section.pyprompt
#                       ^ source.pyprompt punctuation.separator.key-value.pyprompt
#                        ^ source.pyprompt
#                         ^^^^^^^^^^^^^^^^^ source.pyprompt string.quoted.double.pyprompt
>            "Use prior review notes only as continuity help, not as proof."
#^^^^^^^^^^^^ source.pyprompt
#            ^ source.pyprompt punctuation.definition.string.begin.pyprompt
#             ^^^^^^^^^^^^^^^^^^^^^^^^^^^^^^^^^^^^^^^^^^^^^^^^^^^^^^^^^^^^^ source.pyprompt string.quoted.double.pyprompt
#                                                                          ^ source.pyprompt punctuation.definition.string.end.pyprompt
>            PriorReviewNotes
#^^^^^^^^^^^^ source.pyprompt
#            ^^^^^^^^^^^^^^^^ source.pyprompt support.type.reference.pyprompt
>
>    outputs: "Outputs"
#^^^^ source.pyprompt
#    ^^^^^^^ source.pyprompt keyword.other.field.pyprompt
#           ^ source.pyprompt punctuation.separator.key-value.pyprompt
#            ^ source.pyprompt
#             ^^^^^^^^^ source.pyprompt string.quoted.double.pyprompt
>        "Always produce these outputs when you own dossier work."
#^^^^^^^^ source.pyprompt
#        ^ source.pyprompt punctuation.definition.string.begin.pyprompt
#         ^^^^^^^^^^^^^^^^^^^^^^^^^^^^^^^^^^^^^^^^^^^^^^^^^^^^^^^ source.pyprompt string.quoted.double.pyprompt
#                                                                ^ source.pyprompt punctuation.definition.string.end.pyprompt
>        "The file artifact is the durable truth. The turn summary points at that truth."
#^^^^^^^^ source.pyprompt
#        ^ source.pyprompt punctuation.definition.string.begin.pyprompt
#         ^^^^^^^^^^^^^^^^^^^^^^^^^^^^^^^^^^^^^^^^^^^^^^^^^^^^^^^^^^^^^^^^^^^^^^^^^^^^^^ source.pyprompt string.quoted.double.pyprompt
#                                                                                       ^ source.pyprompt punctuation.definition.string.end.pyprompt
>
>        file_truth: "File Truth"
#^^^^^^^^ source.pyprompt
#        ^^^^^^^^^^ source.pyprompt entity.name.section.pyprompt
#                  ^ source.pyprompt punctuation.separator.key-value.pyprompt
#                   ^ source.pyprompt
#                    ^^^^^^^^^^^^ source.pyprompt string.quoted.double.pyprompt
>            "Write this to disk before you summarize the turn."
#^^^^^^^^^^^^ source.pyprompt
#            ^ source.pyprompt punctuation.definition.string.begin.pyprompt
#             ^^^^^^^^^^^^^^^^^^^^^^^^^^^^^^^^^^^^^^^^^^^^^^^^^ source.pyprompt string.quoted.double.pyprompt
#                                                              ^ source.pyprompt punctuation.definition.string.end.pyprompt
>            DossierFile
#^^^^^^^^^^^^ source.pyprompt
#            ^^^^^^^^^^^ source.pyprompt support.type.reference.pyprompt
>
>        turn_summary: "Turn Summary"
#^^^^^^^^ source.pyprompt
#        ^^^^^^^^^^^^ source.pyprompt entity.name.section.pyprompt
#                    ^ source.pyprompt punctuation.separator.key-value.pyprompt
#                     ^ source.pyprompt
#                      ^^^^^^^^^^^^^^ source.pyprompt string.quoted.double.pyprompt
>            "Use the turn response to say what changed and where the durable file lives."
#^^^^^^^^^^^^ source.pyprompt
#            ^ source.pyprompt punctuation.definition.string.begin.pyprompt
#             ^^^^^^^^^^^^^^^^^^^^^^^^^^^^^^^^^^^^^^^^^^^^^^^^^^^^^^^^^^^^^^^^^^^^^^^^^^^ source.pyprompt string.quoted.double.pyprompt
#                                                                                        ^ source.pyprompt punctuation.definition.string.end.pyprompt
>            DossierSummary
#^^^^^^^^^^^^ source.pyprompt
#            ^^^^^^^^^^^^^^ source.pyprompt support.type.reference.pyprompt
>