>output DossierFile: "Dossier File"
#^^^^^^ source.doctrine keyword.declaration.doctrine
#      ^ source.doctrine
#       ^^^^^^^^^^^ source.doctrine entity.name.type.doctrine
#                  ^ source.doctrine punctuation.separator.key-value.doctrine
#                   ^ source.doctrine
#                    ^ source.doctrine punctuation.definition.string.begin.doctrine
#                     ^^^^^^^^^^^^ source.doctrine string.quoted.double.doctrine
#                                 ^ source.doctrine punctuation.definition.string.end.doctrine
>    target: File
#^^^^ source.doctrine
#    ^^^^^^ source.doctrine entity.name.section.doctrine
#          ^ source.doctrine punctuation.separator.key-value.doctrine
#           ^ source.doctrine
#            ^^^^ source.doctrine entity.name.type.reference.key-value.doctrine entity.name.type.doctrine support.type.reference.doctrine
>        path: "section_root/_authoring/dossier_engineer.md"
#^^^^^^^^ source.doctrine
#        ^^^^ source.doctrine entity.name.section.doctrine
#            ^ source.doctrine punctuation.separator.key-value.doctrine
#             ^ source.doctrine
#              ^^^^^^^^^^^^^^^^^^^^^^^^^^^^^^^^^^^^^^^^^^^^^ source.doctrine string.quoted.double.doctrine
>    shape: "Dossier Document"
#^^^^ source.doctrine
#    ^^^^^ source.doctrine entity.name.section.doctrine
#         ^ source.doctrine punctuation.separator.key-value.doctrine
#          ^ source.doctrine
#           ^^^^^^^^^^^^^^^^^^ source.doctrine string.quoted.double.doctrine
>    requirement: Required
#^^^^ source.doctrine
#    ^^^^^^^^^^^ source.doctrine entity.name.section.doctrine
#               ^ source.doctrine punctuation.separator.key-value.doctrine
#                ^ source.doctrine
#                 ^^^^^^^^ source.doctrine entity.name.type.reference.key-value.doctrine entity.name.type.doctrine support.type.reference.doctrine
>
>
>agent InvalidOutputBucketRefBody:
#^^^^^ source.doctrine keyword.declaration.doctrine
#     ^ source.doctrine
#      ^^^^^^^^^^^^^^^^^^^^^^^^^^ source.doctrine entity.name.type.doctrine
#                                ^ source.doctrine punctuation.separator.key-value.doctrine
>    role: "Core job: trigger an invalid inline body on an output ref."
#^^^^ source.doctrine
#    ^^^^ source.doctrine keyword.other.field.doctrine
#        ^ source.doctrine punctuation.separator.key-value.doctrine
#         ^ source.doctrine
#          ^ source.doctrine punctuation.definition.string.begin.doctrine
#           ^^^^^^^^^^^^^^^^^^^^^^^^^^^^^^^^^^^^^^^^^^^^^^^^^^^^^^^^^^ source.doctrine string.quoted.double.doctrine
#                                                                     ^ source.doctrine punctuation.definition.string.end.doctrine
>
>    outputs: "Outputs"
#^^^^ source.doctrine
#    ^^^^^^^ source.doctrine keyword.other.field.doctrine
#           ^ source.doctrine punctuation.separator.key-value.doctrine
#            ^ source.doctrine
#             ^^^^^^^^^ source.doctrine string.quoted.double.doctrine
>        DossierFile
#^^^^^^^^ source.doctrine
#        ^^^^^^^^^^^ source.doctrine entity.name.type.reference.standalone.doctrine entity.name.type.doctrine support.type.reference.doctrine
>            "This explanation belongs in prose or a titled group, not on the ref itself."
#^^^^^^^^^^^^ source.doctrine
#            ^ source.doctrine punctuation.definition.string.begin.doctrine
#             ^^^^^^^^^^^^^^^^^^^^^^^^^^^^^^^^^^^^^^^^^^^^^^^^^^^^^^^^^^^^^^^^^^^^^^^^^^^ source.doctrine string.quoted.double.doctrine
#                                                                                        ^ source.doctrine punctuation.definition.string.end.doctrine
>