>abstract agent BaseGreeter:
#^^^^^^^^ source.doctrine keyword.declaration.doctrine
#        ^ source.doctrine
#         ^^^^^ source.doctrine keyword.declaration.doctrine
#              ^ source.doctrine
#               ^^^^^^^^^^^ source.doctrine entity.name.type.doctrine
#                          ^ source.doctrine punctuation.separator.key-value.doctrine
>    role: "You are the base greeter."
#^^^^ source.doctrine
#    ^^^^ source.doctrine keyword.other.field.doctrine
#        ^ source.doctrine punctuation.separator.key-value.doctrine
#         ^ source.doctrine
#          ^ source.doctrine punctuation.definition.string.begin.doctrine
#           ^^^^^^^^^^^^^^^^^^^^^^^^^ source.doctrine string.quoted.double.doctrine
#                                    ^ source.doctrine punctuation.definition.string.end.doctrine
>
>    workflow: "Shared Instructions"
#^^^^ source.doctrine
#    ^^^^^^^^ source.doctrine entity.name.section.doctrine
#            ^ source.doctrine punctuation.separator.key-value.doctrine
#             ^ source.doctrine
#              ^^^^^^^^^^^^^^^^^^^^^ source.doctrine string.quoted.double.doctrine
>        "Use the shared greeting below."
#^^^^^^^^ source.doctrine
#        ^ source.doctrine punctuation.definition.string.begin.doctrine
#         ^^^^^^^^^^^^^^^^^^^^^^^^^^^^^^ source.doctrine string.quoted.double.doctrine
#                                       ^ source.doctrine punctuation.definition.string.end.doctrine
>
>        greeting: "Greeting"
#^^^^^^^^ source.doctrine
#        ^^^^^^^^ source.doctrine entity.name.section.doctrine
#                ^ source.doctrine punctuation.separator.key-value.doctrine
#                 ^ source.doctrine
#                  ^^^^^^^^^^ source.doctrine string.quoted.double.doctrine
>            "Say hello."
#^^^^^^^^^^^^ source.doctrine
#            ^ source.doctrine punctuation.definition.string.begin.doctrine
#             ^^^^^^^^^^ source.doctrine string.quoted.double.doctrine
#                       ^ source.doctrine punctuation.definition.string.end.doctrine
>
>        object: "Object"
#^^^^^^^^ source.doctrine
#        ^^^^^^ source.doctrine entity.name.section.doctrine
#              ^ source.doctrine punctuation.separator.key-value.doctrine
#               ^ source.doctrine
#                ^^^^^^^^ source.doctrine string.quoted.double.doctrine
>            "Say world."
#^^^^^^^^^^^^ source.doctrine
#            ^ source.doctrine punctuation.definition.string.begin.doctrine
#             ^^^^^^^^^^ source.doctrine string.quoted.double.doctrine
#                       ^ source.doctrine punctuation.definition.string.end.doctrine
>
>
># This agent stays abstract because concrete leaf agents inherit from it.
#^^^^^^^^^^^^^^^^^^^^^^^^^^^^^^^^^^^^^^^^^^^^^^^^^^^^^^^^^^^^^^^^^^^^^^^^^ source.doctrine comment.line.number-sign.doctrine
># It adds shared doctrine that imported children can still reuse directly.
#^^^^^^^^^^^^^^^^^^^^^^^^^^^^^^^^^^^^^^^^^^^^^^^^^^^^^^^^^^^^^^^^^^^^^^^^^^ source.doctrine comment.line.number-sign.doctrine
>abstract agent PoliteGreeter[BaseGreeter]:
#^^^^^^^^ source.doctrine keyword.declaration.doctrine
#        ^ source.doctrine
#         ^^^^^ source.doctrine keyword.declaration.doctrine
#              ^ source.doctrine
#               ^^^^^^^^^^^^^ source.doctrine entity.name.type.doctrine
#                            ^ source.doctrine punctuation.section.inheritance.begin.doctrine
#                             ^^^^^^^^^^^ source.doctrine entity.other.inherited-class.doctrine
#                                        ^ source.doctrine punctuation.section.inheritance.end.doctrine
#                                         ^ source.doctrine punctuation.separator.key-value.doctrine
>    role: "You are the polite greeter."
#^^^^ source.doctrine
#    ^^^^ source.doctrine keyword.other.field.doctrine
#        ^ source.doctrine punctuation.separator.key-value.doctrine
#         ^ source.doctrine
#          ^ source.doctrine punctuation.definition.string.begin.doctrine
#           ^^^^^^^^^^^^^^^^^^^^^^^^^^^ source.doctrine string.quoted.double.doctrine
#                                      ^ source.doctrine punctuation.definition.string.end.doctrine
>
>    workflow: "Shared Instructions"
#^^^^ source.doctrine
#    ^^^^^^^^ source.doctrine entity.name.section.doctrine
#            ^ source.doctrine punctuation.separator.key-value.doctrine
#             ^ source.doctrine
#              ^^^^^^^^^^^^^^^^^^^^^ source.doctrine string.quoted.double.doctrine
>        inherit greeting
#^^^^^^^^ source.doctrine
#        ^^^^^^^ source.doctrine keyword.control.doctrine
#               ^ source.doctrine
#                ^^^^^^^^ source.doctrine entity.name.section.reference.doctrine entity.name.section.doctrine support.type.reference.doctrine
>        inherit object
#^^^^^^^^ source.doctrine
#        ^^^^^^^ source.doctrine keyword.control.doctrine
#               ^ source.doctrine
#                ^^^^^^ source.doctrine entity.name.section.reference.doctrine entity.name.section.doctrine support.type.reference.doctrine
>
>        courtesy: "Courtesy"
#^^^^^^^^ source.doctrine
#        ^^^^^^^^ source.doctrine entity.name.section.doctrine
#                ^ source.doctrine punctuation.separator.key-value.doctrine
#                 ^ source.doctrine
#                  ^^^^^^^^^^ source.doctrine string.quoted.double.doctrine
>            "Keep the tone warm and direct."
#^^^^^^^^^^^^ source.doctrine
#            ^ source.doctrine punctuation.definition.string.begin.doctrine
#             ^^^^^^^^^^^^^^^^^^^^^^^^^^^^^^ source.doctrine string.quoted.double.doctrine
#                                           ^ source.doctrine punctuation.definition.string.end.doctrine
>