>workflow BaseGreeting: "Shared Instructions"
#^^^^^^^^ source.pyprompt keyword.declaration.pyprompt
#        ^ source.pyprompt
#         ^^^^^^^^^^^^ source.pyprompt entity.name.type.pyprompt
#                     ^ source.pyprompt punctuation.separator.key-value.pyprompt
#                      ^ source.pyprompt
#                       ^^^^^^^^^^^^^^^^^^^^^ source.pyprompt string.quoted.double.pyprompt
>    "Use the shared greeting below."
#^^^^ source.pyprompt
#    ^^^^^^^^^^^^^^^^^^^^^^^^^^^^^^^^ source.pyprompt string.quoted.double.pyprompt
>
>    greeting: "Greeting"
#^^^^ source.pyprompt
#    ^^^^^^^^ source.pyprompt entity.name.section.pyprompt
#            ^ source.pyprompt punctuation.separator.key-value.pyprompt
#             ^ source.pyprompt
#              ^^^^^^^^^^ source.pyprompt string.quoted.double.pyprompt
>        "Say hello."
#^^^^^^^^ source.pyprompt
#        ^^^^^^^^^^^^ source.pyprompt string.quoted.double.pyprompt
>
>    object: "Object"
#^^^^ source.pyprompt
#    ^^^^^^ source.pyprompt entity.name.section.pyprompt
#          ^ source.pyprompt punctuation.separator.key-value.pyprompt
#           ^ source.pyprompt
#            ^^^^^^^^ source.pyprompt string.quoted.double.pyprompt
>        "Say world."
#^^^^^^^^ source.pyprompt
#        ^^^^^^^^^^^^ source.pyprompt string.quoted.double.pyprompt
>