>enum MetadataPolishMode: "Metadata Polish Mode"
#^^^^ source.doctrine keyword.declaration.doctrine
#    ^ source.doctrine
#     ^^^^^^^^^^^^^^^^^^ source.doctrine entity.name.type.doctrine
#                       ^ source.doctrine punctuation.separator.key-value.doctrine
#                        ^ source.doctrine
#                         ^ source.doctrine punctuation.definition.string.begin.doctrine
#                          ^^^^^^^^^^^^^^^^^^^^ source.doctrine string.quoted.double.doctrine
#                                              ^ source.doctrine punctuation.definition.string.end.doctrine
>    manifest_title: "manifest-title"
#^^^^ source.doctrine
#    ^^^^^^^^^^^^^^ source.doctrine entity.name.section.doctrine
#                  ^ source.doctrine punctuation.separator.key-value.doctrine
#                   ^ source.doctrine
#                    ^^^^^^^^^^^^^^^^ source.doctrine string.quoted.double.doctrine
>    section_summary: "section-summary"
#^^^^ source.doctrine
#    ^^^^^^^^^^^^^^^ source.doctrine entity.name.section.doctrine
#                   ^ source.doctrine punctuation.separator.key-value.doctrine
#                    ^ source.doctrine
#                     ^^^^^^^^^^^^^^^^^ source.doctrine string.quoted.double.doctrine
>
>
>output CoordinationHandoff: "Coordination Handoff"
#^^^^^^ source.doctrine keyword.declaration.doctrine
#      ^ source.doctrine
#       ^^^^^^^^^^^^^^^^^^^ source.doctrine entity.name.type.doctrine
#                          ^ source.doctrine punctuation.separator.key-value.doctrine
#                           ^ source.doctrine
#                            ^ source.doctrine punctuation.definition.string.begin.doctrine
#                             ^^^^^^^^^^^^^^^^^^^^ source.doctrine string.quoted.double.doctrine
#                                                 ^ source.doctrine punctuation.definition.string.end.doctrine
>    target: TurnResponse
#^^^^ source.doctrine
#    ^^^^^^ source.doctrine entity.name.section.doctrine
#          ^ source.doctrine punctuation.separator.key-value.doctrine
#           ^ source.doctrine
#            ^^^^^^^^^^^^ source.doctrine entity.name.type.reference.key-value.doctrine entity.name.type.doctrine support.type.reference.doctrine
>    shape: Comment
#^^^^ source.doctrine
#    ^^^^^ source.doctrine entity.name.section.doctrine
#         ^ source.doctrine punctuation.separator.key-value.doctrine
#          ^ source.doctrine
#           ^^^^^^^ source.doctrine entity.name.type.reference.key-value.doctrine entity.name.type.doctrine support.type.reference.doctrine
>    requirement: Required
#^^^^ source.doctrine
#    ^^^^^^^^^^^ source.doctrine entity.name.section.doctrine
#               ^ source.doctrine punctuation.separator.key-value.doctrine
#                ^ source.doctrine
#                 ^^^^^^^^ source.doctrine entity.name.type.reference.key-value.doctrine entity.name.type.doctrine support.type.reference.doctrine
>
>    current_artifact: "Current Artifact"
#^^^^ source.doctrine
#    ^^^^^^^^^^^^^^^^ source.doctrine entity.name.section.doctrine
#                    ^ source.doctrine punctuation.separator.key-value.doctrine
#                     ^ source.doctrine
#                      ^^^^^^^^^^^^^^^^^^ source.doctrine string.quoted.double.doctrine
>        "Name the one artifact that is current now."
#^^^^^^^^ source.doctrine
#        ^ source.doctrine punctuation.definition.string.begin.doctrine
#         ^^^^^^^^^^^^^^^^^^^^^^^^^^^^^^^^^^^^^^^^^^ source.doctrine string.quoted.double.doctrine
#                                                   ^ source.doctrine punctuation.definition.string.end.doctrine
>
>    trust_surface:
#^^^^ source.doctrine
#    ^^^^^^^^^^^^^ source.doctrine keyword.other.field.doctrine
#                 ^ source.doctrine punctuation.separator.key-value.doctrine
>        current_artifact
#^^^^^^^^ source.doctrine
#        ^^^^^^^^^^^^^^^^ source.doctrine entity.name.type.reference.standalone.doctrine entity.name.type.doctrine support.type.reference.doctrine
>
>
>workflow InvalidCarryCurrentTruth: "Carry Current Truth"
#^^^^^^^^ source.doctrine keyword.declaration.doctrine
#        ^ source.doctrine
#         ^^^^^^^^^^^^^^^^^^^^^^^^ source.doctrine entity.name.type.doctrine
#                                 ^ source.doctrine punctuation.separator.key-value.doctrine
#                                  ^ source.doctrine
#                                   ^ source.doctrine punctuation.definition.string.begin.doctrine
#                                    ^^^^^^^^^^^^^^^^^^^ source.doctrine string.quoted.double.doctrine
#                                                       ^ source.doctrine punctuation.definition.string.end.doctrine
>    law:
#^^^^ source.doctrine
#    ^^^ source.doctrine keyword.other.field.doctrine
#       ^ source.doctrine punctuation.separator.key-value.doctrine
>        current artifact MetadataPolishMode via CoordinationHandoff.current_artifact
#^^^^^^^^ source.doctrine
#        ^^^^^^^ source.doctrine keyword.control.doctrine
#               ^ source.doctrine
#                ^^^^^^^^ source.doctrine keyword.control.doctrine
#                        ^^^^^^^^^^^^^^^^^^^^ source.doctrine
#                                            ^^^ source.doctrine keyword.control.doctrine
#                                               ^^^^^^^^^^^^^^^^^^^^^^^^^^^^^^^^^^^^^^ source.doctrine
>
>
>agent InvalidCurrentTargetWrongKind:
#^^^^^ source.doctrine keyword.declaration.doctrine
#     ^ source.doctrine
#      ^^^^^^^^^^^^^^^^^^^^^^^^^^^^^ source.doctrine entity.name.type.doctrine
#                                   ^ source.doctrine punctuation.separator.key-value.doctrine
>    role: "Trigger a wrong-kind current target."
#^^^^ source.doctrine
#    ^^^^ source.doctrine keyword.other.field.doctrine
#        ^ source.doctrine punctuation.separator.key-value.doctrine
#         ^ source.doctrine
#          ^ source.doctrine punctuation.definition.string.begin.doctrine
#           ^^^^^^^^^^^^^^^^^^^^^^^^^^^^^^^^^^^^ source.doctrine string.quoted.double.doctrine
#                                               ^ source.doctrine punctuation.definition.string.end.doctrine
>    workflow: InvalidCarryCurrentTruth
#^^^^ source.doctrine
#    ^^^^^^^^ source.doctrine entity.name.section.doctrine
#            ^ source.doctrine punctuation.separator.key-value.doctrine
#             ^ source.doctrine
#              ^^^^^^^^^^^^^^^^^^^^^^^^ source.doctrine entity.name.type.reference.key-value.doctrine entity.name.type.doctrine support.type.reference.doctrine
>    outputs: "Outputs"
#^^^^ source.doctrine
#    ^^^^^^^ source.doctrine keyword.other.field.doctrine
#           ^ source.doctrine punctuation.separator.key-value.doctrine
#            ^ source.doctrine
#             ^^^^^^^^^ source.doctrine string.quoted.double.doctrine
>        CoordinationHandoff
#^^^^^^^^ source.doctrine
#        ^^^^^^^^^^^^^^^^^^^ source.doctrine entity.name.type.reference.standalone.doctrine entity.name.type.doctrine support.type.reference.doctrine
>